04-21 10:24:26.859 22519 22537 I Finsky:background: [70] Current account updated in PVS
04-21 10:24:26.861 22519 22540 I Finsky:background: [71] Current account updated in PVS
04-21 10:24:26.862 22380 22423 I Finsky  : [73] Current account updated in PVS
04-21 10:24:26.865 22380 22423 I Finsky  : [73] Current account updated in PVS
04-21 10:24:26.865 22519 22533 I Finsky:background: [67] Current account updated in PVS
04-21 10:24:26.867 22519 22533 I Finsky:background: [67] Current account updated in PVS
04-21 10:24:26.869 22380 22422 I Finsky  : [72] Current account updated in PVS
04-21 10:24:26.869 22519 22537 I Finsky:background: [70] Current account updated in PVS
04-21 10:24:26.869 22519 22540 I Finsky:background: [71] Current account updated in PVS
04-21 10:24:26.869 22519 22540 I Finsky:background: [71] Current account updated in PVS
04-21 10:24:26.870 22380 22380 I Finsky  : [2] Memory trim requested to level 40
04-21 10:24:26.870 22380 22380 I Finsky  : [2] Flushing in-memory image cache
04-21 10:24:26.869 22519 22533 I Finsky:background: [67] Current account updated in PVS
04-21 10:24:26.870 22519 22533 I Finsky:background: [67] Current account updated in PVS
04-21 10:24:26.877  1418  1418 D AllAppsStore: setApps: apps.length=22
04-21 10:24:26.877 22380 22423 I Finsky  : [73] Current account updated in PVS
04-21 10:24:26.877  1418  1418 D AllAppsStore: notifyUpdate: notifying listeners
04-21 10:24:26.877  1418  1418 D AllAppsStore: setApps: apps.length=22
04-21 10:24:26.877  1418  1418 D AllAppsStore: notifyUpdate: notifying listeners
04-21 10:24:26.877  1418  1418 D ActivityAllAppsContainerView: onAppsUpdated; number of apps: 22
04-21 10:24:26.877  1418  1418 D ActivityAllAppsContainerView: rebindAdapters: force: false
04-21 10:24:26.877  1418  1418 D ActivityAllAppsContainerView: rebindAdapters: Not needed.
04-21 10:24:26.877  1418  1418 D StatsLog: LAUNCHER_ALLAPPS_COUNT
04-21 10:24:26.877  1418  1418 D AlphabeticalAppsList: Clearing FastScrollerSections.
04-21 10:24:26.878  1418  1418 D AlphabeticalAppsList: Adding apps with sections. HasPrivateApps: false
04-21 10:24:26.878  1418  1418 D AlphabeticalAppsList: addAppsWithSections: adding sectionName: A with appInfoTitle: Aide Moi
04-21 10:24:26.878  1418  1418 D AlphabeticalAppsList: addAppsWithSections: adding sectionName: C with appInfoTitle: Calendar
04-21 10:24:26.878  1418  1418 D AlphabeticalAppsList: addAppsWithSections: adding sectionName: D with appInfoTitle: Drive
04-21 10:24:26.878  1418  1418 D AlphabeticalAppsList: addAppsWithSections: adding sectionName: F with appInfoTitle: Files
04-21 10:24:26.878  1418  1418 D AlphabeticalAppsList: addAppsWithSections: adding sectionName: G with appInfoTitle: Glasses
04-21 10:24:26.878  1418  1418 D AlphabeticalAppsList: addAppsWithSections: adding sectionName: M with appInfoTitle: Maps
04-21 10:24:26.878  1418  1418 D AlphabeticalAppsList: addAppsWithSections: adding sectionName: N with appInfoTitle: Nexora Mobile
04-21 10:24:26.878  1418  1418 D AlphabeticalAppsList: addAppsWithSections: adding sectionName: P with appInfoTitle: Phone
04-21 10:24:26.878  1418  1418 D AlphabeticalAppsList: addAppsWithSections: adding sectionName: S with appInfoTitle: Safety
04-21 10:24:26.878  1418  1418 D AlphabeticalAppsList: addAppsWithSections: adding sectionName: T with appInfoTitle: TMoble
04-21 10:24:26.878  1418  1418 D AlphabeticalAppsList: addAppsWithSections: adding sectionName: Y with appInfoTitle: YouTube
04-21 10:24:26.878  1418  1418 D AlphabeticalAppsList: Adding FastScrollSection duplicate to scroll to the bottom.
04-21 10:24:26.878  1418  1418 D AlphabeticalAppsList: Clearing FastScrollerSections.
04-21 10:24:26.878  1418  1418 D AlphabeticalAppsList: Adding apps with sections. HasPrivateApps: false
04-21 10:24:26.878  1418  1418 D AlphabeticalAppsList: addAppsWithSections: adding sectionName: A with appInfoTitle: Aide Moi
04-21 10:24:26.878  1418  1418 D AlphabeticalAppsList: addAppsWithSections: adding sectionName: C with appInfoTitle: Calendar
04-21 10:24:26.878  1418  1418 D AlphabeticalAppsList: addAppsWithSections: adding sectionName: D with appInfoTitle: Drive
04-21 10:24:26.878  1418  1418 D AlphabeticalAppsList: addAppsWithSections: adding sectionName: F with appInfoTitle: Files
04-21 10:24:26.878  1418  1418 D AlphabeticalAppsList: addAppsWithSections: adding sectionName: G with appInfoTitle: Glasses
04-21 10:24:26.878  1418  1418 D AlphabeticalAppsList: addAppsWithSections: adding sectionName: M with appInfoTitle: Maps
04-21 10:24:26.878  1418  1418 D AlphabeticalAppsList: addAppsWithSections: adding sectionName: N with appInfoTitle: Nexora Mobile
04-21 10:24:26.878  1418  1418 D AlphabeticalAppsList: addAppsWithSections: adding sectionName: P with appInfoTitle: Phone
04-21 10:24:26.878  1418  1418 D AlphabeticalAppsList: addAppsWithSections: adding sectionName: S with appInfoTitle: Safety
04-21 10:24:26.878  1418  1418 D AlphabeticalAppsList: addAppsWithSections: adding sectionName: T with appInfoTitle: TMoble
04-21 10:24:26.878  1418  1418 D AlphabeticalAppsList: addAppsWithSections: adding sectionName: Y with appInfoTitle: YouTube
04-21 10:24:26.878  1418  1418 D AlphabeticalAppsList: Adding FastScrollSection duplicate to scroll to the bottom.
04-21 10:24:26.878  1418  1418 V BaseDepthController: Applying blur: 0 to Surface(name=VRI-com.google.android.apps.nexuslauncher/com.google.android.apps.nexuslauncher.NexusLauncherActivity#1744)/@0x98b7433 applyImmediately: false
04-21 10:24:26.878  1418  1418 D BaseDepthController: setEarlyWakeup: true
04-21 10:24:26.878  1418  1418 D BaseDepthController: shouldBlurWorkspace: false targetState: Normal currentStableState: Normal mCurrentBlur: 0 mLauncher.getDepthBlurTargets(): [com.android.launcher3.Workspace{3a33f0 V.ED..... ........ 0,0-1344,2992 #7f0a047d app:id/workspace}, com.android.launcher3.Hotseat{3b6d69 V.ED..... ........ 0,2425-1344,2992 #7f0a01f1 app:id/hotseat}]
04-21 10:24:26.881 22519 22533 I Finsky:background: [67] Current account updated in PVS
04-21 10:24:26.882 22380 22422 I Finsky  : [72] Current account updated in PVS
04-21 10:24:26.883 22380 22422 I Finsky  : [72] Current account updated in PVS
04-21 10:24:26.882 22519 22533 I Finsky:background: [67] Current account updated in PVS
04-21 10:24:26.882 22519 22533 I Finsky:background: [67] Current account updated in PVS
04-21 10:24:26.883 22380 22421 I Finsky  : [71] Current account updated in PVS
04-21 10:24:26.883 22380 22424 I Finsky  : [74] Current account updated in PVS
04-21 10:24:26.884 22380 22422 I Finsky  : [72] Current account updated in PVS
04-21 10:24:26.884 22380 22421 I Finsky  : [71] Current account updated in PVS
04-21 10:24:26.885 22380 22421 I Finsky  : [71] Current account updated in PVS
04-21 10:24:26.886   526   577 W skia    : AGTM parsing failed flags.readFromStream(s) at 159
04-21 10:24:26.886   526   577 W skia    : AGTM parsing failed flags.readFromStream(s) at 159
04-21 10:24:26.885 22380 22421 I Finsky  : [71] Current account updated in PVS
04-21 10:24:26.885 22380 22421 I Finsky  : [71] Current account updated in PVS
04-21 10:24:26.885 22380 22421 I Finsky  : [71] Current account updated in PVS
04-21 10:24:26.885 22380 22421 I Finsky  : [71] Current account updated in PVS
04-21 10:24:26.886 22380 22421 I Finsky  : [71] Current account updated in PVS
04-21 10:24:26.886 22380 22421 I Finsky  : [71] Current account updated in PVS
04-21 10:24:26.886 22380 22421 I Finsky  : [71] Current account updated in PVS
04-21 10:24:26.886 22380 22421 I Finsky  : [71] Current account updated in PVS
04-21 10:24:26.886 22380 22421 I Finsky  : [71] Current account updated in PVS
04-21 10:24:26.886 22380 22421 I Finsky  : [71] Current account updated in PVS
04-21 10:24:26.887 22380 22421 I Finsky  : [71] Current account updated in PVS
04-21 10:24:26.887 22380 22421 I Finsky  : [71] Current account updated in PVS
04-21 10:24:26.887 22380 22421 I Finsky  : [71] Current account updated in PVS
04-21 10:24:26.887 22380 22421 I Finsky  : [71] Current account updated in PVS
04-21 10:24:26.887 22380 22421 I Finsky  : [71] Current account updated in PVS
04-21 10:24:26.887 22380 22421 I Finsky  : [71] Current account updated in PVS
04-21 10:24:26.887 22380 22421 I Finsky  : [71] Current account updated in PVS
04-21 10:24:26.887 22380 22421 I Finsky  : [71] Current account updated in PVS
04-21 10:24:26.887 22380 22421 I Finsky  : [71] Current account updated in PVS
04-21 10:24:26.888 22380 22421 I Finsky  : [71] Current account updated in PVS
04-21 10:24:26.888 22380 22421 I Finsky  : [71] Current account updated in PVS
04-21 10:24:26.888 22380 22421 I Finsky  : [71] Current account updated in PVS
04-21 10:24:26.889 22380 22421 I Finsky  : [71] Current account updated in PVS
04-21 10:24:26.890 22380 22421 I Finsky  : [71] Current account updated in PVS
04-21 10:24:26.891 22380 22421 I Finsky  : [71] Current account updated in PVS
04-21 10:24:26.892   663  1097 V SafetySourceDataValidat: Package: com.android.vending has expected signature
04-21 10:24:26.893  1418  1418 D b/387844520: getOutlineOffsetX: measured width = 198, mNormalizedIconSize = 182, last updated width = 198
04-21 10:24:26.894  1418  1418 V BaseDepthController: Applying blur: 0 to Surface(name=VRI-com.google.android.apps.nexuslauncher/com.google.android.apps.nexuslauncher.NexusLauncherActivity#1744)/@0x98b7433 applyImmediately: false
04-21 10:24:26.894  1418  1418 D BaseDepthController: shouldBlurWorkspace: false targetState: Normal currentStableState: Normal mCurrentBlur: 0 mLauncher.getDepthBlurTargets(): [com.android.launcher3.Workspace{3a33f0 V.ED..... ......ID 0,0-1344,2992 #7f0a047d app:id/workspace}, com.android.launcher3.Hotseat{3b6d69 V.ED..... .......D 0,2425-1344,2992 #7f0a01f1 app:id/hotseat}]
04-21 10:24:26.893 22380 22421 I Finsky  : [71] Current account updated in PVS
04-21 10:24:26.895 22380 22422 I Finsky  : [72] Current account updated in PVS
04-21 10:24:26.895 22380 22422 I Finsky  : [72] Current account updated in PVS
04-21 10:24:26.895 22380 22422 I Finsky  : [72] Current account updated in PVS
04-21 10:24:26.895 22380 22421 I Finsky  : [71] Current account updated in PVS
04-21 10:24:26.895 22380 22421 I Finsky  : [71] Current account updated in PVS
04-21 10:24:26.895 22380 22421 I Finsky  : [71] Current account updated in PVS
04-21 10:24:26.895 22380 22421 I Finsky  : [71] Current account updated in PVS
04-21 10:24:26.895 22380 22421 I Finsky  : [71] Current account updated in PVS
04-21 10:24:26.896 22380 22423 I Finsky  : [73] Current account updated in PVS
04-21 10:24:26.896 22380 22423 I Finsky  : [73] Current account updated in PVS
04-21 10:24:26.896 22380 22423 I Finsky  : [73] Current account updated in PVS
04-21 10:24:26.897 22380 22423 I Finsky  : [73] Current account updated in PVS
04-21 10:24:26.897 22380 22423 I Finsky  : [73] Current account updated in PVS
04-21 10:24:26.897 22380 22423 I Finsky  : [73] Current account updated in PVS
04-21 10:24:26.897 22380 22423 I Finsky  : [73] Current account updated in PVS
04-21 10:24:26.897 22380 22423 I Finsky  : [73] Current account updated in PVS
04-21 10:24:26.897 22380 22423 I Finsky  : [73] Current account updated in PVS
04-21 10:24:26.898 22380 22423 I Finsky  : [73] Current account updated in PVS
04-21 10:24:26.898 22380 22424 I Finsky  : [74] Current account updated in PVS
04-21 10:24:26.899 22380 22424 I Finsky  : [74] Current account updated in PVS
04-21 10:24:26.899 22380 22424 I Finsky  : [74] Current account updated in PVS
04-21 10:24:26.899 22380 22424 I Finsky  : [74] Current account updated in PVS
04-21 10:24:26.902  1418  1418 V BaseDepthController: Applying blur: 0 to Surface(name=VRI-com.google.android.apps.nexuslauncher/com.google.android.apps.nexuslauncher.NexusLauncherActivity#1744)/@0x98b7433 applyImmediately: false
04-21 10:24:26.902  1418  1418 D BaseDepthController: shouldBlurWorkspace: false targetState: Normal currentStableState: Normal mCurrentBlur: 0 mLauncher.getDepthBlurTargets(): [com.android.launcher3.Workspace{3a33f0 V.ED..... ........ 0,0-1344,2992 #7f0a047d app:id/workspace}, com.android.launcher3.Hotseat{3b6d69 V.ED..... ........ 0,2425-1344,2992 #7f0a01f1 app:id/hotseat}]
04-21 10:24:26.904 22519 22547 I Finsky:background: [78] IQ:PSL: skipping onPackageRemoved(replacing=true) for untracked package=com.aidemoi.app
04-21 10:24:26.909 22380 22423 I Finsky  : [73] Current account updated in PVS
04-21 10:24:26.918  1830  1830 W MediaProvider: WorkProfileOwnerApps cache is empty
04-21 10:24:26.918  1830  1830 D PickerSyncLockManager: Trying to acquire lock com.android.providers.media.photopicker.sync.CloseableReentrantLock@e1e7938[Unlocked]. Lock Name = CLOUD_PROVIDER_LOCK. Threads that may be waiting to acquire this lock = []
04-21 10:24:26.918  1830  1830 D CloseableReentrantLock: Successfully acquired lock com.android.providers.media.photopicker.sync.CloseableReentrantLock@e1e7938[Locked by thread main]. Lock Name = CLOUD_PROVIDER_LOCK. Threads that may be waiting to acquire this lock = []
04-21 10:24:26.918  1830  1830 D CloseableReentrantLock: Successfully released lock com.android.providers.media.photopicker.sync.CloseableReentrantLock@e1e7938[Unlocked]. Lock Name = CLOUD_PROVIDER_LOCK. Threads that may be waiting to acquire this lock = []
04-21 10:24:26.918  1418  1418 V BaseDepthController: Applying blur: 0 to Surface(name=VRI-com.google.android.apps.nexuslauncher/com.google.android.apps.nexuslauncher.NexusLauncherActivity#1744)/@0x98b7433 applyImmediately: false
04-21 10:24:26.918  1418  1418 D BaseDepthController: shouldBlurWorkspace: false targetState: Normal currentStableState: Normal mCurrentBlur: 0 mLauncher.getDepthBlurTargets(): [com.android.launcher3.Workspace{3a33f0 V.ED..... ........ 0,0-1344,2992 #7f0a047d app:id/workspace}, com.android.launcher3.Hotseat{3b6d69 V.ED..... ........ 0,2425-1344,2992 #7f0a01f1 app:id/hotseat}]
04-21 10:24:26.920 22519 25672 I Finsky:background: [157] Wrote row to frosting DB: 390
04-21 10:24:26.925 22380 22424 I Finsky  : [74] Current account updated in PVS
04-21 10:24:26.926 22380 22423 I Finsky  : [73] Current account updated in PVS
04-21 10:24:26.926 22380 22423 I Finsky  : [73] Current account updated in PVS
04-21 10:24:26.926 22380 22423 I Finsky  : [73] Current account updated in PVS
04-21 10:24:26.926 22380 22423 I Finsky  : [73] Current account updated in PVS
04-21 10:24:26.926 22380 22423 I Finsky  : [73] Current account updated in PVS
04-21 10:24:26.926 22380 22423 I Finsky  : [73] Current account updated in PVS
04-21 10:24:26.926 22380 22423 I Finsky  : [73] Current account updated in PVS
04-21 10:24:26.927 22380 22423 I Finsky  : [73] Current account updated in PVS
04-21 10:24:26.927 22380 22423 I Finsky  : [73] Current account updated in PVS
04-21 10:24:26.927 22380 22423 I Finsky  : [73] Current account updated in PVS
04-21 10:24:26.929 22380 22423 I Finsky  : [73] Current account updated in PVS
04-21 10:24:26.929 22380 22423 I Finsky  : [73] Current account updated in PVS
04-21 10:24:26.929 22380 22423 I Finsky  : [73] Current account updated in PVS
04-21 10:24:26.929 22380 22423 I Finsky  : [73] Current account updated in PVS
04-21 10:24:26.930 22380 22423 I Finsky  : [73] Current account updated in PVS
04-21 10:24:26.930 22380 22423 I Finsky  : [73] Current account updated in PVS
04-21 10:24:26.930 22380 22423 I Finsky  : [73] Current account updated in PVS
04-21 10:24:26.930 22380 22423 I Finsky  : [73] Current account updated in PVS
04-21 10:24:26.931 22380 22422 I Finsky  : [72] Current account updated in PVS
04-21 10:24:26.930 22380 22421 I Finsky  : [71] Current account updated in PVS
04-21 10:24:26.931 22380 22421 I Finsky  : [71] Current account updated in PVS
04-21 10:24:26.931 22380 22421 I Finsky  : [71] Current account updated in PVS
04-21 10:24:26.932 22380 22421 I Finsky  : [71] Current account updated in PVS
04-21 10:24:26.934 22380 22422 I Finsky  : [72] Current account updated in PVS
04-21 10:24:26.933 22380 22421 I Finsky  : [71] Current account updated in PVS
04-21 10:24:26.935 22380 22422 I Finsky  : [72] Current account updated in PVS
04-21 10:24:26.935 22380 22422 I Finsky  : [72] Current account updated in PVS
04-21 10:24:26.935 22380 22422 I Finsky  : [72] Current account updated in PVS
04-21 10:24:26.935 22380 22422 I Finsky  : [72] Current account updated in PVS
04-21 10:24:26.935  1418  1418 V BaseDepthController: Applying blur: 0 to Surface(name=VRI-com.google.android.apps.nexuslauncher/com.google.android.apps.nexuslauncher.NexusLauncherActivity#1744)/@0x98b7433 applyImmediately: false
04-21 10:24:26.935 22380 22422 I Finsky  : [72] Current account updated in PVS
04-21 10:24:26.935 22380 22422 I Finsky  : [72] Current account updated in PVS
04-21 10:24:26.935 22380 22422 I Finsky  : [72] Current account updated in PVS
04-21 10:24:26.935 22380 22422 I Finsky  : [72] Current account updated in PVS
04-21 10:24:26.935  1418  1418 D BaseDepthController: shouldBlurWorkspace: false targetState: Normal currentStableState: Normal mCurrentBlur: 0 mLauncher.getDepthBlurTargets(): [com.android.launcher3.Workspace{3a33f0 V.ED..... ........ 0,0-1344,2992 #7f0a047d app:id/workspace}, com.android.launcher3.Hotseat{3b6d69 V.ED..... ........ 0,2425-1344,2992 #7f0a01f1 app:id/hotseat}]
04-21 10:24:26.935 22519 22519 I Finsky:background: [2] Memory trim requested to level 40
04-21 10:24:26.936 22519 22533 I Finsky:background: [67] Current account updated in PVS
04-21 10:24:26.941 22519 25672 I Finsky:background: [157] Wrote row to frosting DB: 391
04-21 10:24:26.953  1418  1418 V BaseDepthController: Applying blur: 0 to Surface(name=VRI-com.google.android.apps.nexuslauncher/com.google.android.apps.nexuslauncher.NexusLauncherActivity#1744)/@0x98b7433 applyImmediately: false
04-21 10:24:26.953  1418  1418 D BaseDepthController: shouldBlurWorkspace: false targetState: Normal currentStableState: Normal mCurrentBlur: 0 mLauncher.getDepthBlurTargets(): [com.android.launcher3.Workspace{3a33f0 V.ED..... ........ 0,0-1344,2992 #7f0a047d app:id/workspace}, com.android.launcher3.Hotseat{3b6d69 V.ED..... ........ 0,2425-1344,2992 #7f0a01f1 app:id/hotseat}]
04-21 10:24:26.961 22519 25672 I Finsky:background: [157] Wrote row to frosting DB: 392
04-21 10:24:26.968  1418  1418 V BaseDepthController: Applying blur: 0 to Surface(name=VRI-com.google.android.apps.nexuslauncher/com.google.android.apps.nexuslauncher.NexusLauncherActivity#1744)/@0x98b7433 applyImmediately: false
04-21 10:24:26.969  1418  1418 D BaseDepthController: shouldBlurWorkspace: false targetState: Normal currentStableState: Normal mCurrentBlur: 0 mLauncher.getDepthBlurTargets(): [com.android.launcher3.Workspace{3a33f0 V.ED..... ........ 0,0-1344,2992 #7f0a047d app:id/workspace}, com.android.launcher3.Hotseat{3b6d69 V.ED..... ........ 0,2425-1344,2992 #7f0a01f1 app:id/hotseat}]
04-21 10:24:26.985  1112  1126 W System  : A resource failed to call release. 
04-21 10:24:26.985  1112  1126 W System  : A resource failed to call release. 
04-21 10:24:26.985  1112  1126 W System  : A resource failed to call release. 
04-21 10:24:26.985  1418  1418 V BaseDepthController: Applying blur: 0 to Surface(name=VRI-com.google.android.apps.nexuslauncher/com.google.android.apps.nexuslauncher.NexusLauncherActivity#1744)/@0x98b7433 applyImmediately: false
04-21 10:24:26.986  1418  1418 D BaseDepthController: shouldBlurWorkspace: false targetState: Normal currentStableState: Normal mCurrentBlur: 0 mLauncher.getDepthBlurTargets(): [com.android.launcher3.Workspace{3a33f0 V.ED..... ........ 0,0-1344,2992 #7f0a047d app:id/workspace}, com.android.launcher3.Hotseat{3b6d69 V.ED..... ........ 0,2425-1344,2992 #7f0a01f1 app:id/hotseat}]
04-21 10:24:26.992   526   577 W skia    : AGTM parsing failed flags.readFromStream(s) at 159
04-21 10:24:26.992   526   577 W skia    : AGTM parsing failed flags.readFromStream(s) at 159
04-21 10:24:27.003  1418  1418 V BaseDepthController: Applying blur: 0 to Surface(name=VRI-com.google.android.apps.nexuslauncher/com.google.android.apps.nexuslauncher.NexusLauncherActivity#1744)/@0x98b7433 applyImmediately: false
04-21 10:24:27.004  1418  1418 D BaseDepthController: shouldBlurWorkspace: false targetState: Normal currentStableState: Normal mCurrentBlur: 0 mLauncher.getDepthBlurTargets(): [com.android.launcher3.Workspace{3a33f0 V.ED..... ........ 0,0-1344,2992 #7f0a047d app:id/workspace}, com.android.launcher3.Hotseat{3b6d69 V.ED..... ........ 0,2425-1344,2992 #7f0a01f1 app:id/hotseat}]
04-21 10:24:27.003   663   683 D ActivityManager: sync unfroze 16664 com.google.android.gms for 6
04-21 10:24:27.005 16664 16664 D ActivityThread: Package [com.aidemoi.app] reported as REPLACED, but missing application info. Assuming REMOVED.
04-21 10:24:27.007 16664 16664 D ActivityThread: Package [com.aidemoi.app] reported as REPLACED, but missing application info. Assuming REMOVED.
04-21 10:24:27.018  1418  1418 V BaseDepthController: Applying blur: 0 to Surface(name=VRI-com.google.android.apps.nexuslauncher/com.google.android.apps.nexuslauncher.NexusLauncherActivity#1744)/@0x98b7433 applyImmediately: false
04-21 10:24:27.018  1418  1418 D BaseDepthController: shouldBlurWorkspace: false targetState: Normal currentStableState: Normal mCurrentBlur: 0 mLauncher.getDepthBlurTargets(): [com.android.launcher3.Workspace{3a33f0 V.ED..... ........ 0,0-1344,2992 #7f0a047d app:id/workspace}, com.android.launcher3.Hotseat{3b6d69 V.ED..... ........ 0,2425-1344,2992 #7f0a01f1 app:id/hotseat}]
04-21 10:24:27.031 10460 25696 I Fitness : (REDACTED) FitCleanupIntentOperation received Intent %s
04-21 10:24:27.033 10460 25696 I ProximityAuth: [RecentAppsMediator] Package added: (user=UserHandle{0}) com.aidemoi.app
04-21 10:24:27.034 16664 25697 I PackageInstalledIntentO: Test flag v2 is disabled [CONTEXT service_id=469 ]
04-21 10:24:27.036  1418  1418 V BaseDepthController: Applying blur: 0 to Surface(name=VRI-com.google.android.apps.nexuslauncher/com.google.android.apps.nexuslauncher.NexusLauncherActivity#1744)/@0x98b7433 applyImmediately: false
04-21 10:24:27.035 16664 25698 I AppBackupPkgRemovedIO: Backup state cleanup on uninstall is disabled. [CONTEXT service_id=229 ]
04-21 10:24:27.036  1418  1418 D BaseDepthController: shouldBlurWorkspace: false targetState: Normal currentStableState: Normal mCurrentBlur: 0 mLauncher.getDepthBlurTargets(): [com.android.launcher3.Workspace{3a33f0 V.ED..... ........ 0,0-1344,2992 #7f0a047d app:id/workspace}, com.android.launcher3.Hotseat{3b6d69 V.ED..... ........ 0,2425-1344,2992 #7f0a01f1 app:id/hotseat}]
04-21 10:24:27.044 10460 25691 I FontLog : (REDACTED) Package %s has no metadata
04-21 10:24:27.050  1418  1418 V BaseDepthController: Applying blur: 0 to Surface(name=VRI-com.google.android.apps.nexuslauncher/com.google.android.apps.nexuslauncher.NexusLauncherActivity#1744)/@0x98b7433 applyImmediately: false
04-21 10:24:27.051  1418  1418 D BaseDepthController: shouldBlurWorkspace: false targetState: Normal currentStableState: Normal mCurrentBlur: 0 mLauncher.getDepthBlurTargets(): [com.android.launcher3.Workspace{3a33f0 V.ED..... ........ 0,0-1344,2992 #7f0a047d app:id/workspace}, com.android.launcher3.Hotseat{3b6d69 V.ED..... ........ 0,2425-1344,2992 #7f0a01f1 app:id/hotseat}]
04-21 10:24:27.068  1418  1418 V BaseDepthController: Applying blur: 0 to Surface(name=VRI-com.google.android.apps.nexuslauncher/com.google.android.apps.nexuslauncher.NexusLauncherActivity#1744)/@0x98b7433 applyImmediately: false
04-21 10:24:27.068  1418  1418 D BaseDepthController: shouldBlurWorkspace: false targetState: Normal currentStableState: Normal mCurrentBlur: 0 mLauncher.getDepthBlurTargets(): [com.android.launcher3.Workspace{3a33f0 V.ED..... ........ 0,0-1344,2992 #7f0a047d app:id/workspace}, com.android.launcher3.Hotseat{3b6d69 V.ED..... ........ 0,2425-1344,2992 #7f0a01f1 app:id/hotseat}]
04-21 10:24:27.078 16664 25707 I Auth    : (REDACTED) [SupervisedAccountIntentOperation] onHandleIntent: %s
04-21 10:24:27.079 16664 25700 I PackageInstalledIntentO: Test flag v2 is disabled [CONTEXT service_id=469 ]
04-21 10:24:27.080 16664 25707 I NearbyDiscovery: (REDACTED) processGrantSlicePermission: %s
04-21 10:24:27.085  1418  1418 V BaseDepthController: Applying blur: 0 to Surface(name=VRI-com.google.android.apps.nexuslauncher/com.google.android.apps.nexuslauncher.NexusLauncherActivity#1744)/@0x98b7433 applyImmediately: false
04-21 10:24:27.085  1418  1418 D BaseDepthController: shouldBlurWorkspace: false targetState: Normal currentStableState: Normal mCurrentBlur: 0 mLauncher.getDepthBlurTargets(): [com.android.launcher3.Workspace{3a33f0 V.ED..... ........ 0,0-1344,2992 #7f0a047d app:id/workspace}, com.android.launcher3.Hotseat{3b6d69 V.ED..... ........ 0,2425-1344,2992 #7f0a01f1 app:id/hotseat}]
04-21 10:24:27.091 16664 25695 W SQLiteLog: (28) double-quoted string literal: "com.aidemoi.app"
04-21 10:24:27.098   526   577 W skia    : AGTM parsing failed flags.readFromStream(s) at 159
04-21 10:24:27.098   526   577 W skia    : AGTM parsing failed flags.readFromStream(s) at 159
04-21 10:24:27.101  1418  1418 V BaseDepthController: Applying blur: 0 to Surface(name=VRI-com.google.android.apps.nexuslauncher/com.google.android.apps.nexuslauncher.NexusLauncherActivity#1744)/@0x98b7433 applyImmediately: false
04-21 10:24:27.101  1418  1418 D BaseDepthController: shouldBlurWorkspace: false targetState: Normal currentStableState: Normal mCurrentBlur: 0 mLauncher.getDepthBlurTargets(): [com.android.launcher3.Workspace{3a33f0 V.ED..... ........ 0,0-1344,2992 #7f0a047d app:id/workspace}, com.android.launcher3.Hotseat{3b6d69 V.ED..... ........ 0,2425-1344,2992 #7f0a01f1 app:id/hotseat}]
04-21 10:24:27.118  1418  1418 V BaseDepthController: Applying blur: 0 to Surface(name=VRI-com.google.android.apps.nexuslauncher/com.google.android.apps.nexuslauncher.NexusLauncherActivity#1744)/@0x98b7433 applyImmediately: false
04-21 10:24:27.118  1418  1418 D BaseDepthController: shouldBlurWorkspace: false targetState: Normal currentStableState: Normal mCurrentBlur: 0 mLauncher.getDepthBlurTargets(): [com.android.launcher3.Workspace{3a33f0 V.ED..... ........ 0,0-1344,2992 #7f0a047d app:id/workspace}, com.android.launcher3.Hotseat{3b6d69 V.ED..... ........ 0,2425-1344,2992 #7f0a01f1 app:id/hotseat}]
04-21 10:24:27.135  1418  1418 V BaseDepthController: Applying blur: 0 to Surface(name=VRI-com.google.android.apps.nexuslauncher/com.google.android.apps.nexuslauncher.NexusLauncherActivity#1744)/@0x98b7433 applyImmediately: false
04-21 10:24:27.135  1418  1418 D BaseDepthController: shouldBlurWorkspace: false targetState: Normal currentStableState: Normal mCurrentBlur: 0 mLauncher.getDepthBlurTargets(): [com.android.launcher3.Workspace{3a33f0 V.ED..... ........ 0,0-1344,2992 #7f0a047d app:id/workspace}, com.android.launcher3.Hotseat{3b6d69 V.ED..... ........ 0,2425-1344,2992 #7f0a01f1 app:id/hotseat}]
04-21 10:24:27.150   663   679 I system_server: Background concurrent mark compact GC freed 37MB AllocSpace bytes, 36(1280KB) LOS objects, 39% free, 36MB/60MB, paused 1.854ms,48.344ms total 674.609ms
04-21 10:24:27.157  1418  1418 V BaseDepthController: Applying blur: 0 to Surface(name=VRI-com.google.android.apps.nexuslauncher/com.google.android.apps.nexuslauncher.NexusLauncherActivity#1744)/@0x98b7433 applyImmediately: false
04-21 10:24:27.157  1418  1418 D BaseDepthController: shouldBlurWorkspace: false targetState: Normal currentStableState: Normal mCurrentBlur: 0 mLauncher.getDepthBlurTargets(): [com.android.launcher3.Workspace{3a33f0 V.ED..... ........ 0,0-1344,2992 #7f0a047d app:id/workspace}, com.android.launcher3.Hotseat{3b6d69 V.ED..... ........ 0,2425-1344,2992 #7f0a01f1 app:id/hotseat}]
04-21 10:24:27.159  4141  4141 I AiAiTextClassifier: onDestroyTextClassificationSession = TextClassificationSessionId {ca5918fe-f129-4d55-b421-0ffaa329fc74}
04-21 10:24:27.161   663   683 W ActivityManager: Skipping manifest association check for null package. SourceUid: 10220, SourcePkg: null, TargetUid: 10220, TargetPkg: com.google.android.gms
04-21 10:24:27.165   663   681 W System  : A resource failed to call close. 
04-21 10:24:27.166   663   681 W System  : A resource failed to call close. 
04-21 10:24:27.173  1418  1418 V BaseDepthController: Applying blur: 0 to Surface(name=VRI-com.google.android.apps.nexuslauncher/com.google.android.apps.nexuslauncher.NexusLauncherActivity#1744)/@0x98b7433 applyImmediately: false
04-21 10:24:27.173  1418  1418 D BaseDepthController: shouldBlurWorkspace: false targetState: Normal currentStableState: Normal mCurrentBlur: 0 mLauncher.getDepthBlurTargets(): [com.android.launcher3.Workspace{3a33f0 V.ED..... ........ 0,0-1344,2992 #7f0a047d app:id/workspace}, com.android.launcher3.Hotseat{3b6d69 V.ED..... ........ 0,2425-1344,2992 #7f0a01f1 app:id/hotseat}]
04-21 10:24:27.187  1418  1418 V BaseDepthController: Applying blur: 0 to Surface(name=VRI-com.google.android.apps.nexuslauncher/com.google.android.apps.nexuslauncher.NexusLauncherActivity#1744)/@0x98b7433 applyImmediately: false
04-21 10:24:27.187  1418  1418 D BaseDepthController: shouldBlurWorkspace: false targetState: Normal currentStableState: Normal mCurrentBlur: 0 mLauncher.getDepthBlurTargets(): [com.android.launcher3.Workspace{3a33f0 V.ED..... ........ 0,0-1344,2992 #7f0a047d app:id/workspace}, com.android.launcher3.Hotseat{3b6d69 V.ED..... ........ 0,2425-1344,2992 #7f0a01f1 app:id/hotseat}]
04-21 10:24:27.194   663  1476 W ActivityManager: Skipping manifest association check for null package. SourceUid: 10220, SourcePkg: null, TargetUid: 10220, TargetPkg: com.google.android.gms
04-21 10:24:27.197 16664 16664 D BoundBrokerSvc: onBind: Intent { act=com.google.android.gms.feedback.internal.IFeedbackService dat=chimera-action:/... xflg=0x4 cmp=com.google.android.gms/.chimera.GmsBoundBrokerService }
04-21 10:24:27.197 16664 16664 D BoundBrokerSvc: Loading bound service for intent: Intent { act=com.google.android.gms.feedback.internal.IFeedbackService dat=chimera-action:/... xflg=0x4 cmp=com.google.android.gms/.chimera.GmsBoundBrokerService }
04-21 10:24:27.204  1418  1418 V BaseDepthController: Applying blur: 0 to Surface(name=VRI-com.google.android.apps.nexuslauncher/com.google.android.apps.nexuslauncher.NexusLauncherActivity#1744)/@0x98b7433 applyImmediately: false
04-21 10:24:27.204  1418  1418 D BaseDepthController: shouldBlurWorkspace: false targetState: Normal currentStableState: Normal mCurrentBlur: 0 mLauncher.getDepthBlurTargets(): [com.android.launcher3.Workspace{3a33f0 V.ED..... ........ 0,0-1344,2992 #7f0a047d app:id/workspace}, com.android.launcher3.Hotseat{3b6d69 V.ED..... ........ 0,2425-1344,2992 #7f0a01f1 app:id/hotseat}]
04-21 10:24:27.207   526   577 W skia    : AGTM parsing failed flags.readFromStream(s) at 159
04-21 10:24:27.207   526   577 W skia    : AGTM parsing failed flags.readFromStream(s) at 159
04-21 10:24:27.218  1418  1418 V BaseDepthController: Applying blur: 0 to Surface(name=VRI-com.google.android.apps.nexuslauncher/com.google.android.apps.nexuslauncher.NexusLauncherActivity#1744)/@0x98b7433 applyImmediately: false
04-21 10:24:27.219  1418  1418 D BaseDepthController: shouldBlurWorkspace: false targetState: Normal currentStableState: Normal mCurrentBlur: 0 mLauncher.getDepthBlurTargets(): [com.android.launcher3.Workspace{3a33f0 V.ED..... ........ 0,0-1344,2992 #7f0a047d app:id/workspace}, com.android.launcher3.Hotseat{3b6d69 V.ED..... ........ 0,2425-1344,2992 #7f0a01f1 app:id/hotseat}]
04-21 10:24:27.236  1418  1418 V BaseDepthController: Applying blur: 0 to Surface(name=VRI-com.google.android.apps.nexuslauncher/com.google.android.apps.nexuslauncher.NexusLauncherActivity#1744)/@0x98b7433 applyImmediately: false
04-21 10:24:27.237  1418  1418 D BaseDepthController: shouldBlurWorkspace: false targetState: Normal currentStableState: Normal mCurrentBlur: 0 mLauncher.getDepthBlurTargets(): [com.android.launcher3.Workspace{3a33f0 V.ED..... ........ 0,0-1344,2992 #7f0a047d app:id/workspace}, com.android.launcher3.Hotseat{3b6d69 V.ED..... ........ 0,2425-1344,2992 #7f0a01f1 app:id/hotseat}]
04-21 10:24:27.239   663  1407 W ActivityManager: Skipping manifest association check for null package. SourceUid: 10220, SourcePkg: null, TargetUid: 10220, TargetPkg: com.google.android.gms
04-21 10:24:27.251  1418  1418 V BaseDepthController: Applying blur: 0 to Surface(name=VRI-com.google.android.apps.nexuslauncher/com.google.android.apps.nexuslauncher.NexusLauncherActivity#1744)/@0x98b7433 applyImmediately: false
04-21 10:24:27.251  1418  1418 D BaseDepthController: shouldBlurWorkspace: false targetState: Normal currentStableState: Normal mCurrentBlur: 0 mLauncher.getDepthBlurTargets(): [com.android.launcher3.Workspace{3a33f0 V.ED..... ........ 0,0-1344,2992 #7f0a047d app:id/workspace}, com.android.launcher3.Hotseat{3b6d69 V.ED..... ........ 0,2425-1344,2992 #7f0a01f1 app:id/hotseat}]
04-21 10:24:27.268  1418  1418 V BaseDepthController: Applying blur: 0 to Surface(name=VRI-com.google.android.apps.nexuslauncher/com.google.android.apps.nexuslauncher.NexusLauncherActivity#1744)/@0x98b7433 applyImmediately: false
04-21 10:24:27.268  1418  1418 D BaseDepthController: shouldBlurWorkspace: false targetState: Normal currentStableState: Normal mCurrentBlur: 0 mLauncher.getDepthBlurTargets(): [com.android.launcher3.Workspace{3a33f0 V.ED..... ........ 0,0-1344,2992 #7f0a047d app:id/workspace}, com.android.launcher3.Hotseat{3b6d69 V.ED..... ........ 0,2425-1344,2992 #7f0a01f1 app:id/hotseat}]
04-21 10:24:27.301  1418  1418 V BaseDepthController: Applying blur: 0 to Surface(name=VRI-com.google.android.apps.nexuslauncher/com.google.android.apps.nexuslauncher.NexusLauncherActivity#1744)/@0x98b7433 applyImmediately: false
04-21 10:24:27.302  1418  1418 D BaseDepthController: shouldBlurWorkspace: false targetState: Normal currentStableState: Normal mCurrentBlur: 0 mLauncher.getDepthBlurTargets(): [com.android.launcher3.Workspace{3a33f0 V.ED..... ........ 0,0-1344,2992 #7f0a047d app:id/workspace}, com.android.launcher3.Hotseat{3b6d69 V.ED..... ........ 0,2425-1344,2992 #7f0a01f1 app:id/hotseat}]
04-21 10:24:27.307   526   577 W skia    : AGTM parsing failed flags.readFromStream(s) at 159
04-21 10:24:27.307   526   577 W skia    : AGTM parsing failed flags.readFromStream(s) at 159
04-21 10:24:27.317  1418  1418 V BaseDepthController: Applying blur: 0 to Surface(name=VRI-com.google.android.apps.nexuslauncher/com.google.android.apps.nexuslauncher.NexusLauncherActivity#1744)/@0x98b7433 applyImmediately: false
04-21 10:24:27.317  1418  1418 D BaseDepthController: shouldBlurWorkspace: false targetState: Normal currentStableState: Normal mCurrentBlur: 0 mLauncher.getDepthBlurTargets(): [com.android.launcher3.Workspace{3a33f0 V.ED..... ........ 0,0-1344,2992 #7f0a047d app:id/workspace}, com.android.launcher3.Hotseat{3b6d69 V.ED..... ........ 0,2425-1344,2992 #7f0a01f1 app:id/hotseat}]
04-21 10:24:27.351  1418  1418 V BaseDepthController: Applying blur: 0 to Surface(name=VRI-com.google.android.apps.nexuslauncher/com.google.android.apps.nexuslauncher.NexusLauncherActivity#1744)/@0x98b7433 applyImmediately: false
04-21 10:24:27.351  1418  1418 D BaseDepthController: shouldBlurWorkspace: false targetState: Normal currentStableState: Normal mCurrentBlur: 0 mLauncher.getDepthBlurTargets(): [com.android.launcher3.Workspace{3a33f0 V.ED..... ........ 0,0-1344,2992 #7f0a047d app:id/workspace}, com.android.launcher3.Hotseat{3b6d69 V.ED..... ........ 0,2425-1344,2992 #7f0a01f1 app:id/hotseat}]
04-21 10:24:27.384  1418  1418 V BaseDepthController: Applying blur: 0 to Surface(name=VRI-com.google.android.apps.nexuslauncher/com.google.android.apps.nexuslauncher.NexusLauncherActivity#1744)/@0x98b7433 applyImmediately: false
04-21 10:24:27.384  1418  1418 D BaseDepthController: shouldBlurWorkspace: false targetState: Normal currentStableState: Normal mCurrentBlur: 0 mLauncher.getDepthBlurTargets(): [com.android.launcher3.Workspace{3a33f0 V.ED..... ........ 0,0-1344,2992 #7f0a047d app:id/workspace}, com.android.launcher3.Hotseat{3b6d69 V.ED..... ........ 0,2425-1344,2992 #7f0a01f1 app:id/hotseat}]
04-21 10:24:27.407   526   577 W skia    : AGTM parsing failed flags.readFromStream(s) at 159
04-21 10:24:27.407   526   577 W skia    : AGTM parsing failed flags.readFromStream(s) at 159
04-21 10:24:27.424   663  1918 E AppOps  : attributionTag VCN not declared in manifest of android
04-21 10:24:27.437  1418  1418 V BaseDepthController: Applying blur: 0 to Surface(name=VRI-com.google.android.apps.nexuslauncher/com.google.android.apps.nexuslauncher.NexusLauncherActivity#1744)/@0x98b7433 applyImmediately: false
04-21 10:24:27.437  1418  1418 D BaseDepthController: shouldBlurWorkspace: false targetState: Normal currentStableState: Normal mCurrentBlur: 0 mLauncher.getDepthBlurTargets(): [com.android.launcher3.Workspace{3a33f0 V.ED..... ........ 0,0-1344,2992 #7f0a047d app:id/workspace}, com.android.launcher3.Hotseat{3b6d69 V.ED..... ........ 0,2425-1344,2992 #7f0a01f1 app:id/hotseat}]
04-21 10:24:27.501  1418  1418 V BaseDepthController: Applying blur: 0 to Surface(name=VRI-com.google.android.apps.nexuslauncher/com.google.android.apps.nexuslauncher.NexusLauncherActivity#1744)/@0x98b7433 applyImmediately: false
04-21 10:24:27.501  1418  1418 D BaseDepthController: setEarlyWakeup: false
04-21 10:24:27.501  1418  1418 D BaseDepthController: shouldBlurWorkspace: false targetState: Normal currentStableState: Normal mCurrentBlur: 0 mLauncher.getDepthBlurTargets(): [com.android.launcher3.Workspace{3a33f0 V.ED..... ........ 0,0-1344,2992 #7f0a047d app:id/workspace}, com.android.launcher3.Hotseat{3b6d69 V.ED..... ........ 0,2425-1344,2992 #7f0a01f1 app:id/hotseat}]
04-21 10:24:27.509   526   577 W skia    : AGTM parsing failed flags.readFromStream(s) at 159
04-21 10:24:27.509   526   577 W skia    : AGTM parsing failed flags.readFromStream(s) at 159
04-21 10:24:27.609   526   577 W skia    : AGTM parsing failed flags.readFromStream(s) at 159
04-21 10:24:27.609   526   577 W skia    : AGTM parsing failed flags.readFromStream(s) at 159
04-21 10:24:27.668  1418  1418 D ScalingWorkspaceRevealAnim: onAnimationEnd, workspace and hotseat are visible
04-21 10:24:27.668  1418  1418 V BaseDepthController: Applying blur: 0 to Surface(name=VRI-com.google.android.apps.nexuslauncher/com.google.android.apps.nexuslauncher.NexusLauncherActivity#1744)/@0x98b7433 applyImmediately: false
04-21 10:24:27.669  1418  1418 D BaseDepthController: shouldBlurWorkspace: false targetState: Normal currentStableState: Normal mCurrentBlur: 0 mLauncher.getDepthBlurTargets(): [com.android.launcher3.Workspace{3a33f0 V.ED..... ......ID 0,0-1344,2992 #7f0a047d app:id/workspace}, com.android.launcher3.Hotseat{3b6d69 V.ED..... ......ID 0,2425-1344,2992 #7f0a01f1 app:id/hotseat}]
04-21 10:24:27.670  1112  1415 V WindowManagerShell: Received remote transition finished callback for (#192)
04-21 10:24:27.671  1112  1157 V WindowManagerShell: Transition animation finished (aborted=false), notifying core (#192) android.os.BinderProxy@329d639@0
04-21 10:24:27.673   663   688 V WindowManager: Finish Transition (#192): created at 04-21 10:24:26.390 collect-started=0.048ms request-sent=0.237ms started=14.364ms ready=22.71ms sent=221.135ms commit=58.432ms finished=1281.814ms
04-21 10:24:27.676  1112  1157 V WindowManagerShell: Track 0 became idle
04-21 10:24:27.676  1112  1157 V WindowManagerShell: All active transition animations finished
04-21 10:24:27.676  1418  1418 D RecentsView: onTaskRemoved: 26, not handling task stack changes
04-21 10:24:27.677  1418  1418 D RecentsView: onTaskRemoved: 26, not handling task stack changes
04-21 10:24:27.677  1112  1157 V RecentTasksController: generateList(getRecentTasks)
04-21 10:24:27.677  1112  1157 V RecentTasksController: initializeDesksMap - allDeskIds: []
04-21 10:24:27.677  1112  1157 V RecentTasksController: Task 26 is not an active desktop task
04-21 10:24:27.677  1112  1157 V RecentTasksController: Added fullscreen task: 26
04-21 10:24:27.677  1112  1157 V RecentTasksController: Task 19 is not an active desktop task
04-21 10:24:27.677  1112  1157 V RecentTasksController: Added fullscreen task: 19
04-21 10:24:27.677  1112  1157 V RecentTasksController: generateList - complete
04-21 10:24:27.681   663  1407 W WindowManager: takeTaskSnapshot: taskId=26 not found or not visible
04-21 10:24:27.687   526   526 E BpTransactionCompletedListener: Failed to transact (-32)
04-21 10:24:27.698   663  1044 I AdbWifiNetworkMonitor: Wi-Fi network available
04-21 10:24:27.698   663  1044 I AdbWifiNetworkMonitor: Received the same Wi-Fi SSID. Ignoring.
04-21 10:24:27.702   663  1013 I HalDevMgr: bestIfaceCreationProposal is null, requestIface=STA, existingIface=[name=wlan0 type=STA]
04-21 10:24:27.707   663  1021 W libbinder.IPCThreadState: Sending oneway calls to frozen process.
04-21 10:24:27.708   663  1021 W libbinder.IPCThreadState: Sending oneway calls to frozen process.
04-21 10:24:27.709   663  1021 W libbinder.IPCThreadState: Sending oneway calls to frozen process.
04-21 10:24:27.712 10460 22218 I NullBinder: NullBinder for android.net.action.RECOMMEND_NETWORKS triggering remote TransactionTooLargeException due to Service without Chimera impl, calling uid: 1000, calling pid: 0
04-21 10:24:27.712 10460 22218 W libbinder.Binder: Large reply transaction of 1056768 bytes, interface descriptor , function: UNKNOWN_FUNCTION_NAME, code: 1, flags: 17
04-21 10:24:27.711   526   577 W skia    : AGTM parsing failed flags.readFromStream(s) at 159
04-21 10:24:27.711   526   577 W skia    : AGTM parsing failed flags.readFromStream(s) at 159
04-21 10:24:27.766 22380 22422 I Finsky  : [72] Current account updated in PVS
04-21 10:24:27.767 22380 22424 I Finsky  : [74] Current account updated in PVS
04-21 10:24:27.767 22380 22422 I Finsky  : [72] Current account updated in PVS
04-21 10:24:27.768 22380 22421 I Finsky  : [71] Current account updated in PVS
04-21 10:24:27.770 22380 22421 I Finsky  : [71] Current account updated in PVS
04-21 10:24:27.770 22380 22423 I Finsky  : [73] WM::SCH: Logging work initialize for 12-1
04-21 10:24:27.771 22380 22421 I Finsky  : [71] Current account updated in PVS
04-21 10:24:27.771 22380 22421 I Finsky  : [71] Current account updated in PVS
04-21 10:24:27.774 22380 22422 I Finsky  : [72] Current account updated in PVS
04-21 10:24:27.775 22380 22421 I Finsky  : [71] Current account updated in PVS
04-21 10:24:27.777 22380 22424 I Finsky  : [74] Current account updated in PVS
04-21 10:24:27.777 22380 22423 I Finsky  : [73] WM::SCH: Logging work initialize for 12-1
04-21 10:24:27.777 22380 22422 I Finsky  : [72] Current account updated in PVS
04-21 10:24:27.778 22380 22422 I Finsky  : [72] Current account updated in PVS
04-21 10:24:27.785 22380 22424 I Finsky  : [74] Current account updated in PVS
04-21 10:24:27.786 22380 22434 I Finsky  : [80] SCH: Scheduling phonesky job Id: 12-1, CT: 1776767066738, Constraints: [{ L: 15000, D: 86400000, C: CHARGING_NONE, I: IDLE_NONE, N: NET_ANY, B: BATTERY_ANY }]
04-21 10:24:27.788 22380 22421 I Finsky  : [71] Current account updated in PVS
04-21 10:24:27.792 22380 22437 I Finsky  : [83] SCH: Scheduling 1 system job(s)
04-21 10:24:27.793 22380 22437 I Finsky  : [83] SCH: Scheduling system job Id: 9727, L: 13946, D: 71739746, C: false, I: false, N: 1
04-21 10:24:27.800 22380 22421 I Finsky  : [71] [ContentSync] finished, scheduled=true
04-21 10:24:27.800 22380 22434 I Finsky  : [80] SCH: Scheduling phonesky job Id: 12-1, CT: 1776767066693, Constraints: [{ L: 15000, D: 86400000, C: CHARGING_NONE, I: IDLE_NONE, N: NET_ANY, B: BATTERY_ANY }]
04-21 10:24:27.806 22380 22424 I Finsky  : [74] Current account updated in PVS
04-21 10:24:27.807 22380 22431 I Finsky  : [78] SCH: Scheduling 1 system job(s)
04-21 10:24:27.807 22380 22431 I Finsky  : [78] SCH: Scheduling system job Id: 9727, L: 13886, D: 71739731, C: false, I: false, N: 1
04-21 10:24:27.812   526   577 W skia    : AGTM parsing failed flags.readFromStream(s) at 159
04-21 10:24:27.812   526   577 W skia    : AGTM parsing failed flags.readFromStream(s) at 159
04-21 10:24:27.815 22380 22423 I Finsky  : [73] [ContentSync] finished, scheduled=true
04-21 10:24:27.816 22380 22422 I Finsky  : [72] Current account updated in PVS
04-21 10:24:27.913   526   577 W skia    : AGTM parsing failed flags.readFromStream(s) at 159
04-21 10:24:27.913   526   577 W skia    : AGTM parsing failed flags.readFromStream(s) at 159
04-21 10:24:28.021   526   577 W skia    : AGTM parsing failed flags.readFromStream(s) at 159
04-21 10:24:28.021   526   577 W skia    : AGTM parsing failed flags.readFromStream(s) at 159
04-21 10:24:28.121   526   577 W skia    : AGTM parsing failed flags.readFromStream(s) at 159
04-21 10:24:28.121   526   577 W skia    : AGTM parsing failed flags.readFromStream(s) at 159
04-21 10:24:28.781  1351  1351 I wpa_supplicant: wlan0: CTRL-EVENT-BEACON-LOSS 
04-21 10:24:30.680   663  3668 E TaskPersister: File error accessing recents directory (directory doesn't exist?).
04-21 10:24:30.708   663  1013 I HalDevMgr: bestIfaceCreationProposal is null, requestIface=STA, existingIface=[name=wlan0 type=STA]
04-21 10:24:30.709   663  1044 I AdbWifiNetworkMonitor: Wi-Fi network available
04-21 10:24:30.709   663  1044 I AdbWifiNetworkMonitor: Received the same Wi-Fi SSID. Ignoring.
04-21 10:24:30.712 10460 10555 I NullBinder: NullBinder for android.net.action.RECOMMEND_NETWORKS triggering remote TransactionTooLargeException due to Service without Chimera impl, calling uid: 1000, calling pid: 0
04-21 10:24:30.712 10460 10555 W libbinder.Binder: Large reply transaction of 1056768 bytes, interface descriptor , function: UNKNOWN_FUNCTION_NAME, code: 1, flags: 17
04-21 10:24:30.713   663  1021 W libbinder.IPCThreadState: Sending oneway calls to frozen process.
04-21 10:24:30.713   663  1021 W libbinder.IPCThreadState: Sending oneway calls to frozen process.
04-21 10:24:30.713   663  1021 W libbinder.IPCThreadState: Sending oneway calls to frozen process.
04-21 10:24:30.714  1207  1383 D IpClient/wlan0: interfaceLinkStateChanged: ifindex 16 up
04-21 10:24:30.721  1207  1383 D IpClient/wlan0: interfaceLinkStateChanged: ifindex 16 up
04-21 10:24:33.714   663  1044 I AdbWifiNetworkMonitor: Wi-Fi network available
04-21 10:24:33.714   663  1044 I AdbWifiNetworkMonitor: Received the same Wi-Fi SSID. Ignoring.
04-21 10:24:33.714   663  1013 I HalDevMgr: bestIfaceCreationProposal is null, requestIface=STA, existingIface=[name=wlan0 type=STA]
04-21 10:24:33.719   663  1021 W libbinder.IPCThreadState: Sending oneway calls to frozen process.
04-21 10:24:33.720 10460 10555 I NullBinder: NullBinder for android.net.action.RECOMMEND_NETWORKS triggering remote TransactionTooLargeException due to Service without Chimera impl, calling uid: 1000, calling pid: 0
04-21 10:24:33.720 10460 10555 W libbinder.Binder: Large reply transaction of 1056768 bytes, interface descriptor , function: UNKNOWN_FUNCTION_NAME, code: 1, flags: 17
04-21 10:24:33.720   663  1021 W libbinder.IPCThreadState: Sending oneway calls to frozen process.
04-21 10:24:33.720   663  1021 W libbinder.IPCThreadState: Sending oneway calls to frozen process.
04-21 10:24:33.867  1267  1391 D SatelliteController: isInCarrierRoamingNbIotNtn: satellite is disabled
04-21 10:24:33.867  1267  1391 D SatelliteController: getCarrierRoamingNtnConnectType: Checking connect type from PLMN config for subId: 1
04-21 10:24:33.868  1267  1391 D SatelliteController: getSatellitePerPlmnConfiguration: invalid subId or not supported via carrier.
04-21 10:24:33.868  1267  1391 D SatelliteController: getCarrierRoamingNtnConnectType: config: null
04-21 10:24:33.868  1267  1391 D SatelliteController: getCarrierRoamingNtnConnectType: Falling back to global carrier config connect type: 0
04-21 10:24:33.869  1267  1391 D SatelliteController: updateLastNotifiedCarrierRoamingNtnSignalStrengthAndNotify(1)
04-21 10:24:33.869  1267  1391 D SatelliteController: updateLastNotifiedCarrierRoamingNtnSignalStrengthAndNotify(1) lastNotifiedSignalStrength level: 0
04-21 10:24:33.869  1267  1391 D SatelliteController: updateLastNotifiedCarrierRoamingNtnSignalStrengthAndNotify(1) currSignalStrength level: 0
04-21 10:24:34.474   809   825 I artd    : GetBestInfo: odex next to the dex file (/data/app/~~MCflSeRUP4JJ58H5jbE3FQ==/com.google.android.gms-mwfTdE9JFJYczWvAS_zFKg==/oat/x86_64/base.odex) is kOatUpToDate with filter 'speed-profile' executable 'false'
04-21 10:24:34.476   809   825 I artd    : GetBestInfo: dm (/data/app/~~MCflSeRUP4JJ58H5jbE3FQ==/com.google.android.gms-mwfTdE9JFJYczWvAS_zFKg==/split_AdsDynamite_installtime.dm) is kOatUpToDate with filter 'verify' executable 'false'
04-21 10:24:34.478   809   825 I artd    : GetBestInfo: dm (/data/app/~~MCflSeRUP4JJ58H5jbE3FQ==/com.google.android.gms-mwfTdE9JFJYczWvAS_zFKg==/split_CronetDynamite_installtime.dm) is kOatUpToDate with filter 'verify' executable 'false'
04-21 10:24:34.479   809   820 I artd    : GetBestInfo: dm (/data/app/~~MCflSeRUP4JJ58H5jbE3FQ==/com.google.android.gms-mwfTdE9JFJYczWvAS_zFKg==/split_DynamiteLoader_installtime.dm) is kOatUpToDate with filter 'verify' executable 'false'
04-21 10:24:34.480   809   825 I artd    : GetBestInfo: dm (/data/app/~~MCflSeRUP4JJ58H5jbE3FQ==/com.google.android.gms-mwfTdE9JFJYczWvAS_zFKg==/split_DynamiteModulesA_installtime.dm) is kOatUpToDate with filter 'verify' executable 'false'
04-21 10:24:34.482   809   820 I artd    : GetBestInfo: dm (/data/app/~~MCflSeRUP4JJ58H5jbE3FQ==/com.google.android.gms-mwfTdE9JFJYczWvAS_zFKg==/split_DynamiteModulesC_installtime.dm) is kOatUpToDate with filter 'verify' executable 'false'
04-21 10:24:34.485   809   820 I artd    : GetBestInfo: dm (/data/app/~~MCflSeRUP4JJ58H5jbE3FQ==/com.google.android.gms-mwfTdE9JFJYczWvAS_zFKg==/split_GoogleCertificates_installtime.dm) is kOatUpToDate with filter 'verify' executable 'false'
