04-21 10:19:04.496   809   823 I artd    : GetBestInfo: /data/user_de/0/com.google.android.gms/app_chimera/m/00000013/dl-MlkitOcrCommon.optional_261332100800.apk has no usable artifacts
04-21 10:19:04.498   809   823 I artd    : GetBestInfo: /data/user_de/0/com.google.android.gms/app_chimera/m/0000000d/dl-VisionOcr.optional_260235100000.apk has no usable artifacts
04-21 10:19:04.499   809   823 I artd    : GetBestInfo: /data/user_de/0/com.google.android.gms/app_chimera/m/00000002/DynamiteLoader.apk has no usable artifacts
04-21 10:19:04.500   809   823 I artd    : GetBestInfo: /data/user_de/0/com.google.android.gms/app_chimera/m/0000000f/dl-TfliteDynamiteDynamite.integ_252130102100800.apk has no usable artifacts
04-21 10:19:04.501   809   823 I artd    : GetBestInfo: /data/user_de/0/com.google.android.gms/app_chimera/m/0000000e/dl-MlkitOcrCommon.optional_260235100800.apk has no usable artifacts
04-21 10:19:04.502   809   823 I artd    : GetBestInfo: /data/user_de/0/com.google.android.gms/app_chimera/m/00000005/GoogleCertificates.apk has no usable artifacts
04-21 10:19:04.504   809   823 I artd    : GetBestInfo: /data/user_de/0/com.google.android.gms/app_chimera/m/00000012/dl-MlkitBarcodeUi.optional_261332100800.apk has no usable artifacts
04-21 10:19:04.505   809   823 I artd    : GetBestInfo: /data/user_de/0/com.google.android.gms/app_chimera/m/00000010/dl-VisionOcr.optional_261332100000.apk has no usable artifacts
04-21 10:19:04.507   809   823 I artd    : GetBestInfo: /data/user_de/0/com.google.android.gms/app_chimera/m/00000009/dl-TfliteDynamiteDynamite.integ_243930802100800.apk has no usable artifacts
04-21 10:19:04.509   809   823 I artd    : GetBestInfo: /data/user_de/0/com.google.android.gms/app_chimera/m/00000011/dl-Appsearch.optional_261332100800.apk has no usable artifacts
04-21 10:19:04.511   809   823 I artd    : GetBestInfo: vdex next to the dex file (/data/user/0/com.google.android.gms/app_dg_cache/CE973E4DE823F0AA69070767A9FABB590DDD455C/oat/x86_64/the.vdex) is kOatUpToDate with filter 'verify' executable 'false'
04-21 10:19:04.512   809   823 I artd    : GetBestInfo: /data/user_de/0/com.google.android.gms/app_chimera/m/00000007/MeasurementDynamite.apk has no usable artifacts
04-21 10:19:04.514   809   823 I artd    : GetBestInfo: /data/user_de/0/com.google.android.gms/app_chimera/m/0000000a/dl-MlkitBarcodeUi.optional_260235100800.apk has no usable artifacts
04-21 10:19:06.010   663  1013 I HalDevMgr: bestIfaceCreationProposal is null, requestIface=STA, existingIface=[name=wlan0 type=STA]
04-21 10:19:08.782  1351  1351 I wpa_supplicant: wlan0: CTRL-EVENT-BEACON-LOSS 
04-21 10:19:09.015   663  1013 I HalDevMgr: bestIfaceCreationProposal is null, requestIface=STA, existingIface=[name=wlan0 type=STA]
04-21 10:19:09.015   663  1044 I AdbWifiNetworkMonitor: Wi-Fi network available
04-21 10:19:09.015   663  1044 I AdbWifiNetworkMonitor: Received the same Wi-Fi SSID. Ignoring.
04-21 10:19:09.020   663  1021 W libbinder.IPCThreadState: Sending oneway calls to frozen process.
04-21 10:19:09.020   663  1021 W libbinder.IPCThreadState: Sending oneway calls to frozen process.
04-21 10:19:09.020   663  1021 W libbinder.IPCThreadState: Sending oneway calls to frozen process.
04-21 10:19:09.020   663  1021 W libbinder.IPCThreadState: Sending oneway calls to frozen process.
04-21 10:19:09.020   663  1021 W libbinder.IPCThreadState: Sending oneway calls to frozen process.
04-21 10:19:09.020   663  1021 W libbinder.IPCThreadState: Sending oneway calls to frozen process.
04-21 10:19:09.021 10460 22218 I NullBinder: NullBinder for android.net.action.RECOMMEND_NETWORKS triggering remote TransactionTooLargeException due to Service without Chimera impl, calling uid: 1000, calling pid: 0
04-21 10:19:09.021 10460 22218 W libbinder.Binder: Large reply transaction of 1056768 bytes, interface descriptor , function: UNKNOWN_FUNCTION_NAME, code: 1, flags: 17
04-21 10:19:12.020   663  1013 I HalDevMgr: bestIfaceCreationProposal is null, requestIface=STA, existingIface=[name=wlan0 type=STA]
04-21 10:19:13.854  1267  1391 D SatelliteController: isInCarrierRoamingNbIotNtn: satellite is disabled
04-21 10:19:13.854  1267  1391 D SatelliteController: getCarrierRoamingNtnConnectType: Checking connect type from PLMN config for subId: 1
04-21 10:19:13.855  1267  1391 D SatelliteController: getSatellitePerPlmnConfiguration: invalid subId or not supported via carrier.
04-21 10:19:13.855  1267  1391 D SatelliteController: getCarrierRoamingNtnConnectType: config: null
04-21 10:19:13.855  1267  1391 D SatelliteController: getCarrierRoamingNtnConnectType: Falling back to global carrier config connect type: 0
04-21 10:19:13.855  1267  1391 D SatelliteController: updateLastNotifiedCarrierRoamingNtnSignalStrengthAndNotify(1)
04-21 10:19:13.855  1267  1391 D SatelliteController: updateLastNotifiedCarrierRoamingNtnSignalStrengthAndNotify(1) lastNotifiedSignalStrength level: 0
04-21 10:19:13.855  1267  1391 D SatelliteController: updateLastNotifiedCarrierRoamingNtnSignalStrengthAndNotify(1) currSignalStrength level: 0
04-21 10:19:14.488   809   823 I artd    : GetBestInfo: odex next to the dex file (/data/app/~~MCflSeRUP4JJ58H5jbE3FQ==/com.google.android.gms-mwfTdE9JFJYczWvAS_zFKg==/oat/x86_64/base.odex) is kOatUpToDate with filter 'speed-profile' executable 'false'
04-21 10:19:14.490   809   823 I artd    : GetBestInfo: dm (/data/app/~~MCflSeRUP4JJ58H5jbE3FQ==/com.google.android.gms-mwfTdE9JFJYczWvAS_zFKg==/split_AdsDynamite_installtime.dm) is kOatUpToDate with filter 'verify' executable 'false'
04-21 10:19:14.492   809   823 I artd    : GetBestInfo: dm (/data/app/~~MCflSeRUP4JJ58H5jbE3FQ==/com.google.android.gms-mwfTdE9JFJYczWvAS_zFKg==/split_CronetDynamite_installtime.dm) is kOatUpToDate with filter 'verify' executable 'false'
04-21 10:19:14.493   809   823 I artd    : GetBestInfo: dm (/data/app/~~MCflSeRUP4JJ58H5jbE3FQ==/com.google.android.gms-mwfTdE9JFJYczWvAS_zFKg==/split_DynamiteLoader_installtime.dm) is kOatUpToDate with filter 'verify' executable 'false'
04-21 10:19:14.496   809   823 I artd    : GetBestInfo: dm (/data/app/~~MCflSeRUP4JJ58H5jbE3FQ==/com.google.android.gms-mwfTdE9JFJYczWvAS_zFKg==/split_DynamiteModulesA_installtime.dm) is kOatUpToDate with filter 'verify' executable 'false'
04-21 10:19:14.497   809   823 I artd    : GetBestInfo: dm (/data/app/~~MCflSeRUP4JJ58H5jbE3FQ==/com.google.android.gms-mwfTdE9JFJYczWvAS_zFKg==/split_DynamiteModulesC_installtime.dm) is kOatUpToDate with filter 'verify' executable 'false'
04-21 10:19:14.499   809   823 I artd    : GetBestInfo: dm (/data/app/~~MCflSeRUP4JJ58H5jbE3FQ==/com.google.android.gms-mwfTdE9JFJYczWvAS_zFKg==/split_GoogleCertificates_installtime.dm) is kOatUpToDate with filter 'verify' executable 'false'
04-21 10:19:14.501   809   823 I artd    : GetBestInfo: dm (/data/app/~~MCflSeRUP4JJ58H5jbE3FQ==/com.google.android.gms-mwfTdE9JFJYczWvAS_zFKg==/split_MapsDynamite_installtime.dm) is kOatUpToDate with filter 'verify' executable 'false'
04-21 10:19:14.502   809   823 I artd    : GetBestInfo: dm (/data/app/~~MCflSeRUP4JJ58H5jbE3FQ==/com.google.android.gms-mwfTdE9JFJYczWvAS_zFKg==/split_MeasurementDynamite_installtime.dm) is kOatUpToDate with filter 'verify' executable 'false'
04-21 10:19:14.504   809   823 I artd    : GetBestInfo: /data/user_de/0/com.google.android.gms/app_chimera/m/00000008/dl-Appsearch.optional_260235100800.apk has no usable artifacts
04-21 10:19:14.505   809   823 I artd    : GetBestInfo: /data/user_de/0/com.google.android.gms/app_chimera/m/00000001/CronetDynamite.apk has no usable artifacts
04-21 10:19:14.506   809   823 I artd    : GetBestInfo: /data/user_de/0/com.google.android.gms/app_chimera/m/00000013/dl-MlkitOcrCommon.optional_261332100800.apk has no usable artifacts
04-21 10:19:14.508   809   823 I artd    : GetBestInfo: /data/user_de/0/com.google.android.gms/app_chimera/m/0000000d/dl-VisionOcr.optional_260235100000.apk has no usable artifacts
04-21 10:19:14.509   809   823 I artd    : GetBestInfo: /data/user_de/0/com.google.android.gms/app_chimera/m/00000002/DynamiteLoader.apk has no usable artifacts
04-21 10:19:14.510   809   823 I artd    : GetBestInfo: /data/user_de/0/com.google.android.gms/app_chimera/m/0000000f/dl-TfliteDynamiteDynamite.integ_252130102100800.apk has no usable artifacts
04-21 10:19:14.512   809   823 I artd    : GetBestInfo: /data/user_de/0/com.google.android.gms/app_chimera/m/0000000e/dl-MlkitOcrCommon.optional_260235100800.apk has no usable artifacts
04-21 10:19:14.513   809   823 I artd    : GetBestInfo: /data/user_de/0/com.google.android.gms/app_chimera/m/00000005/GoogleCertificates.apk has no usable artifacts
04-21 10:19:14.514   809   823 I artd    : GetBestInfo: /data/user_de/0/com.google.android.gms/app_chimera/m/00000012/dl-MlkitBarcodeUi.optional_261332100800.apk has no usable artifacts
04-21 10:19:14.516   809   823 I artd    : GetBestInfo: /data/user_de/0/com.google.android.gms/app_chimera/m/00000010/dl-VisionOcr.optional_261332100000.apk has no usable artifacts
04-21 10:19:14.518   809   823 I artd    : GetBestInfo: /data/user_de/0/com.google.android.gms/app_chimera/m/00000009/dl-TfliteDynamiteDynamite.integ_243930802100800.apk has no usable artifacts
04-21 10:19:14.519   809   823 I artd    : GetBestInfo: /data/user_de/0/com.google.android.gms/app_chimera/m/00000011/dl-Appsearch.optional_261332100800.apk has no usable artifacts
04-21 10:19:14.520   809   823 I artd    : GetBestInfo: vdex next to the dex file (/data/user/0/com.google.android.gms/app_dg_cache/CE973E4DE823F0AA69070767A9FABB590DDD455C/oat/x86_64/the.vdex) is kOatUpToDate with filter 'verify' executable 'false'
04-21 10:19:14.521   809   823 I artd    : GetBestInfo: /data/user_de/0/com.google.android.gms/app_chimera/m/00000007/MeasurementDynamite.apk has no usable artifacts
04-21 10:19:14.522   809   823 I artd    : GetBestInfo: /data/user_de/0/com.google.android.gms/app_chimera/m/0000000a/dl-MlkitBarcodeUi.optional_260235100800.apk has no usable artifacts
04-21 10:19:15.028   663  1013 I HalDevMgr: bestIfaceCreationProposal is null, requestIface=STA, existingIface=[name=wlan0 type=STA]
04-21 10:19:16.973  1351  1351 I wpa_supplicant: wlan0: CTRL-EVENT-BEACON-LOSS 
04-21 10:19:18.033   663  1044 I AdbWifiNetworkMonitor: Wi-Fi network available
04-21 10:19:18.033   663  1044 I AdbWifiNetworkMonitor: Received the same Wi-Fi SSID. Ignoring.
04-21 10:19:18.033   663  1013 I HalDevMgr: bestIfaceCreationProposal is null, requestIface=STA, existingIface=[name=wlan0 type=STA]
04-21 10:19:18.037   663  1021 W libbinder.IPCThreadState: Sending oneway calls to frozen process.
04-21 10:19:18.038   663  1021 W libbinder.IPCThreadState: Sending oneway calls to frozen process.
04-21 10:19:18.038   663  1021 W libbinder.IPCThreadState: Sending oneway calls to frozen process.
04-21 10:19:18.039   663  1021 W libbinder.IPCThreadState: Sending oneway calls to frozen process.
04-21 10:19:18.039   663  1021 W libbinder.IPCThreadState: Sending oneway calls to frozen process.
04-21 10:19:18.039   663  1021 W libbinder.IPCThreadState: Sending oneway calls to frozen process.
04-21 10:19:18.040 10460 11050 I NullBinder: NullBinder for android.net.action.RECOMMEND_NETWORKS triggering remote TransactionTooLargeException due to Service without Chimera impl, calling uid: 1000, calling pid: 0
04-21 10:19:18.040 10460 11050 W libbinder.Binder: Large reply transaction of 1056768 bytes, interface descriptor , function: UNKNOWN_FUNCTION_NAME, code: 1, flags: 17
04-21 10:19:21.041   663  1013 I HalDevMgr: bestIfaceCreationProposal is null, requestIface=STA, existingIface=[name=wlan0 type=STA]
04-21 10:19:23.856  1267  1391 D SatelliteController: isInCarrierRoamingNbIotNtn: satellite is disabled
04-21 10:19:23.856  1267  1391 D SatelliteController: getCarrierRoamingNtnConnectType: Checking connect type from PLMN config for subId: 1
04-21 10:19:23.857  1267  1391 D SatelliteController: getSatellitePerPlmnConfiguration: invalid subId or not supported via carrier.
04-21 10:19:23.857  1267  1391 D SatelliteController: getCarrierRoamingNtnConnectType: config: null
04-21 10:19:23.858  1267  1391 D SatelliteController: getCarrierRoamingNtnConnectType: Falling back to global carrier config connect type: 0
04-21 10:19:23.858  1267  1391 D SatelliteController: updateLastNotifiedCarrierRoamingNtnSignalStrengthAndNotify(1)
04-21 10:19:23.858  1267  1391 D SatelliteController: updateLastNotifiedCarrierRoamingNtnSignalStrengthAndNotify(1) lastNotifiedSignalStrength level: 0
04-21 10:19:23.858  1267  1391 D SatelliteController: updateLastNotifiedCarrierRoamingNtnSignalStrengthAndNotify(1) currSignalStrength level: 0
04-21 10:19:24.048   663  1013 I HalDevMgr: bestIfaceCreationProposal is null, requestIface=STA, existingIface=[name=wlan0 type=STA]
04-21 10:19:24.477   663   679 I system_server: Background young concurrent mark compact GC freed 19MB AllocSpace bytes, 4(128KB) LOS objects, 34% free, 38MB/58MB, paused 718us,26.711ms total 49.211ms
04-21 10:19:24.524   809   825 I artd    : GetBestInfo: odex next to the dex file (/data/app/~~MCflSeRUP4JJ58H5jbE3FQ==/com.google.android.gms-mwfTdE9JFJYczWvAS_zFKg==/oat/x86_64/base.odex) is kOatUpToDate with filter 'speed-profile' executable 'false'
04-21 10:19:24.526   809   825 I artd    : GetBestInfo: dm (/data/app/~~MCflSeRUP4JJ58H5jbE3FQ==/com.google.android.gms-mwfTdE9JFJYczWvAS_zFKg==/split_AdsDynamite_installtime.dm) is kOatUpToDate with filter 'verify' executable 'false'
04-21 10:19:24.527   809   825 I artd    : GetBestInfo: dm (/data/app/~~MCflSeRUP4JJ58H5jbE3FQ==/com.google.android.gms-mwfTdE9JFJYczWvAS_zFKg==/split_CronetDynamite_installtime.dm) is kOatUpToDate with filter 'verify' executable 'false'
04-21 10:19:24.528   809   825 I artd    : GetBestInfo: dm (/data/app/~~MCflSeRUP4JJ58H5jbE3FQ==/com.google.android.gms-mwfTdE9JFJYczWvAS_zFKg==/split_DynamiteLoader_installtime.dm) is kOatUpToDate with filter 'verify' executable 'false'
04-21 10:19:24.529   809   825 I artd    : GetBestInfo: dm (/data/app/~~MCflSeRUP4JJ58H5jbE3FQ==/com.google.android.gms-mwfTdE9JFJYczWvAS_zFKg==/split_DynamiteModulesA_installtime.dm) is kOatUpToDate with filter 'verify' executable 'false'
04-21 10:19:24.530   809   825 I artd    : GetBestInfo: dm (/data/app/~~MCflSeRUP4JJ58H5jbE3FQ==/com.google.android.gms-mwfTdE9JFJYczWvAS_zFKg==/split_DynamiteModulesC_installtime.dm) is kOatUpToDate with filter 'verify' executable 'false'
04-21 10:19:24.531   809   825 I artd    : GetBestInfo: dm (/data/app/~~MCflSeRUP4JJ58H5jbE3FQ==/com.google.android.gms-mwfTdE9JFJYczWvAS_zFKg==/split_GoogleCertificates_installtime.dm) is kOatUpToDate with filter 'verify' executable 'false'
04-21 10:19:24.532   809   825 I artd    : GetBestInfo: dm (/data/app/~~MCflSeRUP4JJ58H5jbE3FQ==/com.google.android.gms-mwfTdE9JFJYczWvAS_zFKg==/split_MapsDynamite_installtime.dm) is kOatUpToDate with filter 'verify' executable 'false'
04-21 10:19:24.533   809   825 I artd    : GetBestInfo: dm (/data/app/~~MCflSeRUP4JJ58H5jbE3FQ==/com.google.android.gms-mwfTdE9JFJYczWvAS_zFKg==/split_MeasurementDynamite_installtime.dm) is kOatUpToDate with filter 'verify' executable 'false'
04-21 10:19:24.535   809   825 I artd    : GetBestInfo: /data/user_de/0/com.google.android.gms/app_chimera/m/00000008/dl-Appsearch.optional_260235100800.apk has no usable artifacts
04-21 10:19:24.535   809   825 I artd    : GetBestInfo: /data/user_de/0/com.google.android.gms/app_chimera/m/00000001/CronetDynamite.apk has no usable artifacts
04-21 10:19:24.537   809   825 I artd    : GetBestInfo: /data/user_de/0/com.google.android.gms/app_chimera/m/00000013/dl-MlkitOcrCommon.optional_261332100800.apk has no usable artifacts
04-21 10:19:24.538   809   825 I artd    : GetBestInfo: /data/user_de/0/com.google.android.gms/app_chimera/m/0000000d/dl-VisionOcr.optional_260235100000.apk has no usable artifacts
04-21 10:19:24.539   809   825 I artd    : GetBestInfo: /data/user_de/0/com.google.android.gms/app_chimera/m/00000002/DynamiteLoader.apk has no usable artifacts
04-21 10:19:24.540   809   825 I artd    : GetBestInfo: /data/user_de/0/com.google.android.gms/app_chimera/m/0000000f/dl-TfliteDynamiteDynamite.integ_252130102100800.apk has no usable artifacts
04-21 10:19:24.542   809   825 I artd    : GetBestInfo: /data/user_de/0/com.google.android.gms/app_chimera/m/0000000e/dl-MlkitOcrCommon.optional_260235100800.apk has no usable artifacts
04-21 10:19:24.543   809   825 I artd    : GetBestInfo: /data/user_de/0/com.google.android.gms/app_chimera/m/00000005/GoogleCertificates.apk has no usable artifacts
04-21 10:19:24.544   809   825 I artd    : GetBestInfo: /data/user_de/0/com.google.android.gms/app_chimera/m/00000012/dl-MlkitBarcodeUi.optional_261332100800.apk has no usable artifacts
04-21 10:19:24.545   809   825 I artd    : GetBestInfo: /data/user_de/0/com.google.android.gms/app_chimera/m/00000010/dl-VisionOcr.optional_261332100000.apk has no usable artifacts
04-21 10:19:24.548   809   825 I artd    : GetBestInfo: /data/user_de/0/com.google.android.gms/app_chimera/m/00000009/dl-TfliteDynamiteDynamite.integ_243930802100800.apk has no usable artifacts
04-21 10:19:24.549   809   825 I artd    : GetBestInfo: /data/user_de/0/com.google.android.gms/app_chimera/m/00000011/dl-Appsearch.optional_261332100800.apk has no usable artifacts
04-21 10:19:24.551   809   825 I artd    : GetBestInfo: vdex next to the dex file (/data/user/0/com.google.android.gms/app_dg_cache/CE973E4DE823F0AA69070767A9FABB590DDD455C/oat/x86_64/the.vdex) is kOatUpToDate with filter 'verify' executable 'false'
04-21 10:19:24.552   809   825 I artd    : GetBestInfo: /data/user_de/0/com.google.android.gms/app_chimera/m/00000007/MeasurementDynamite.apk has no usable artifacts
04-21 10:19:24.553   809   825 I artd    : GetBestInfo: /data/user_de/0/com.google.android.gms/app_chimera/m/0000000a/dl-MlkitBarcodeUi.optional_260235100800.apk has no usable artifacts
04-21 10:19:24.910  1351  1351 I wpa_supplicant: wlan0: CTRL-EVENT-BEACON-LOSS 
04-21 10:19:25.390   663  1019 E Nl80211Native: getChannelsMhzForBand: Wiphy index not recorded for band 8
04-21 10:19:25.390   663  1019 E Nl80211Native: getChannelsMhzForBand: Wiphy index not recorded for band 16
04-21 10:19:25.390   663  1019 D Nl80211Native: Ignoring unsupported scan type 2
04-21 10:19:25.390   663  1019 I Nl80211Proxy: Sending Nl80211 message: GenericNetlinkMsg{ nlHeader{StructNlMsgHdr{ nlmsg_len{56}, nlmsg_type{30()}, nlmsg_flags{5(NLM_F_REQUEST|NLM_F_ACK)}, nlmsg_seq{333}, nlmsg_pid{0} }}, genNlHeader{StructGenNlMsgHdr{ command{33}, version{1}, reserved{0} }}, attributes{[StructNlAttr{ nla_len{8}, nla_type{-32723}, nla_value{04000000}, }, StructNlAttr{ nla_len{8}, nla_type{3}, nla_value{10000000}, }, StructNlAttr{ nla_len{12}, nla_type{-32724}, nla_value{080000008F090000}, }, StructNlAttr{ nla_len{8}, nla_type{158}, nla_value{00000000}, }]} }
04-21 10:19:25.391   663  1019 I Nl80211Proxy: Received NLMSG_ERROR with error 0 for message GenericNetlinkMsg{ nlHeader{StructNlMsgHdr{ nlmsg_len{56}, nlmsg_type{30()}, nlmsg_flags{5(NLM_F_REQUEST|NLM_F_ACK)}, nlmsg_seq{333}, nlmsg_pid{0} }}, genNlHeader{StructGenNlMsgHdr{ command{33}, version{1}, reserved{0} }}, attributes{[StructNlAttr{ nla_len{8}, nla_type{-32723}, nla_value{04000000}, }, StructNlAttr{ nla_len{8}, nla_type{3}, nla_value{10000000}, }, StructNlAttr{ nla_len{12}, nla_type{-32724}, nla_value{080000008F090000}, }, StructNlAttr{ nla_len{8}, nla_type{158}, nla_value{00000000}, }]} }
04-21 10:19:25.433   663  1013 D WifiNative: Scan result ready event
04-21 10:19:25.433   663  1019 I Nl80211Proxy: Sending Nl80211 message: GenericNetlinkMsg{ nlHeader{StructNlMsgHdr{ nlmsg_len{20}, nlmsg_type{30()}, nlmsg_flags{769(NLM_F_REQUEST|NLM_F_DUMP)}, nlmsg_seq{334}, nlmsg_pid{0} }}, genNlHeader{StructGenNlMsgHdr{ command{5}, version{1}, reserved{0} }}, attributes{[]} }
04-21 10:19:25.433   663  1019 I Nl80211Proxy: Received NLMSG_DONE for message GenericNetlinkMsg{ nlHeader{StructNlMsgHdr{ nlmsg_len{20}, nlmsg_type{30()}, nlmsg_flags{769(NLM_F_REQUEST|NLM_F_DUMP)}, nlmsg_seq{334}, nlmsg_pid{0} }}, genNlHeader{StructGenNlMsgHdr{ command{5}, version{1}, reserved{0} }}, attributes{[]} }
04-21 10:19:25.433   663  1019 W Nl80211Utils: Malformed NEW_INTERFACE response: missing attributes
04-21 10:19:25.433   663  1019 I Nl80211Proxy: Sending Nl80211 message: GenericNetlinkMsg{ nlHeader{StructNlMsgHdr{ nlmsg_len{28}, nlmsg_type{30()}, nlmsg_flags{769(NLM_F_REQUEST|NLM_F_DUMP)}, nlmsg_seq{335}, nlmsg_pid{0} }}, genNlHeader{StructGenNlMsgHdr{ command{32}, version{1}, reserved{0} }}, attributes{[StructNlAttr{ nla_len{8}, nla_type{3}, nla_value{10000000}, }]} }
04-21 10:19:25.434   663  1019 I Nl80211Proxy: Received NLMSG_DONE for message GenericNetlinkMsg{ nlHeader{StructNlMsgHdr{ nlmsg_len{28}, nlmsg_type{30()}, nlmsg_flags{769(NLM_F_REQUEST|NLM_F_DUMP)}, nlmsg_seq{335}, nlmsg_pid{0} }}, genNlHeader{StructGenNlMsgHdr{ command{32}, version{1}, reserved{0} }}, attributes{[StructNlAttr{ nla_len{8}, nla_type{3}, nla_value{10000000}, }]} }
04-21 10:19:25.434 10460 11050 I WifiScanner: onFullResults
04-21 10:19:25.436   663  1013 I HalDevMgr: bestIfaceCreationProposal is null, requestIface=STA, existingIface=[name=wlan0 type=STA]
04-21 10:19:27.053   663  1013 I HalDevMgr: bestIfaceCreationProposal is null, requestIface=STA, existingIface=[name=wlan0 type=STA]
04-21 10:19:30.061   663  1013 I HalDevMgr: bestIfaceCreationProposal is null, requestIface=STA, existingIface=[name=wlan0 type=STA]
04-21 10:19:32.844  1351  1351 I wpa_supplicant: wlan0: CTRL-EVENT-BEACON-LOSS 
04-21 10:19:33.065   663  1013 I HalDevMgr: bestIfaceCreationProposal is null, requestIface=STA, existingIface=[name=wlan0 type=STA]
04-21 10:19:33.859  1267  1391 D SatelliteController: isInCarrierRoamingNbIotNtn: satellite is disabled
04-21 10:19:33.859  1267  1391 D SatelliteController: getCarrierRoamingNtnConnectType: Checking connect type from PLMN config for subId: 1
04-21 10:19:33.859  1267  1391 D SatelliteController: getSatellitePerPlmnConfiguration: invalid subId or not supported via carrier.
04-21 10:19:33.859  1267  1391 D SatelliteController: getCarrierRoamingNtnConnectType: config: null
04-21 10:19:33.859  1267  1391 D SatelliteController: getCarrierRoamingNtnConnectType: Falling back to global carrier config connect type: 0
04-21 10:19:33.859  1267  1391 D SatelliteController: updateLastNotifiedCarrierRoamingNtnSignalStrengthAndNotify(1)
04-21 10:19:33.859  1267  1391 D SatelliteController: updateLastNotifiedCarrierRoamingNtnSignalStrengthAndNotify(1) lastNotifiedSignalStrength level: 0
04-21 10:19:33.859  1267  1391 D SatelliteController: updateLastNotifiedCarrierRoamingNtnSignalStrengthAndNotify(1) currSignalStrength level: 0
04-21 10:19:34.489   809   823 I artd    : GetBestInfo: odex next to the dex file (/data/app/~~MCflSeRUP4JJ58H5jbE3FQ==/com.google.android.gms-mwfTdE9JFJYczWvAS_zFKg==/oat/x86_64/base.odex) is kOatUpToDate with filter 'speed-profile' executable 'false'
04-21 10:19:34.492   809   823 I artd    : GetBestInfo: dm (/data/app/~~MCflSeRUP4JJ58H5jbE3FQ==/com.google.android.gms-mwfTdE9JFJYczWvAS_zFKg==/split_AdsDynamite_installtime.dm) is kOatUpToDate with filter 'verify' executable 'false'
04-21 10:19:34.494   809   823 I artd    : GetBestInfo: dm (/data/app/~~MCflSeRUP4JJ58H5jbE3FQ==/com.google.android.gms-mwfTdE9JFJYczWvAS_zFKg==/split_CronetDynamite_installtime.dm) is kOatUpToDate with filter 'verify' executable 'false'
04-21 10:19:34.496   809   823 I artd    : GetBestInfo: dm (/data/app/~~MCflSeRUP4JJ58H5jbE3FQ==/com.google.android.gms-mwfTdE9JFJYczWvAS_zFKg==/split_DynamiteLoader_installtime.dm) is kOatUpToDate with filter 'verify' executable 'false'
04-21 10:19:34.497   809   823 I artd    : GetBestInfo: dm (/data/app/~~MCflSeRUP4JJ58H5jbE3FQ==/com.google.android.gms-mwfTdE9JFJYczWvAS_zFKg==/split_DynamiteModulesA_installtime.dm) is kOatUpToDate with filter 'verify' executable 'false'
04-21 10:19:34.499   809   823 I artd    : GetBestInfo: dm (/data/app/~~MCflSeRUP4JJ58H5jbE3FQ==/com.google.android.gms-mwfTdE9JFJYczWvAS_zFKg==/split_DynamiteModulesC_installtime.dm) is kOatUpToDate with filter 'verify' executable 'false'
04-21 10:19:34.500   809   823 I artd    : GetBestInfo: dm (/data/app/~~MCflSeRUP4JJ58H5jbE3FQ==/com.google.android.gms-mwfTdE9JFJYczWvAS_zFKg==/split_GoogleCertificates_installtime.dm) is kOatUpToDate with filter 'verify' executable 'false'
04-21 10:19:34.501   809   823 I artd    : GetBestInfo: dm (/data/app/~~MCflSeRUP4JJ58H5jbE3FQ==/com.google.android.gms-mwfTdE9JFJYczWvAS_zFKg==/split_MapsDynamite_installtime.dm) is kOatUpToDate with filter 'verify' executable 'false'
04-21 10:19:34.503   809   823 I artd    : GetBestInfo: dm (/data/app/~~MCflSeRUP4JJ58H5jbE3FQ==/com.google.android.gms-mwfTdE9JFJYczWvAS_zFKg==/split_MeasurementDynamite_installtime.dm) is kOatUpToDate with filter 'verify' executable 'false'
04-21 10:19:34.504   809   823 I artd    : GetBestInfo: /data/user_de/0/com.google.android.gms/app_chimera/m/00000008/dl-Appsearch.optional_260235100800.apk has no usable artifacts
04-21 10:19:34.504   809   823 I artd    : GetBestInfo: /data/user_de/0/com.google.android.gms/app_chimera/m/00000001/CronetDynamite.apk has no usable artifacts
04-21 10:19:34.506   809   823 I artd    : GetBestInfo: /data/user_de/0/com.google.android.gms/app_chimera/m/00000013/dl-MlkitOcrCommon.optional_261332100800.apk has no usable artifacts
04-21 10:19:34.507   809   823 I artd    : GetBestInfo: /data/user_de/0/com.google.android.gms/app_chimera/m/0000000d/dl-VisionOcr.optional_260235100000.apk has no usable artifacts
04-21 10:19:34.508   809   823 I artd    : GetBestInfo: /data/user_de/0/com.google.android.gms/app_chimera/m/00000002/DynamiteLoader.apk has no usable artifacts
04-21 10:19:34.509   809   823 I artd    : GetBestInfo: /data/user_de/0/com.google.android.gms/app_chimera/m/0000000f/dl-TfliteDynamiteDynamite.integ_252130102100800.apk has no usable artifacts
04-21 10:19:34.511   809   823 I artd    : GetBestInfo: /data/user_de/0/com.google.android.gms/app_chimera/m/0000000e/dl-MlkitOcrCommon.optional_260235100800.apk has no usable artifacts
04-21 10:19:34.511   809   823 I artd    : GetBestInfo: /data/user_de/0/com.google.android.gms/app_chimera/m/00000005/GoogleCertificates.apk has no usable artifacts
04-21 10:19:34.513   809   823 I artd    : GetBestInfo: /data/user_de/0/com.google.android.gms/app_chimera/m/00000012/dl-MlkitBarcodeUi.optional_261332100800.apk has no usable artifacts
04-21 10:19:34.515   809   823 I artd    : GetBestInfo: /data/user_de/0/com.google.android.gms/app_chimera/m/00000010/dl-VisionOcr.optional_261332100000.apk has no usable artifacts
04-21 10:19:34.517   809   823 I artd    : GetBestInfo: /data/user_de/0/com.google.android.gms/app_chimera/m/00000009/dl-TfliteDynamiteDynamite.integ_243930802100800.apk has no usable artifacts
04-21 10:19:34.519   809   823 I artd    : GetBestInfo: /data/user_de/0/com.google.android.gms/app_chimera/m/00000011/dl-Appsearch.optional_261332100800.apk has no usable artifacts
04-21 10:19:34.520   809   823 I artd    : GetBestInfo: vdex next to the dex file (/data/user/0/com.google.android.gms/app_dg_cache/CE973E4DE823F0AA69070767A9FABB590DDD455C/oat/x86_64/the.vdex) is kOatUpToDate with filter 'verify' executable 'false'
04-21 10:19:34.521   809   823 I artd    : GetBestInfo: /data/user_de/0/com.google.android.gms/app_chimera/m/00000007/MeasurementDynamite.apk has no usable artifacts
04-21 10:19:34.522   809   823 I artd    : GetBestInfo: /data/user_de/0/com.google.android.gms/app_chimera/m/0000000a/dl-MlkitBarcodeUi.optional_260235100800.apk has no usable artifacts
04-21 10:19:36.071   663  1013 I HalDevMgr: bestIfaceCreationProposal is null, requestIface=STA, existingIface=[name=wlan0 type=STA]
04-21 10:19:39.077   663  1013 I HalDevMgr: bestIfaceCreationProposal is null, requestIface=STA, existingIface=[name=wlan0 type=STA]
04-21 10:19:40.780  1351  1351 I wpa_supplicant: wlan0: CTRL-EVENT-BEACON-LOSS 
04-21 10:19:42.081   663  1013 I HalDevMgr: bestIfaceCreationProposal is null, requestIface=STA, existingIface=[name=wlan0 type=STA]
04-21 10:19:43.857  1267  1391 D SatelliteController: isInCarrierRoamingNbIotNtn: satellite is disabled
04-21 10:19:43.858  1267  1391 D SatelliteController: getCarrierRoamingNtnConnectType: Checking connect type from PLMN config for subId: 1
04-21 10:19:43.858  1267  1391 D SatelliteController: getSatellitePerPlmnConfiguration: invalid subId or not supported via carrier.
04-21 10:19:43.858  1267  1391 D SatelliteController: getCarrierRoamingNtnConnectType: config: null
04-21 10:19:43.858  1267  1391 D SatelliteController: getCarrierRoamingNtnConnectType: Falling back to global carrier config connect type: 0
04-21 10:19:43.858  1267  1391 D SatelliteController: updateLastNotifiedCarrierRoamingNtnSignalStrengthAndNotify(1)
04-21 10:19:43.858  1267  1391 D SatelliteController: updateLastNotifiedCarrierRoamingNtnSignalStrengthAndNotify(1) lastNotifiedSignalStrength level: 0
04-21 10:19:43.858  1267  1391 D SatelliteController: updateLastNotifiedCarrierRoamingNtnSignalStrengthAndNotify(1) currSignalStrength level: 0
04-21 10:19:44.480   809   823 I artd    : GetBestInfo: odex next to the dex file (/data/app/~~MCflSeRUP4JJ58H5jbE3FQ==/com.google.android.gms-mwfTdE9JFJYczWvAS_zFKg==/oat/x86_64/base.odex) is kOatUpToDate with filter 'speed-profile' executable 'false'
04-21 10:19:44.482   809   823 I artd    : GetBestInfo: dm (/data/app/~~MCflSeRUP4JJ58H5jbE3FQ==/com.google.android.gms-mwfTdE9JFJYczWvAS_zFKg==/split_AdsDynamite_installtime.dm) is kOatUpToDate with filter 'verify' executable 'false'
04-21 10:19:44.484   809   823 I artd    : GetBestInfo: dm (/data/app/~~MCflSeRUP4JJ58H5jbE3FQ==/com.google.android.gms-mwfTdE9JFJYczWvAS_zFKg==/split_CronetDynamite_installtime.dm) is kOatUpToDate with filter 'verify' executable 'false'
04-21 10:19:44.485   809   823 I artd    : GetBestInfo: dm (/data/app/~~MCflSeRUP4JJ58H5jbE3FQ==/com.google.android.gms-mwfTdE9JFJYczWvAS_zFKg==/split_DynamiteLoader_installtime.dm) is kOatUpToDate with filter 'verify' executable 'false'
04-21 10:19:44.486   809   823 I artd    : GetBestInfo: dm (/data/app/~~MCflSeRUP4JJ58H5jbE3FQ==/com.google.android.gms-mwfTdE9JFJYczWvAS_zFKg==/split_DynamiteModulesA_installtime.dm) is kOatUpToDate with filter 'verify' executable 'false'
04-21 10:19:44.488   809   823 I artd    : GetBestInfo: dm (/data/app/~~MCflSeRUP4JJ58H5jbE3FQ==/com.google.android.gms-mwfTdE9JFJYczWvAS_zFKg==/split_DynamiteModulesC_installtime.dm) is kOatUpToDate with filter 'verify' executable 'false'
04-21 10:19:44.489   809   823 I artd    : GetBestInfo: dm (/data/app/~~MCflSeRUP4JJ58H5jbE3FQ==/com.google.android.gms-mwfTdE9JFJYczWvAS_zFKg==/split_GoogleCertificates_installtime.dm) is kOatUpToDate with filter 'verify' executable 'false'
04-21 10:19:44.491   809   823 I artd    : GetBestInfo: dm (/data/app/~~MCflSeRUP4JJ58H5jbE3FQ==/com.google.android.gms-mwfTdE9JFJYczWvAS_zFKg==/split_MapsDynamite_installtime.dm) is kOatUpToDate with filter 'verify' executable 'false'
04-21 10:19:44.492   809   823 I artd    : GetBestInfo: dm (/data/app/~~MCflSeRUP4JJ58H5jbE3FQ==/com.google.android.gms-mwfTdE9JFJYczWvAS_zFKg==/split_MeasurementDynamite_installtime.dm) is kOatUpToDate with filter 'verify' executable 'false'
04-21 10:19:44.494   809   823 I artd    : GetBestInfo: /data/user_de/0/com.google.android.gms/app_chimera/m/00000008/dl-Appsearch.optional_260235100800.apk has no usable artifacts
04-21 10:19:44.495   809   823 I artd    : GetBestInfo: /data/user_de/0/com.google.android.gms/app_chimera/m/00000001/CronetDynamite.apk has no usable artifacts
04-21 10:19:44.496   809   823 I artd    : GetBestInfo: /data/user_de/0/com.google.android.gms/app_chimera/m/00000013/dl-MlkitOcrCommon.optional_261332100800.apk has no usable artifacts
04-21 10:19:44.498   809   823 I artd    : GetBestInfo: /data/user_de/0/com.google.android.gms/app_chimera/m/0000000d/dl-VisionOcr.optional_260235100000.apk has no usable artifacts
04-21 10:19:44.499   809   823 I artd    : GetBestInfo: /data/user_de/0/com.google.android.gms/app_chimera/m/00000002/DynamiteLoader.apk has no usable artifacts
04-21 10:19:44.500   809   823 I artd    : GetBestInfo: /data/user_de/0/com.google.android.gms/app_chimera/m/0000000f/dl-TfliteDynamiteDynamite.integ_252130102100800.apk has no usable artifacts
04-21 10:19:44.503   809   823 I artd    : GetBestInfo: /data/user_de/0/com.google.android.gms/app_chimera/m/0000000e/dl-MlkitOcrCommon.optional_260235100800.apk has no usable artifacts
04-21 10:19:44.504   809   823 I artd    : GetBestInfo: /data/user_de/0/com.google.android.gms/app_chimera/m/00000005/GoogleCertificates.apk has no usable artifacts
04-21 10:19:44.505   809   823 I artd    : GetBestInfo: /data/user_de/0/com.google.android.gms/app_chimera/m/00000012/dl-MlkitBarcodeUi.optional_261332100800.apk has no usable artifacts
04-21 10:19:44.507   809   823 I artd    : GetBestInfo: /data/user_de/0/com.google.android.gms/app_chimera/m/00000010/dl-VisionOcr.optional_261332100000.apk has no usable artifacts
04-21 10:19:44.510   809   823 I artd    : GetBestInfo: /data/user_de/0/com.google.android.gms/app_chimera/m/00000009/dl-TfliteDynamiteDynamite.integ_243930802100800.apk has no usable artifacts
04-21 10:19:44.512   809   823 I artd    : GetBestInfo: /data/user_de/0/com.google.android.gms/app_chimera/m/00000011/dl-Appsearch.optional_261332100800.apk has no usable artifacts
04-21 10:19:44.515   809   823 I artd    : GetBestInfo: vdex next to the dex file (/data/user/0/com.google.android.gms/app_dg_cache/CE973E4DE823F0AA69070767A9FABB590DDD455C/oat/x86_64/the.vdex) is kOatUpToDate with filter 'verify' executable 'false'
04-21 10:19:44.517   809   823 I artd    : GetBestInfo: /data/user_de/0/com.google.android.gms/app_chimera/m/00000007/MeasurementDynamite.apk has no usable artifacts
04-21 10:19:44.519   809   823 I artd    : GetBestInfo: /data/user_de/0/com.google.android.gms/app_chimera/m/0000000a/dl-MlkitBarcodeUi.optional_260235100800.apk has no usable artifacts
04-21 10:19:45.086   663  1013 I HalDevMgr: bestIfaceCreationProposal is null, requestIface=STA, existingIface=[name=wlan0 type=STA]
04-21 10:19:48.094   663  1013 I HalDevMgr: bestIfaceCreationProposal is null, requestIface=STA, existingIface=[name=wlan0 type=STA]
04-21 10:19:48.972  1351  1351 I wpa_supplicant: wlan0: CTRL-EVENT-BEACON-LOSS 
04-21 10:19:51.099   663  1013 I HalDevMgr: bestIfaceCreationProposal is null, requestIface=STA, existingIface=[name=wlan0 type=STA]
04-21 10:19:51.101   663  1044 I AdbWifiNetworkMonitor: Wi-Fi network available
04-21 10:19:51.101   663  1044 I AdbWifiNetworkMonitor: Received the same Wi-Fi SSID. Ignoring.
04-21 10:19:51.103   663  1021 W libbinder.IPCThreadState: Sending oneway calls to frozen process.
04-21 10:19:51.103   663  1021 W libbinder.IPCThreadState: Sending oneway calls to frozen process.
04-21 10:19:51.104   663  1021 W libbinder.IPCThreadState: Sending oneway calls to frozen process.
04-21 10:19:51.104   663  1021 W libbinder.IPCThreadState: Sending oneway calls to frozen process.
04-21 10:19:51.104   663  1021 W libbinder.IPCThreadState: Sending oneway calls to frozen process.
04-21 10:19:51.104   663  1021 W libbinder.IPCThreadState: Sending oneway calls to frozen process.
04-21 10:19:51.104 10460 10671 I NullBinder: NullBinder for android.net.action.RECOMMEND_NETWORKS triggering remote TransactionTooLargeException due to Service without Chimera impl, calling uid: 1000, calling pid: 0
04-21 10:19:51.104 10460 10671 W libbinder.Binder: Large reply transaction of 1056768 bytes, interface descriptor , function: UNKNOWN_FUNCTION_NAME, code: 1, flags: 17
04-21 10:19:53.859  1267  1391 D SatelliteController: isInCarrierRoamingNbIotNtn: satellite is disabled
04-21 10:19:53.859  1267  1391 D SatelliteController: getCarrierRoamingNtnConnectType: Checking connect type from PLMN config for subId: 1
04-21 10:19:53.859  1267  1391 D SatelliteController: getSatellitePerPlmnConfiguration: invalid subId or not supported via carrier.
04-21 10:19:53.859  1267  1391 D SatelliteController: getCarrierRoamingNtnConnectType: config: null
04-21 10:19:53.859  1267  1391 D SatelliteController: getCarrierRoamingNtnConnectType: Falling back to global carrier config connect type: 0
04-21 10:19:53.859  1267  1391 D SatelliteController: updateLastNotifiedCarrierRoamingNtnSignalStrengthAndNotify(1)
04-21 10:19:53.859  1267  1391 D SatelliteController: updateLastNotifiedCarrierRoamingNtnSignalStrengthAndNotify(1) lastNotifiedSignalStrength level: 0
04-21 10:19:53.859  1267  1391 D SatelliteController: updateLastNotifiedCarrierRoamingNtnSignalStrengthAndNotify(1) currSignalStrength level: 0
04-21 10:19:54.105   663  1013 I HalDevMgr: bestIfaceCreationProposal is null, requestIface=STA, existingIface=[name=wlan0 type=STA]
04-21 10:19:54.471   809   825 I artd    : GetBestInfo: odex next to the dex file (/data/app/~~MCflSeRUP4JJ58H5jbE3FQ==/com.google.android.gms-mwfTdE9JFJYczWvAS_zFKg==/oat/x86_64/base.odex) is kOatUpToDate with filter 'speed-profile' executable 'false'
04-21 10:19:54.473   809   823 I artd    : GetBestInfo: dm (/data/app/~~MCflSeRUP4JJ58H5jbE3FQ==/com.google.android.gms-mwfTdE9JFJYczWvAS_zFKg==/split_AdsDynamite_installtime.dm) is kOatUpToDate with filter 'verify' executable 'false'
04-21 10:19:54.474   809   825 I artd    : GetBestInfo: dm (/data/app/~~MCflSeRUP4JJ58H5jbE3FQ==/com.google.android.gms-mwfTdE9JFJYczWvAS_zFKg==/split_CronetDynamite_installtime.dm) is kOatUpToDate with filter 'verify' executable 'false'
04-21 10:19:54.475   809   823 I artd    : GetBestInfo: dm (/data/app/~~MCflSeRUP4JJ58H5jbE3FQ==/com.google.android.gms-mwfTdE9JFJYczWvAS_zFKg==/split_DynamiteLoader_installtime.dm) is kOatUpToDate with filter 'verify' executable 'false'
04-21 10:19:54.476   809   825 I artd    : GetBestInfo: dm (/data/app/~~MCflSeRUP4JJ58H5jbE3FQ==/com.google.android.gms-mwfTdE9JFJYczWvAS_zFKg==/split_DynamiteModulesA_installtime.dm) is kOatUpToDate with filter 'verify' executable 'false'
04-21 10:19:54.477   809   823 I artd    : GetBestInfo: dm (/data/app/~~MCflSeRUP4JJ58H5jbE3FQ==/com.google.android.gms-mwfTdE9JFJYczWvAS_zFKg==/split_DynamiteModulesC_installtime.dm) is kOatUpToDate with filter 'verify' executable 'false'
04-21 10:19:54.479   809   823 I artd    : GetBestInfo: dm (/data/app/~~MCflSeRUP4JJ58H5jbE3FQ==/com.google.android.gms-mwfTdE9JFJYczWvAS_zFKg==/split_GoogleCertificates_installtime.dm) is kOatUpToDate with filter 'verify' executable 'false'
04-21 10:19:54.481   809   823 I artd    : GetBestInfo: dm (/data/app/~~MCflSeRUP4JJ58H5jbE3FQ==/com.google.android.gms-mwfTdE9JFJYczWvAS_zFKg==/split_MapsDynamite_installtime.dm) is kOatUpToDate with filter 'verify' executable 'false'
04-21 10:19:54.482   809   823 I artd    : GetBestInfo: dm (/data/app/~~MCflSeRUP4JJ58H5jbE3FQ==/com.google.android.gms-mwfTdE9JFJYczWvAS_zFKg==/split_MeasurementDynamite_installtime.dm) is kOatUpToDate with filter 'verify' executable 'false'
04-21 10:19:54.484   809   823 I artd    : GetBestInfo: /data/user_de/0/com.google.android.gms/app_chimera/m/00000008/dl-Appsearch.optional_260235100800.apk has no usable artifacts
04-21 10:19:54.485   809   823 I artd    : GetBestInfo: /data/user_de/0/com.google.android.gms/app_chimera/m/00000001/CronetDynamite.apk has no usable artifacts
04-21 10:19:54.485   809   823 I artd    : GetBestInfo: /data/user_de/0/com.google.android.gms/app_chimera/m/00000013/dl-MlkitOcrCommon.optional_261332100800.apk has no usable artifacts
04-21 10:19:54.487   809   823 I artd    : GetBestInfo: /data/user_de/0/com.google.android.gms/app_chimera/m/0000000d/dl-VisionOcr.optional_260235100000.apk has no usable artifacts
04-21 10:19:54.488   809   823 I artd    : GetBestInfo: /data/user_de/0/com.google.android.gms/app_chimera/m/00000002/DynamiteLoader.apk has no usable artifacts
04-21 10:19:54.489   809   823 I artd    : GetBestInfo: /data/user_de/0/com.google.android.gms/app_chimera/m/0000000f/dl-TfliteDynamiteDynamite.integ_252130102100800.apk has no usable artifacts
04-21 10:19:54.490   809   823 I artd    : GetBestInfo: /data/user_de/0/com.google.android.gms/app_chimera/m/0000000e/dl-MlkitOcrCommon.optional_260235100800.apk has no usable artifacts
04-21 10:19:54.491   809   823 I artd    : GetBestInfo: /data/user_de/0/com.google.android.gms/app_chimera/m/00000005/GoogleCertificates.apk has no usable artifacts
04-21 10:19:54.492   809   823 I artd    : GetBestInfo: /data/user_de/0/com.google.android.gms/app_chimera/m/00000012/dl-MlkitBarcodeUi.optional_261332100800.apk has no usable artifacts
04-21 10:19:54.493   809   823 I artd    : GetBestInfo: /data/user_de/0/com.google.android.gms/app_chimera/m/00000010/dl-VisionOcr.optional_261332100000.apk has no usable artifacts
04-21 10:19:54.494   809   823 I artd    : GetBestInfo: /data/user_de/0/com.google.android.gms/app_chimera/m/00000009/dl-TfliteDynamiteDynamite.integ_243930802100800.apk has no usable artifacts
04-21 10:19:54.496   809   823 I artd    : GetBestInfo: /data/user_de/0/com.google.android.gms/app_chimera/m/00000011/dl-Appsearch.optional_261332100800.apk has no usable artifacts
04-21 10:19:54.497   809   823 I artd    : GetBestInfo: vdex next to the dex file (/data/user/0/com.google.android.gms/app_dg_cache/CE973E4DE823F0AA69070767A9FABB590DDD455C/oat/x86_64/the.vdex) is kOatUpToDate with filter 'verify' executable 'false'
04-21 10:19:54.498   809   823 I artd    : GetBestInfo: /data/user_de/0/com.google.android.gms/app_chimera/m/00000007/MeasurementDynamite.apk has no usable artifacts
04-21 10:19:54.499   809   823 I artd    : GetBestInfo: /data/user_de/0/com.google.android.gms/app_chimera/m/0000000a/dl-MlkitBarcodeUi.optional_260235100800.apk has no usable artifacts
04-21 10:19:56.909  1351  1351 I wpa_supplicant: wlan0: CTRL-EVENT-BEACON-LOSS 
04-21 10:19:57.109   663  1044 I AdbWifiNetworkMonitor: Wi-Fi network available
04-21 10:19:57.109   663  1044 I AdbWifiNetworkMonitor: Received the same Wi-Fi SSID. Ignoring.
04-21 10:19:57.111   663  1013 I HalDevMgr: bestIfaceCreationProposal is null, requestIface=STA, existingIface=[name=wlan0 type=STA]
04-21 10:19:57.114   663  1021 W libbinder.IPCThreadState: Sending oneway calls to frozen process.
04-21 10:19:57.115   663  1021 W libbinder.IPCThreadState: Sending oneway calls to frozen process.
04-21 10:19:57.115   663  1021 W libbinder.IPCThreadState: Sending oneway calls to frozen process.
04-21 10:19:57.115   663  1021 W libbinder.IPCThreadState: Sending oneway calls to frozen process.
04-21 10:19:57.115   663  1021 W libbinder.IPCThreadState: Sending oneway calls to frozen process.
04-21 10:19:57.114 10460 11050 I NullBinder: NullBinder for android.net.action.RECOMMEND_NETWORKS triggering remote TransactionTooLargeException due to Service without Chimera impl, calling uid: 1000, calling pid: 0
04-21 10:19:57.115   663  1021 W libbinder.IPCThreadState: Sending oneway calls to frozen process.
04-21 10:19:57.114 10460 11050 W libbinder.Binder: Large reply transaction of 1056768 bytes, interface descriptor , function: UNKNOWN_FUNCTION_NAME, code: 1, flags: 17
04-21 10:20:00.118   663  1013 I HalDevMgr: bestIfaceCreationProposal is null, requestIface=STA, existingIface=[name=wlan0 type=STA]
