04-21 10:24:26.556 22519 22519 D ActivityThread: Package [com.aidemoi.app] reported as REPLACED, but missing application info. Assuming REMOVED.
04-21 10:24:26.557   663   697 D ActivityManager: sync unfroze 22924 com.google.android.permissioncontroller for 3
04-21 10:24:26.557 22519 22519 I Finsky:background: [2] Memory trim requested to level 40
04-21 10:24:26.561 22924 22924 D ActivityThread: Package [com.aidemoi.app] reported as REPLACED, but missing application info. Assuming REMOVED.
04-21 10:24:26.562 22924 22924 D ActivityThread: Package [com.aidemoi.app] reported as REPLACED, but missing application info. Assuming REMOVED.
04-21 10:24:26.561 22519 22519 I Finsky:background: [2] Memory trim requested to level 40
04-21 10:24:26.565  1418  1418 D RecentTasksList: invalidateLoadedTasks - previous requestLoadId: -1
04-21 10:24:26.566 22519 22519 I Finsky:background: [2] ahsc - Received: android.intent.action.PACKAGE_REMOVED, [Fmkd-bPqb21sRS5ptrhiOmddKZ3BykDPbm52deyGO18]
04-21 10:24:26.567  1418  1418 D ActivityThread: Package [com.aidemoi.app] reported as REPLACED, but missing application info. Assuming REMOVED.
04-21 10:24:26.571   663  1231 W SignedPackage: Package doesn't have required signing certificate: com.google.android.apps.work.clouddpc
04-21 10:24:26.571   663   663 D AppSearchAppsIndexerManagerS: userid in package receiver: 10230
04-21 10:24:26.579  1418  1418 D ActivityThread: Package [com.aidemoi.app] reported as REPLACED, but missing application info. Assuming REMOVED.
04-21 10:24:26.579  1267  1267 D CarrierSvcBindHelper: No carrier app for: 0
04-21 10:24:26.580  1267  1267 D CarrierSvcBindHelper: onPackageModified: com.aidemoi.app
04-21 10:24:26.580  1267  1267 D CarrierSvcBindHelper: No carrier app for: 0
04-21 10:24:26.581  1418  1418 D SsBaseTemplateCard: Passed-in item info is null
04-21 10:24:26.581  1418  1418 D SsBaseTemplateCard: Passed-in item info is null
04-21 10:24:26.581  1418  1418 D SsBaseTemplateCard: Passed-in item info is null
04-21 10:24:26.581  1418  1418 D SsBaseTemplateCard: Passed-in item info is null
04-21 10:24:26.581  1418  1418 I SsBaseTemplateCard: Secondary card pane is null
04-21 10:24:26.582  1267  1391 I SatelliteAppTracker: onPackageUpdateFinished : com.aidemoi.app
04-21 10:24:26.585  1267  1391 I SatelliteAppTracker: onPackageModified : com.aidemoi.app
04-21 10:24:26.599 22380 22423 I Finsky  : [73] Current account updated in PVS
04-21 10:24:26.604 22924 22924 I SafetyLabelChangedBroadcastReceiver: received broadcast packageName: com.aidemoi.app, current user: UserHandle{0}, packageChangeEvent: UPDATE, intent user: UserHandle{0}
04-21 10:24:26.612   663  1094 W Looper  : Slow dispatch took 104ms android.perm app=system_server main=false group=FOREGROUND h=android.os.Handler c=com.android.internal.infra.ServiceConnector$Impl$$ExternalSyntheticLambda2@8fe6a9f m=0
04-21 10:24:26.614   663  1783 W ProcessStats: Tracking association SourceState{ca19ed6 system/1000 ImpFg #13223} whose proc state 5 is better than process ProcessState{8ecd733 com.google.android.permissioncontroller/10225 pkg=com.google.android.permissioncontroller} proc state 14 (0 skipped)
04-21 10:24:26.617 22519 22540 I Finsky:background: [71] Current account updated in PVS
04-21 10:24:26.617 22519 22540 I Finsky:background: [71] Current account updated in PVS
04-21 10:24:26.617 22519 22540 I Finsky:background: [71] Current account updated in PVS
04-21 10:24:26.617 22519 22540 I Finsky:background: [71] Current account updated in PVS
04-21 10:24:26.618 22519 22540 I Finsky:background: [71] Current account updated in PVS
04-21 10:24:26.618 22519 22537 I Finsky:background: [70] Current account updated in PVS
04-21 10:24:26.618 22924 25213 I PermissionControllerServiceImpl: Updating user sensitive for uid 10230
04-21 10:24:26.619  1267  1267 E SmsApplication: com.google.android.apps.messaging lost android:read_cell_broadcasts:  (fixing)
04-21 10:24:26.620   663  1476 W AppOpService: Ignored setUidMode call for runtime permission app op: uid = 10155, code = READ_CELL_BROADCASTS, mode = allow, callingUid = 1001, oldMode = allow
04-21 10:24:26.634  1112  1415 V WindowManagerShell: onTransitionReady(transaction=2847563330692)
04-21 10:24:26.634 22519 22519 I Finsky:background: [2] ahsc - Received: android.intent.action.PACKAGE_ADDED, [Fmkd-bPqb21sRS5ptrhiOmddKZ3BykDPbm52deyGO18]
04-21 10:24:26.636   663  1788 W AppOpService: Ignored setUidMode call for runtime permission app op: uid = 1001, code = READ_SMS, mode = allow, callingUid = 1001, oldMode = allow
04-21 10:24:26.636   663  1407 W AppOpService: Ignored setUidMode call for runtime permission app op: uid = 1001, code = RECEIVE_SMS, mode = allow, callingUid = 1001, oldMode = allow
04-21 10:24:26.637   663   683 W AppOpService: Ignored setUidMode call for runtime permission app op: uid = 1001, code = RECEIVE_WAP_PUSH, mode = allow, callingUid = 1001, oldMode = allow
04-21 10:24:26.639  1112  1157 D Bubbles : BubbleData.onLocusVisibilityChanged() locusId=Overview|DISABLED visible=true taskId=1
04-21 10:24:26.638   663   683 W AppOpService: Ignored setUidMode call for runtime permission app op: uid = 1001, code = SEND_SMS, mode = allow, callingUid = 1001, oldMode = allow
04-21 10:24:26.638   663  1407 W AppOpService: Ignored setUidMode call for runtime permission app op: uid = 1001, code = READ_CELL_BROADCASTS, mode = allow, callingUid = 1001, oldMode = allow
04-21 10:24:26.639   663   688 V WindowManager: Sent Transition (#192) createdAt=04-21 10:24:26.390 via request=TransitionRequestInfo { type = CLOSE, triggerTask = TaskInfo{userId=0 taskId=26 effectiveUid=10230 displayId=0 isRunning=false baseIntent=Intent { flg=0x10000000 cmp=com.aidemoi.app/.MainActivity } baseActivity=null topActivity=null origActivity=null realActivity=ComponentInfo{com.aidemoi.app/com.aidemoi.app.MainActivity} realActivityIsAppLockEnabled=false numActivities=0 lastActiveTime=16948933 supportsMultiWindow=true supportsMultiWindowWithoutConstraints=true resizeMode=1 isResizeable=true minWidth=-1 minHeight=-1 defaultMinSize=220 token=WCT{RemoteToken{2e15861 Task{3be4e03 #26 type=standard A=10230:com.aidemoi.app}}} topActivityType=1 pictureInPictureParams=null shouldDockBigOverlays=false launchIntoPipHostTaskId=-1 lastParentTaskIdBeforePip=-1 displayCutoutSafeInsets=Rect(0, 0 - 0, 0) topActivityInfo=null launchCookies=[] positionInParent=Point(0, 0) parentTaskId=-1 isFocused=true isInteractive=false isVisible=true isVisibleRequested=true isTopActivityNoDisplay=false isSleeping=false locusId=null displayAreaFeatureId=1 isTopActivityTransparent=false isActivityStackTransparent=true lastNonFullscreenBounds=null leafTaskBoundsFromOptions= false capturedLink=null capturedLinkTimestamp=0 requestedVisibleTypes=503 topActivityRequestOpenInBrowserEducationTimestamp=0 appCompatTaskInfo=AppCompatTaskInfo { topActivityInSizeCompat=false isLeafTask= true eligibleForLetterboxEducation= false isLetterboxEducationEnabled= false isLetterboxDoubleTapEnabled= false eligibleForUserAspectRatioButton= false topActivityBoundsLetterboxed= false isFromLetterboxDoubleTap= false topActivityLetterboxVerticalPosition= -1 topActivityLetterboxHorizontalPosition= -1 topActivityLetterboxWidth=-1 topActivityLetterboxHeight=-1 topActivityAppBounds=Rect(0, 0 - 0, 0) isUserFullscreenOverrideEnabled=false isSystemFullscreenOverrideEnabled=false hasMinAspectRatioOverride=false topActivityLetterboxBounds=null topNonResizableActivityAspectRatio=-1.0} topActivityMainWindowFrame=null isAppBubble=false}, pipChange = null, remoteTransitionInfo = null, displayChange = null, requestedLocation = null, userChange = null, windowingLayerChange = null, fullscreenRequestChange = null, flags = 0, debugId = 192 }
04-21 10:24:26.640  1112  1157 V WindowManagerShell: onTransitionReady (#192) android.os.BinderProxy@329d639: {id=192 t=CLOSE f=0x0 trk=0 r=[0@Point(0, 0)] c=[
04-21 10:24:26.640  1112  1157 V WindowManagerShell:         {m=TO_FRONT f=SHOW_WALLPAPER|MOVE_TO_TOP leash=Surface(name=Task=1#34)/@0x23475ad sb=Rect(0, 0 - 1344, 2992) eb=Rect(0, 0 - 1344, 2992) epz=Point(1344, 2992) d=0 taskParent=-1 winMode=1 userId=0},
04-21 10:24:26.640  1112  1157 V WindowManagerShell:         {m=CLOSE f=NONE leash=Surface(name=Task=26#1731)/@0xcff00e2 sb=Rect(0, 0 - 1344, 2992) eb=Rect(0, 0 - 1344, 2992) epz=Point(1344, 2992) d=0 taskParent=-1 winMode=1 userId=0},
04-21 10:24:26.640  1112  1157 V WindowManagerShell:         {m=TO_FRONT f=IS_WALLPAPER leash=Surface(name=WallpaperWindowToken{a6b8ff4}#46)/@0xba46c73 sb=Rect(0, 0 - 1344, 2992) eb=Rect(0, 0 - 1344, 2992) epz=Point(1344, 2992) d=0}
04-21 10:24:26.640  1112  1157 V WindowManagerShell:     ]}
04-21 10:24:26.642  1112  1157 V WindowManagerShell: Playing animation for (#192) android.os.BinderProxy@329d639@0
04-21 10:24:26.642  1112  1157 D ShellSplitScreen: startAnimation: transition=192 isSplitActive=false
04-21 10:24:26.642  1112  1157 V ShellRecents: RecentsTransitionHandler.startAnimation: no controller found
04-21 10:24:26.642  1112  1157 V ShellDesktopMode: DesktopMixedTransitionHandler: No pending desktop transition
04-21 10:24:26.642  1112  1157 V WindowManagerShell: Transition doesn't have explicit remote, search filters for match for {id=192 t=CLOSE f=0x0 trk=0 r=[0@Point(0, 0)] c=[{m=TO_FRONT f=SHOW_WALLPAPER|MOVE_TO_TOP leash=Surface(name=Task=1#34)/@0x23475ad sb=Rect(0, 0 - 1344, 2992) eb=Rect(0, 0 - 1344, 2992) epz=Point(1344, 2992) d=0 taskParent=-1 winMode=1 userId=0},{m=CLOSE f=NONE leash=Surface(name=Task=26#1731)/@0xcff00e2 sb=Rect(0, 0 - 1344, 2992) eb=Rect(0, 0 - 1344, 2992) epz=Point(1344, 2992) d=0 taskParent=-1 winMode=1 userId=0},{m=TO_FRONT f=IS_WALLPAPER leash=Surface(name=WallpaperWindowToken{a6b8ff4}#46)/@0xba46c73 sb=Rect(0, 0 - 1344, 2992) eb=Rect(0, 0 - 1344, 2992) epz=Point(1344, 2992) d=0}]}
04-21 10:24:26.643  1112  1157 V WindowManagerShell:  Checking filter Pair{{types=[] flags=0x0 notFlags=0x0 checks=[{atype=undefined independent=true modes=[CLOSE,TO_BACK] flags=IN_TASK_WITH_EMBEDDED_ACTIVITY mustBeTask=false order=ANY topActivity=null launchCookie=null taskFragmentToken=android.os.BinderProxy@305fabc windowingMode=undefined isCrossDisplayMove=false}]} RemoteTransition { remoteTransition = android.window.IRemoteTransition$Stub$Proxy@5593a45, appThread = android.app.IApplicationThread$Stub$Proxy@d1d059a, debugName = overlayBackTransition, filter = {types=[] flags=0x0 notFlags=0x0 checks=[{atype=undefined independent=true modes=[CLOSE,TO_BACK] flags=IN_TASK_WITH_EMBEDDED_ACTIVITY mustBeTask=false order=ANY topActivity=null launchCookie=null taskFragmentToken=android.os.BinderProxy@305fabc windowingMode=undefined isCrossDisplayMove=false}]} }}
04-21 10:24:26.642   663   688 V WindowManager:     startWCT=WindowContainerTransaction { changes= {} hops= [] flags= 0 errorCallbackToken=null taskFragmentOrganizer=null }
04-21 10:24:26.643  1112  1157 V WindowManagerShell:  Checking filter Pair{{types=[] flags=0x0 notFlags=0x0 checks=[{atype=dream independent=true modes=[OPEN,TO_FRONT] flags=NONE mustBeTask=false order=ANY topActivity=null launchCookie=null windowingMode=undefined isCrossDisplayMove=false},{atype=home independent=true modes=[CLOSE,TO_BACK] flags=NONE mustBeTask=false order=ANY topActivity=null launchCookie=null windowingMode=undefined isCrossDisplayMove=false}]} RemoteTransition { remoteTransition = android.window.IRemoteTransition$Stub$Proxy@c2c7ecb, appThread = android.app.IApplicationThread$Stub$Proxy@99606a8, debugName = LauncherToDream, filter = {types=[] flags=0x0 notFlags=0x0 checks=[{atype=dream independent=true modes=[OPEN,TO_FRONT] flags=NONE mustBeTask=false order=ANY topActivity=null launchCookie=null windowingMode=undefined isCrossDisplayMove=false},{atype=home independent=true modes=[CLOSE,TO_BACK] flags=NONE mustBeTask=false order=ANY topActivity=null launchCookie=null windowingMode=undefined isCrossDisplayMove=false}]} }}
04-21 10:24:26.643   663   688 V WindowManager:     info={id=192 t=CLOSE f=0x0 trk=0 r=[0@Point(0, 0)] c=[
04-21 10:24:26.643   663   688 V WindowManager:         {WCT{RemoteToken{f57f6d6 Task{364e51c #1 type=home}}} m=TO_FRONT f=SHOW_WALLPAPER|MOVE_TO_TOP leash=Surface(name=Task=1#34)/@0xcf7a803 sb=Rect(0, 0 - 1344, 2992) eb=Rect(0, 0 - 1344, 2992) epz=Point(1344, 2992) d=0 taskParent=-1 winMode=1 userId=0},
04-21 10:24:26.643   663   688 V WindowManager:         {WCT{RemoteToken{2e15861 Task{3be4e03 #26 type=standard A=10230:com.aidemoi.app}}} m=CLOSE f=NONE leash=Surface(name=Task=26#1731)/@0xa91f86b sb=Rect(0, 0 - 1344, 2992) eb=Rect(0, 0 - 1344, 2992) epz=Point(1344, 2992) d=0 taskParent=-1 winMode=1 userId=0},
04-21 10:24:26.643   663   688 V WindowManager:         {m=TO_FRONT f=IS_WALLPAPER leash=Surface(name=WallpaperWindowToken{a6b8ff4}#46)/@0x9cb153b sb=Rect(0, 0 - 1344, 2992) eb=Rect(0, 0 - 1344, 2992) epz=Point(1344, 2992) d=0}
04-21 10:24:26.643   663   688 V WindowManager:     ]}
04-21 10:24:26.644  1112  1157 V WindowManagerShell:  Checking filter Pair{{types=[] flags=0x0 notFlags=0x0 checks=[{atype=standard independent=false modes=[CHANGE] flags=NONE mustBeTask=true order=ANY topActivity=null launchCookie=null windowingMode=undefined isCrossDisplayMove=true}]} RemoteTransition { remoteTransition = android.window.IRemoteTransition$Stub$Proxy@8d835c1, appThread = android.app.IApplicationThread$Stub$Proxy@8b5e166, debugName = QuickstepDisplayMove, filter = {types=[] flags=0x0 notFlags=0x0 checks=[{atype=standard independent=false modes=[CHANGE] flags=NONE mustBeTask=true order=ANY topActivity=null launchCookie=null windowingMode=undefined isCrossDisplayMove=true}]} }}
04-21 10:24:26.644  1112  1157 V WindowManagerShell:  Checking filter Pair{{types=[] flags=0x0 notFlags=0x100 checks=[{atype=home independent=true modes=[OPEN,TO_FRONT] flags=NONE mustBeTask=false order=ANY topActivity=ComponentInfo{com.google.android.apps.nexuslauncher/com.google.android.apps.nexuslauncher.NexusLauncherActivity} launchCookie=null windowingMode=undefined isCrossDisplayMove=false},{atype=standard independent=true modes=[CLOSE,TO_BACK] flags=NONE mustBeTask=false order=ANY topActivity=null launchCookie=null windowingMode=undefined isCrossDisplayMove=false},{NOT atype=undefined independent=true modes=[] flags=NONE mustBeTask=true order=ANY topActivity=null launchCookie=null customAnim=true windowingMode=undefined isCrossDisplayMove=false}]} RemoteTransition { remoteTransition = android.window.IRemoteTransition$Stub$Proxy@b023ca7, appThread = android.app.IApplicationThread$Stub$Proxy@e98e554, debugName = QuickstepLaunchHome, filter = {types=[] flags=0x0 notFlags=0x100 checks=[{atype=home independent=true modes=[OPEN,TO_FRONT] flags=NONE mustBeTask=false order=ANY topActivity=ComponentInfo{com.google.android.apps.nexuslauncher/com.google.android.apps.nexuslauncher.NexusLauncherActivity} launchCookie=null windowingMode=undefined isCrossDisplayMove=false},{atype=standard independent=true modes=[CLOSE,TO_BACK] flags=NONE mustBeTask=false order=ANY topActivity=null launchCookie=null windowingMode=undefined isCrossDisplayMove=false},{NOT atype=undefined independent=true modes=[] flags=NONE mustBeTask=true order=ANY topActivity=null launchCookie=null customAnim=true windowingMode=undefined isCrossDisplayMove=false}]} }}
04-21 10:24:26.644  1112  1157 D RemoteTransitionHandler: Found filterPair{{types=[] flags=0x0 notFlags=0x100 checks=[{atype=home independent=true modes=[OPEN,TO_FRONT] flags=NONE mustBeTask=false order=ANY topActivity=ComponentInfo{com.google.android.apps.nexuslauncher/com.google.android.apps.nexuslauncher.NexusLauncherActivity} launchCookie=null windowingMode=undefined isCrossDisplayMove=false},{atype=standard independent=true modes=[CLOSE,TO_BACK] flags=NONE mustBeTask=false order=ANY topActivity=null launchCookie=null windowingMode=undefined isCrossDisplayMove=false},{NOT atype=undefined independent=true modes=[] flags=NONE mustBeTask=true order=ANY topActivity=null launchCookie=null customAnim=true windowingMode=undefined isCrossDisplayMove=false}]} RemoteTransition { remoteTransition = android.window.IRemoteTransition$Stub$Proxy@b023ca7, appThread = android.app.IApplicationThread$Stub$Proxy@e98e554, debugName = QuickstepLaunchHome, filter = {types=[] flags=0x0 notFlags=0x100 checks=[{atype=home independent=true modes=[OPEN,TO_FRONT] flags=NONE mustBeTask=false order=ANY topActivity=ComponentInfo{com.google.android.apps.nexuslauncher/com.google.android.apps.nexuslauncher.NexusLauncherActivity} launchCookie=null windowingMode=undefined isCrossDisplayMove=false},{atype=standard independent=true modes=[CLOSE,TO_BACK] flags=NONE mustBeTask=false order=ANY topActivity=null launchCookie=null windowingMode=undefined isCrossDisplayMove=false},{NOT atype=undefined independent=true modes=[] flags=NONE mustBeTask=true order=ANY topActivity=null launchCookie=null customAnim=true windowingMode=undefined isCrossDisplayMove=false}]} }}
04-21 10:24:26.647  1112  1157 V WindowManagerShell:  Delegate animation for (#192) to RemoteTransition { remoteTransition = android.window.IRemoteTransition$Stub$Proxy@b023ca7, appThread = android.app.IApplicationThread$Stub$Proxy@e98e554, debugName = QuickstepLaunchHome, filter = {types=[] flags=0x0 notFlags=0x100 checks=[{atype=home independent=true modes=[OPEN,TO_FRONT] flags=NONE mustBeTask=false order=ANY topActivity=ComponentInfo{com.google.android.apps.nexuslauncher/com.google.android.apps.nexuslauncher.NexusLauncherActivity} launchCookie=null windowingMode=undefined isCrossDisplayMove=false},{atype=standard independent=true modes=[CLOSE,TO_BACK] flags=NONE mustBeTask=false order=ANY topActivity=null launchCookie=null windowingMode=undefined isCrossDisplayMove=false},{NOT atype=undefined independent=true modes=[] flags=NONE mustBeTask=true order=ANY topActivity=null launchCookie=null customAnim=true windowingMode=undefined isCrossDisplayMove=false}]} }
04-21 10:24:26.673  1418  1418 D LauncherStateManager: StateManager.createAtomicAnimation: fromState: Normal, toState: Normal, partial trace:
04-21 10:24:26.673  1418  1418 D LauncherStateManager: 	at com.android.quickstep.util.ScalingWorkspaceRevealAnim.<init>(go/retraceme 7226a759aa2bb3787a79806f85d80eaad84f1f1e15acd6db988f2df789d1680d:60)
04-21 10:24:26.673  1418  1418 D LauncherStateManager: 	at com.android.launcher3.QuickstepTransitionManager.createWallpaperOpenAnimations(go/retraceme 7226a759aa2bb3787a79806f85d80eaad84f1f1e15acd6db988f2df789d1680d:560)
04-21 10:24:26.673  1418  1418 D LauncherStateManager: 	at com.android.launcher3.QuickstepTransitionManager$WallpaperOpenLauncherAnimationRunner.onAnimationStart(go/retraceme 7226a759aa2bb3787a79806f85d80eaad84f1f1e15acd6db988f2df789d1680d:135)
04-21 10:24:26.673  1418  1418 D AllAppsTransitionController: shouldProtectHeader: false skipScrim: true state: Normal stateManager.getState(): Normal
04-21 10:24:26.673  1418  1418 D KeyboardInsetsHandler: removePendingImeController: pendingImeController=null
04-21 10:24:26.674  1418  1418 V BaseDepthController: Applying blur: 0 to Surface(name=VRI-com.google.android.apps.nexuslauncher/com.google.android.apps.nexuslauncher.NexusLauncherActivity#1744)/@0x98b7433 applyImmediately: false
04-21 10:24:26.674  1418  1418 D BaseDepthController: shouldBlurWorkspace: false targetState: Normal currentStableState: Normal mCurrentBlur: 0 mLauncher.getDepthBlurTargets(): [com.android.launcher3.Workspace{3a33f0 V.ED..... ......ID 0,0-1344,2992 #7f0a047d app:id/workspace}, com.android.launcher3.Hotseat{3b6d69 V.ED..... ........ 0,2425-1344,2992 #7f0a01f1 app:id/hotseat}]
04-21 10:24:26.674  1418  1418 V BaseDepthController: Applying blur: 0 to Surface(name=VRI-com.google.android.apps.nexuslauncher/com.google.android.apps.nexuslauncher.NexusLauncherActivity#1744)/@0x98b7433 applyImmediately: false
04-21 10:24:26.674  1418  1418 D BaseDepthController: shouldBlurWorkspace: false targetState: Normal currentStableState: Normal mCurrentBlur: 0 mLauncher.getDepthBlurTargets(): [com.android.launcher3.Workspace{3a33f0 V.ED..... ......ID 0,0-1344,2992 #7f0a047d app:id/workspace}, com.android.launcher3.Hotseat{3b6d69 V.ED..... ........ 0,2425-1344,2992 #7f0a01f1 app:id/hotseat}]
04-21 10:24:26.676   526   577 W skia    : AGTM parsing failed flags.readFromStream(s) at 159
04-21 10:24:26.676   526   577 W skia    : AGTM parsing failed flags.readFromStream(s) at 159
04-21 10:24:26.679  1418  1418 D LauncherStateManager: StateManager.cancelAnimation: animation ongoing: false, partial trace:
04-21 10:24:26.679  1418  1418 D LauncherStateManager: 	at com.android.launcher3.statemanager.StateManager.setCurrentAnimation(go/retraceme 7226a759aa2bb3787a79806f85d80eaad84f1f1e15acd6db988f2df789d1680d:59)
04-21 10:24:26.679  1418  1418 D LauncherStateManager: 	at com.android.launcher3.QuickstepTransitionManager.createWallpaperOpenAnimations(go/retraceme 7226a759aa2bb3787a79806f85d80eaad84f1f1e15acd6db988f2df789d1680d:672)
04-21 10:24:26.679  1418  1418 D LauncherStateManager: 	at com.android.launcher3.QuickstepTransitionManager$WallpaperOpenLauncherAnimationRunner.onAnimationStart(go/retraceme 7226a759aa2bb3787a79806f85d80eaad84f1f1e15acd6db988f2df789d1680d:135)
04-21 10:24:26.679  1418  1418 D b/311077782: LauncherAnimationRunner.setAnimation
04-21 10:24:26.679  1418  1418 V BaseDepthController: Applying blur: 0 to Surface(name=VRI-com.google.android.apps.nexuslauncher/com.google.android.apps.nexuslauncher.NexusLauncherActivity#1744)/@0x98b7433 applyImmediately: false
04-21 10:24:26.680  1418  1418 D BaseDepthController: shouldBlurWorkspace: false targetState: Normal currentStableState: Normal mCurrentBlur: 0 mLauncher.getDepthBlurTargets(): [com.android.launcher3.Workspace{3a33f0 V.ED..... ......ID 0,0-1344,2992 #7f0a047d app:id/workspace}, com.android.launcher3.Hotseat{3b6d69 V.ED..... ......ID 0,2425-1344,2992 #7f0a01f1 app:id/hotseat}]
04-21 10:24:26.681  1418  1418 V BaseDepthController: Applying blur: 0 to Surface(name=VRI-com.google.android.apps.nexuslauncher/com.google.android.apps.nexuslauncher.NexusLauncherActivity#1744)/@0x98b7433 applyImmediately: false
04-21 10:24:26.681  1418  1418 D BaseDepthController: shouldBlurWorkspace: false targetState: Normal currentStableState: Normal mCurrentBlur: 0 mLauncher.getDepthBlurTargets(): [com.android.launcher3.Workspace{3a33f0 V.ED..... ......ID 0,0-1344,2992 #7f0a047d app:id/workspace}, com.android.launcher3.Hotseat{3b6d69 V.ED..... ......ID 0,2425-1344,2992 #7f0a01f1 app:id/hotseat}]
04-21 10:24:26.682  1418  1418 V BaseDepthController: Applying blur: 0 to Surface(name=VRI-com.google.android.apps.nexuslauncher/com.google.android.apps.nexuslauncher.NexusLauncherActivity#1744)/@0x98b7433 applyImmediately: false
04-21 10:24:26.682  1418  1418 D BaseDepthController: shouldBlurWorkspace: false targetState: Normal currentStableState: Normal mCurrentBlur: 0 mLauncher.getDepthBlurTargets(): [com.android.launcher3.Workspace{3a33f0 V.ED..... ......ID 0,0-1344,2992 #7f0a047d app:id/workspace}, com.android.launcher3.Hotseat{3b6d69 V.ED..... ......ID 0,2425-1344,2992 #7f0a01f1 app:id/hotseat}]
04-21 10:24:26.682  1418  1418 V BaseDepthController: Applying blur: 0 to Surface(name=VRI-com.google.android.apps.nexuslauncher/com.google.android.apps.nexuslauncher.NexusLauncherActivity#1744)/@0x98b7433 applyImmediately: false
04-21 10:24:26.682  1418  1418 D BaseDepthController: shouldBlurWorkspace: false targetState: Normal currentStableState: Normal mCurrentBlur: 0 mLauncher.getDepthBlurTargets(): [com.android.launcher3.Workspace{3a33f0 V.ED..... ......ID 0,0-1344,2992 #7f0a047d app:id/workspace}, com.android.launcher3.Hotseat{3b6d69 V.ED..... ......ID 0,2425-1344,2992 #7f0a01f1 app:id/hotseat}]
04-21 10:24:26.682  1418  1418 V BaseDepthController: Applying blur: 0 to Surface(name=VRI-com.google.android.apps.nexuslauncher/com.google.android.apps.nexuslauncher.NexusLauncherActivity#1744)/@0x98b7433 applyImmediately: false
04-21 10:24:26.682  1418  1418 D BaseDepthController: shouldBlurWorkspace: false targetState: Normal currentStableState: Normal mCurrentBlur: 0 mLauncher.getDepthBlurTargets(): [com.android.launcher3.Workspace{3a33f0 V.ED..... ......ID 0,0-1344,2992 #7f0a047d app:id/workspace}, com.android.launcher3.Hotseat{3b6d69 V.ED..... ......ID 0,2425-1344,2992 #7f0a01f1 app:id/hotseat}]
04-21 10:24:26.685   663  1910 W ActivityTaskManager: setRunningRemoteTransition: no process for null
04-21 10:24:26.687  1112  1157 V WindowManagerShell:  animated by com.android.wm.shell.transition.RemoteTransitionHandler@63b88e8
04-21 10:24:26.691 22380 22424 I Finsky  : [74] Current account updated in PVS
04-21 10:24:26.692  1418  1418 D BaseActivity: Launcher flags updated: [state_started|state_resumed|state_deferred_resumed|state_window_focused|state_user_active] +[state_window_focused]
04-21 10:24:26.692 22380 25466 I Finsky  : [215] SCH: Received scheduling request: Id: 12-1, Constraints: [{ L: 15000, D: 86400000, C: CHARGING_NONE, I: IDLE_NONE, N: NET_ANY, B: BATTERY_ANY }]
04-21 10:24:26.693 22519 22540 I Finsky:background: [71] Current account updated in PVS
04-21 10:24:26.693   663  1231 I Role    : com.google.android.gms not qualified for android.app.role.SYSTEM_DEPENDENCY_INSTALLER due to missing RequiredComponent{mFlags='0', mIntentFilterData=IntentFilterData{mAction='android.content.pm.action.INSTALL_DEPENDENCY', mCategories='[]', mDataScheme='null', mDataType='null'}, mMetaData=[], mPermission='android.permission.BIND_DEPENDENCY_INSTALLER', mQueryFlags=0} Requirement{mFeatureFlag=null, mMinTargetSdkVersion=1}
04-21 10:24:26.694   663  1231 E RoleControllerServiceImpl: Default/fallback role holder package doesn't qualify for the role, package: com.google.android.gms, role: android.app.role.SYSTEM_DEPENDENCY_INSTALLER, user: 0
04-21 10:24:26.695 22519 22537 I Finsky:background: [70] Current account updated in PVS
04-21 10:24:26.697 22519 22537 I Finsky:background: [70] Current account updated in PVS
04-21 10:24:26.697 22519 22537 I Finsky:background: [70] Current account updated in PVS
04-21 10:24:26.697 22519 22537 I Finsky:background: [70] Current account updated in PVS
04-21 10:24:26.700 22519 22535 I Finsky:background: [69] Current account updated in PVS
04-21 10:24:26.699 22519 22533 I Finsky:background: [67] Current account updated in PVS
04-21 10:24:26.700 22519 22537 I Finsky:background: [70] Current account updated in PVS
04-21 10:24:26.699 22519 22533 I Finsky:background: [67] Current account updated in PVS
04-21 10:24:26.700 22519 22533 I Finsky:background: [67] Current account updated in PVS
04-21 10:24:26.702 22519 22537 I Finsky:background: [70] Current account updated in PVS
04-21 10:24:26.702  1418  1418 V BaseDepthController: Applying blur: 0 to Surface(name=VRI-com.google.android.apps.nexuslauncher/com.google.android.apps.nexuslauncher.NexusLauncherActivity#1744)/@0x98b7433 applyImmediately: false
04-21 10:24:26.703  1418  1418 D BaseDepthController: shouldBlurWorkspace: false targetState: Normal currentStableState: Normal mCurrentBlur: 0 mLauncher.getDepthBlurTargets(): [com.android.launcher3.Workspace{3a33f0 V.ED..... ........ 0,0-1344,2992 #7f0a047d app:id/workspace}, com.android.launcher3.Hotseat{3b6d69 V.ED..... .......D 0,2425-1344,2992 #7f0a01f1 app:id/hotseat}]
04-21 10:24:26.702 22519 22533 I Finsky:background: [67] Current account updated in PVS
04-21 10:24:26.704 22519 22540 I Finsky:background: [71] Current account updated in PVS
04-21 10:24:26.704 22519 22540 I Finsky:background: [71] Current account updated in PVS
04-21 10:24:26.704   663   790 I ImeTracker: com.google.android.apps.nexuslauncher:a51cd7c0: onRequestHide at ORIGIN_SERVER reason HIDE_SAME_WINDOW_FOCUSED_WITHOUT_EDITOR fromUser false userId 0 displayId 0
04-21 10:24:26.707   663   790 W InputChannel-JNI: Channel already disposed.
04-21 10:24:26.709 22380 22380 I Finsky  : [2] ahsm - Received: android.intent.action.PACKAGE_ADDED, [Fmkd-bPqb21sRS5ptrhiOmddKZ3BykDPbm52deyGO18]
04-21 10:24:26.710 10790 10790 I GoogleInputMethodService: GoogleInputMethodService.onFinishInput():2113 
04-21 10:24:26.713 10790 10790 I Module  : DeviceLockedStatusModuleProvider$Module.updateDeviceLockedStatus():103 repeatCheckTimes = 0, locked = false
04-21 10:24:26.713 10790 10790 I GoogleInputMethodService: GoogleInputMethodService.onStartInput():1384 onStartInput(EditorInfo{EditorInfo{packageName=com.google.android.apps.nexuslauncher, inputType=0, inputTypeString=NULL, enableLearning=false, autoCorrection=false, autoComplete=false, imeOptions=0, privateImeOptions=null, actionName=UNSPECIFIED, actionLabel=null, initialSelStart=-1, initialSelEnd=-1, initialCapsMode=0, label=null, fieldId=0, fieldName=null, extras=null, hintText=null, hintLocales=[]}}, false)
04-21 10:24:26.716 10790 10790 I AndroidIME: LatinIMEBase.updateInputViewCoverNavigation():314 Update input view padding, extendsTouchBelowSpace=true, bottom inset=72
04-21 10:24:26.721  1418  1418 D InsetsController: hide(ime())
04-21 10:24:26.721  1418  1418 I ImeTracker: com.google.android.apps.nexuslauncher:a51cd7c0: onCancelled at PHASE_CLIENT_ALREADY_HIDDEN
04-21 10:24:26.722 22380 22380 I Finsky  : [2] DTU: Received onPackageAdded, replacing: true
04-21 10:24:26.723   663   696 I AppBindingService: [Supervision app] feature disabled
04-21 10:24:26.722 10790 10790 I Module  : DeviceLockedStatusModuleProvider$Module.updateDeviceLockedStatus():103 repeatCheckTimes = 1, locked = false
04-21 10:24:26.725  1418  1418 V BaseDepthController: Applying blur: 0 to Surface(name=VRI-com.google.android.apps.nexuslauncher/com.google.android.apps.nexuslauncher.NexusLauncherActivity#1744)/@0x98b7433 applyImmediately: false
04-21 10:24:26.725  1418  1418 D BaseDepthController: shouldBlurWorkspace: false targetState: Normal currentStableState: Normal mCurrentBlur: 0 mLauncher.getDepthBlurTargets(): [com.android.launcher3.Workspace{3a33f0 V.ED..... ........ 0,0-1344,2992 #7f0a047d app:id/workspace}, com.android.launcher3.Hotseat{3b6d69 V.ED..... .......D 0,2425-1344,2992 #7f0a01f1 app:id/hotseat}]
04-21 10:24:26.726   663  1097 W PackageConfigPersister: App-specific configuration not found for packageName: com.google.android.apps.nexuslauncher and userId: 0
04-21 10:24:26.726  4141 25673 I AiAiEcho: AppIndexer Package:[com.aidemoi.app] UserProfile:[0] Enabled:[true].
04-21 10:24:26.727  4141 25673 I AiAiEcho: AppFetcherImplV2 updateApps package:[com.aidemoi.app], userId:[0], reason:[package is updated.].
04-21 10:24:26.733  1267  1267 E SmsApplication: com.google.android.apps.messaging lost android:read_cell_broadcasts:  (fixing)
04-21 10:24:26.734   663  1788 W AppOpService: Ignored setUidMode call for runtime permission app op: uid = 10155, code = READ_CELL_BROADCASTS, mode = allow, callingUid = 1001, oldMode = allow
04-21 10:24:26.737  1418  1418 V BaseDepthController: Applying blur: 0 to Surface(name=VRI-com.google.android.apps.nexuslauncher/com.google.android.apps.nexuslauncher.NexusLauncherActivity#1744)/@0x98b7433 applyImmediately: false
04-21 10:24:26.737  1418  1418 D BaseDepthController: shouldBlurWorkspace: false targetState: Normal currentStableState: Normal mCurrentBlur: 0 mLauncher.getDepthBlurTargets(): [com.android.launcher3.Workspace{3a33f0 V.ED..... ........ 0,0-1344,2992 #7f0a047d app:id/workspace}, com.android.launcher3.Hotseat{3b6d69 V.ED..... ........ 0,2425-1344,2992 #7f0a01f1 app:id/hotseat}]
04-21 10:24:26.738 22380 22380 I Finsky  : [2] SCH: Received scheduling request: Id: 12-1, Constraints: [{ L: 15000, D: 86400000, C: CHARGING_NONE, I: IDLE_NONE, N: NET_ANY, B: BATTERY_ANY }]
04-21 10:24:26.743   663   683 W AppOpService: Ignored setUidMode call for runtime permission app op: uid = 1001, code = READ_SMS, mode = allow, callingUid = 1001, oldMode = allow
04-21 10:24:26.744   663  1097 W AppOpService: Ignored setUidMode call for runtime permission app op: uid = 1001, code = RECEIVE_SMS, mode = allow, callingUid = 1001, oldMode = allow
04-21 10:24:26.744   663  1788 W AppOpService: Ignored setUidMode call for runtime permission app op: uid = 1001, code = RECEIVE_WAP_PUSH, mode = allow, callingUid = 1001, oldMode = allow
04-21 10:24:26.746   663   683 W AppOpService: Ignored setUidMode call for runtime permission app op: uid = 1001, code = SEND_SMS, mode = allow, callingUid = 1001, oldMode = allow
04-21 10:24:26.746 22380 22380 I Finsky  : [2] ahsm - Received: android.intent.action.PACKAGE_ADDED, [Fmkd-bPqb21sRS5ptrhiOmddKZ3BykDPbm52deyGO18]
04-21 10:24:26.747   663   795 V AccessibilityUserState: updateShortcutTargets: type:accessibility_shortcut_target_service, current:{}, new:{}
04-21 10:24:26.747   663   795 V AccessibilityUserState: updateShortcutTargets: type:accessibility_qs_targets, current:{}, new:{}
04-21 10:24:26.747   663   795 V AccessibilityUserState: updateShortcutTargets: type:accessibility_button_targets, current:{}, new:{}
04-21 10:24:26.747   663   795 V AccessibilityUserState: updateShortcutTargets: type:accessibility_gesture_targets, current:{}, new:{}
04-21 10:24:26.747   663   795 V AccessibilityUserState: updateShortcutTargets: type:accessibility_key_gesture_targets, current:{}, new:{}
04-21 10:24:26.747   663   795 V AccessibilityUserState: updateShortcutTargets: type:accessibility_top_row_key_targets, current:{}, new:{}
04-21 10:24:26.747   663   795 V AccessibilityUserState: updateShortcutTargets: type:accessibility_quick_access_targets, current:{}, new:{}
04-21 10:24:26.747   663   795 V AccessibilityManagerService: onUserStateChangedLocked for userId: 0, forceUpdate: false
04-21 10:24:26.747   663   795 V AccessibilityUserState: updateShortcutTargets: type:accessibility_shortcut_target_service, current:{}, new:{}
04-21 10:24:26.747   663   795 V AccessibilityUserState: updateShortcutTargets: type:accessibility_button_targets, current:{}, new:{}
04-21 10:24:26.747   663   795 V AccessibilityUserState: updateShortcutTargets: type:accessibility_gesture_targets, current:{}, new:{}
04-21 10:24:26.747   663   795 V AccessibilityUserState: updateShortcutTargets: type:accessibility_qs_targets, current:{}, new:{}
04-21 10:24:26.747   663   795 V AccessibilityUserState: updateShortcutTargets: type:accessibility_key_gesture_targets, current:{}, new:{}
04-21 10:24:26.747   663   795 V AccessibilityUserState: updateShortcutTargets: type:accessibility_top_row_key_targets, current:{}, new:{}
04-21 10:24:26.747   663   795 V AccessibilityUserState: updateShortcutTargets: type:accessibility_quick_access_targets, current:{}, new:{}
04-21 10:24:26.747   663   795 W MagnificationConnectionManager: requestConnection duplicated request: connect=false, mConnectionState=DISCONNECTED
04-21 10:24:26.747   663   795 V AccessibilityUserState: updateShortcutTargets: type:accessibility_button_targets, current:{}, new:{}
04-21 10:24:26.747   663   795 V AccessibilityUserState: updateShortcutTargets: type:accessibility_qs_targets, current:{}, new:{}
04-21 10:24:26.747   663   663 V AccessibilityManagerService: onUserStateChangedLocked for userId: 0, forceUpdate: false
04-21 10:24:26.747   663   663 V AccessibilityUserState: updateShortcutTargets: type:accessibility_shortcut_target_service, current:{}, new:{}
04-21 10:24:26.747 22380 22424 I Finsky  : [74] Current account updated in PVS
04-21 10:24:26.747   663   663 V AccessibilityUserState: updateShortcutTargets: type:accessibility_button_targets, current:{}, new:{}
04-21 10:24:26.748   663   663 V AccessibilityUserState: updateShortcutTargets: type:accessibility_gesture_targets, current:{}, new:{}
04-21 10:24:26.748   663   663 V AccessibilityUserState: updateShortcutTargets: type:accessibility_qs_targets, current:{}, new:{}
04-21 10:24:26.748   663   663 V AccessibilityUserState: updateShortcutTargets: type:accessibility_key_gesture_targets, current:{}, new:{}
04-21 10:24:26.748   663   663 V AccessibilityUserState: updateShortcutTargets: type:accessibility_top_row_key_targets, current:{}, new:{}
04-21 10:24:26.748   663   663 V AccessibilityUserState: updateShortcutTargets: type:accessibility_quick_access_targets, current:{}, new:{}
04-21 10:24:26.748   663   663 W MagnificationConnectionManager: requestConnection duplicated request: connect=false, mConnectionState=DISCONNECTED
04-21 10:24:26.748   663   795 V AccessibilityUserState: updateShortcutTargets: type:accessibility_shortcut_target_service, current:{}, new:{}
04-21 10:24:26.748   663   795 V AccessibilityUserState: updateShortcutTargets: type:accessibility_qs_targets, current:{}, new:{}
04-21 10:24:26.748   663   795 V AccessibilityUserState: updateShortcutTargets: type:accessibility_button_targets, current:{}, new:{}
04-21 10:24:26.748   663   795 V AccessibilityUserState: updateShortcutTargets: type:accessibility_gesture_targets, current:{}, new:{}
04-21 10:24:26.748   663   795 V AccessibilityUserState: updateShortcutTargets: type:accessibility_key_gesture_targets, current:{}, new:{}
04-21 10:24:26.748   663   795 V AccessibilityUserState: updateShortcutTargets: type:accessibility_top_row_key_targets, current:{}, new:{}
04-21 10:24:26.748   663   795 V AccessibilityUserState: updateShortcutTargets: type:accessibility_quick_access_targets, current:{}, new:{}
04-21 10:24:26.748   663   795 V AccessibilityManagerService: onUserStateChangedLocked for userId: 0, forceUpdate: false
04-21 10:24:26.748   663   795 V AccessibilityUserState: updateShortcutTargets: type:accessibility_shortcut_target_service, current:{}, new:{}
04-21 10:24:26.748   663   795 V AccessibilityUserState: updateShortcutTargets: type:accessibility_button_targets, current:{}, new:{}
04-21 10:24:26.748   663   795 V AccessibilityUserState: updateShortcutTargets: type:accessibility_gesture_targets, current:{}, new:{}
04-21 10:24:26.748   663   795 V AccessibilityUserState: updateShortcutTargets: type:accessibility_qs_targets, current:{}, new:{}
04-21 10:24:26.748   663   795 V AccessibilityUserState: updateShortcutTargets: type:accessibility_key_gesture_targets, current:{}, new:{}
04-21 10:24:26.748   663   795 V AccessibilityUserState: updateShortcutTargets: type:accessibility_top_row_key_targets, current:{}, new:{}
04-21 10:24:26.748   663   795 V AccessibilityUserState: updateShortcutTargets: type:accessibility_quick_access_targets, current:{}, new:{}
04-21 10:24:26.748   663   795 W MagnificationConnectionManager: requestConnection duplicated request: connect=false, mConnectionState=DISCONNECTED
04-21 10:24:26.748   663   683 W AppOpService: Ignored setUidMode call for runtime permission app op: uid = 1001, code = READ_CELL_BROADCASTS, mode = allow, callingUid = 1001, oldMode = allow
04-21 10:24:26.750 22380 22380 I Finsky  : [2] ahsm - Deduping intent android.intent.action.PACKAGE_ADDED
04-21 10:24:26.749   663   663 W libbinder.IPCThreadState: Sending oneway calls to frozen process.
04-21 10:24:26.750   663   663 W libbinder.IPCThreadState: Sending oneway calls to frozen process.
04-21 10:24:26.750   663   663 W libbinder.IPCThreadState: Sending oneway calls to frozen process.
04-21 10:24:26.751 10527 10531 W .apps.wellbeing: Suspending all threads took: 5.166ms
04-21 10:24:26.752  1418  1418 V BaseDepthController: Applying blur: 0 to Surface(name=VRI-com.google.android.apps.nexuslauncher/com.google.android.apps.nexuslauncher.NexusLauncherActivity#1744)/@0x98b7433 applyImmediately: false
04-21 10:24:26.753 22380 22380 I Finsky  : [2] ahsm - Received: android.intent.action.PACKAGE_ADDED, [Fmkd-bPqb21sRS5ptrhiOmddKZ3BykDPbm52deyGO18]
04-21 10:24:26.753  1418  1418 D BaseDepthController: shouldBlurWorkspace: false targetState: Normal currentStableState: Normal mCurrentBlur: 0 mLauncher.getDepthBlurTargets(): [com.android.launcher3.Workspace{3a33f0 V.ED..... ........ 0,0-1344,2992 #7f0a047d app:id/workspace}, com.android.launcher3.Hotseat{3b6d69 V.ED..... .......D 0,2425-1344,2992 #7f0a01f1 app:id/hotseat}]
04-21 10:24:26.757 22519 25672 I Finsky:background: [157] Wrote row to frosting DB: 387
04-21 10:24:26.758 22380 22380 I Finsky  : [2] ahsm - Deduping intent android.intent.action.PACKAGE_ADDED
04-21 10:24:26.761   663   663 W libbinder.IPCThreadState: Sending oneway calls to frozen process.
04-21 10:24:26.763   663   663 W libbinder.IPCThreadState: Sending oneway calls to frozen process.
04-21 10:24:26.763   663   663 W libbinder.IPCThreadState: Sending oneway calls to frozen process.
04-21 10:24:26.763 10460 10464 W .gms.persistent: Suspending all threads took: 16.586ms
04-21 10:24:26.766   663  1231 E RoleControllerServiceImpl: Default/fallback role holder package doesn't qualify for the role, package: com.google.android.gms, role: android.app.role.WALLET, user: 0
04-21 10:24:26.772   663   663 V AccessibilityManagerService: onUserStateChangedLocked for userId: 0, forceUpdate: false
04-21 10:24:26.772   663   663 V AccessibilityUserState: updateShortcutTargets: type:accessibility_shortcut_target_service, current:{}, new:{}
04-21 10:24:26.772   663   663 V AccessibilityUserState: updateShortcutTargets: type:accessibility_button_targets, current:{}, new:{}
04-21 10:24:26.772   663   663 V AccessibilityUserState: updateShortcutTargets: type:accessibility_gesture_targets, current:{}, new:{}
04-21 10:24:26.772   663   663 V AccessibilityUserState: updateShortcutTargets: type:accessibility_qs_targets, current:{}, new:{}
04-21 10:24:26.772   663   663 V AccessibilityUserState: updateShortcutTargets: type:accessibility_key_gesture_targets, current:{}, new:{}
04-21 10:24:26.772   663   663 V AccessibilityUserState: updateShortcutTargets: type:accessibility_top_row_key_targets, current:{}, new:{}
04-21 10:24:26.772   663   663 V AccessibilityUserState: updateShortcutTargets: type:accessibility_quick_access_targets, current:{}, new:{}
04-21 10:24:26.772   663   663 W MagnificationConnectionManager: requestConnection duplicated request: connect=false, mConnectionState=DISCONNECTED
04-21 10:24:26.777 22519 22519 I Finsky:background: [2] ahsc - Received: android.intent.action.PACKAGE_ADDED, [Fmkd-bPqb21sRS5ptrhiOmddKZ3BykDPbm52deyGO18]
04-21 10:24:26.777  1418  1418 V BaseDepthController: Applying blur: 0 to Surface(name=VRI-com.google.android.apps.nexuslauncher/com.google.android.apps.nexuslauncher.NexusLauncherActivity#1744)/@0x98b7433 applyImmediately: false
04-21 10:24:26.777  1418  1418 D BaseDepthController: shouldBlurWorkspace: false targetState: Normal currentStableState: Normal mCurrentBlur: 0 mLauncher.getDepthBlurTargets(): [com.android.launcher3.Workspace{3a33f0 V.ED..... ........ 0,0-1344,2992 #7f0a047d app:id/workspace}, com.android.launcher3.Hotseat{3b6d69 V.ED..... ........ 0,2425-1344,2992 #7f0a01f1 app:id/hotseat}]
04-21 10:24:26.777   663   663 W libbinder.IPCThreadState: Sending oneway calls to frozen process.
04-21 10:24:26.780   663   663 W libbinder.IPCThreadState: Sending oneway calls to frozen process.
04-21 10:24:26.781   526   577 W skia    : AGTM parsing failed flags.readFromStream(s) at 159
04-21 10:24:26.781   526   577 W skia    : AGTM parsing failed flags.readFromStream(s) at 159
04-21 10:24:26.782   663   663 W libbinder.IPCThreadState: Sending oneway calls to frozen process.
04-21 10:24:26.782 22380 22415 I Finsky  : [68] RECEIVER_PACKAGE_MONITOR#logWorkEndAndFinishGoAsync: SUCCESS
04-21 10:24:26.785 22519 22519 I Finsky:background: [2] ahsc - Deduping intent android.intent.action.PACKAGE_ADDED
04-21 10:24:26.786  1267  1267 W VvmPkgInstalledRcvr: carrierVvmPkgAdded: carrier vvm packages doesn't contain com.aidemoi.app
04-21 10:24:26.788  1267  1529 D ImsResolver: maybeAddedImsService, packageName: com.aidemoi.app
04-21 10:24:26.788 22519 22519 I Finsky:background: [2] ahsc - Received: android.intent.action.PACKAGE_ADDED, [Fmkd-bPqb21sRS5ptrhiOmddKZ3BykDPbm52deyGO18]
04-21 10:24:26.788  1267  1529 V ImsResolver: searchForImsServices: package=com.aidemoi.app, users=[UserHandle{0}]
04-21 10:24:26.788  1267  1529 V ImsResolver: searchForImsServices: package=com.aidemoi.app, users=[UserHandle{0}]
04-21 10:24:26.788   663   663 W libbinder.IPCThreadState: Sending oneway calls to frozen process.
04-21 10:24:26.789   663   663 W libbinder.IPCThreadState: Sending oneway calls to frozen process.
04-21 10:24:26.792   663   663 W libbinder.IPCThreadState: Sending oneway calls to frozen process.
04-21 10:24:26.795  1418  1418 V BaseDepthController: Applying blur: 0 to Surface(name=VRI-com.google.android.apps.nexuslauncher/com.google.android.apps.nexuslauncher.NexusLauncherActivity#1744)/@0x98b7433 applyImmediately: false
04-21 10:24:26.795  1418  1418 D BaseDepthController: shouldBlurWorkspace: false targetState: Normal currentStableState: Normal mCurrentBlur: 0 mLauncher.getDepthBlurTargets(): [com.android.launcher3.Workspace{3a33f0 V.ED..... ........ 0,0-1344,2992 #7f0a047d app:id/workspace}, com.android.launcher3.Hotseat{3b6d69 V.ED..... ........ 0,2425-1344,2992 #7f0a01f1 app:id/hotseat}]
04-21 10:24:26.803   663  1231 W SignedPackage: Cannot get ApplicationInfo for package: com.google.android.devicelockcontroller
04-21 10:24:26.809  1418  1418 V BaseDepthController: Applying blur: 0 to Surface(name=VRI-com.google.android.apps.nexuslauncher/com.google.android.apps.nexuslauncher.NexusLauncherActivity#1744)/@0x98b7433 applyImmediately: false
04-21 10:24:26.810  1418  1418 D BaseDepthController: shouldBlurWorkspace: false targetState: Normal currentStableState: Normal mCurrentBlur: 0 mLauncher.getDepthBlurTargets(): [com.android.launcher3.Workspace{3a33f0 V.ED..... ........ 0,0-1344,2992 #7f0a047d app:id/workspace}, com.android.launcher3.Hotseat{3b6d69 V.ED..... ........ 0,2425-1344,2992 #7f0a01f1 app:id/hotseat}]
04-21 10:24:26.815 22519 22519 I Finsky:background: [2] ahsc - Deduping intent android.intent.action.PACKAGE_ADDED
04-21 10:24:26.817 22519 22544 I Finsky:background: [75] RECEIVER_PACKAGE_MONITOR_BACKGROUND#logWorkEndAndFinishGoAsync: SUCCESS
04-21 10:24:26.818 22519 25672 I Finsky:background: [157] Wrote row to frosting DB: 388
04-21 10:24:26.826 22519 22537 I Finsky:background: [70] Current account updated in PVS
04-21 10:24:26.827 22519 22537 I Finsky:background: [70] Current account updated in PVS
04-21 10:24:26.827 22519 22537 I Finsky:background: [70] Current account updated in PVS
04-21 10:24:26.827 22519 22537 I Finsky:background: [70] Current account updated in PVS
04-21 10:24:26.828 22519 22535 I Finsky:background: [69] Current account updated in PVS
04-21 10:24:26.830 22519 22535 I Finsky:background: [69] Current account updated in PVS
04-21 10:24:26.831 22519 22535 I Finsky:background: [69] Current account updated in PVS
04-21 10:24:26.831 22519 22535 I Finsky:background: [69] Current account updated in PVS
04-21 10:24:26.834 22380 22424 I Finsky  : [74] Current account updated in PVS
04-21 10:24:26.836 22519 22535 I Finsky:background: [69] Current account updated in PVS
04-21 10:24:26.837 22519 22535 I Finsky:background: [69] Current account updated in PVS
04-21 10:24:26.837 22519 22535 I Finsky:background: [69] Current account updated in PVS
04-21 10:24:26.838 22519 22535 I Finsky:background: [69] Current account updated in PVS
04-21 10:24:26.837 22519 22533 I Finsky:background: [67] Current account updated in PVS
04-21 10:24:26.839  1418  1418 V BaseDepthController: Applying blur: 0 to Surface(name=VRI-com.google.android.apps.nexuslauncher/com.google.android.apps.nexuslauncher.NexusLauncherActivity#1744)/@0x98b7433 applyImmediately: false
04-21 10:24:26.839  1418  1418 D BaseDepthController: shouldBlurWorkspace: false targetState: Normal currentStableState: Normal mCurrentBlur: 0 mLauncher.getDepthBlurTargets(): [com.android.launcher3.Workspace{3a33f0 V.ED..... ........ 0,0-1344,2992 #7f0a047d app:id/workspace}, com.android.launcher3.Hotseat{3b6d69 V.ED..... ........ 0,2425-1344,2992 #7f0a01f1 app:id/hotseat}]
04-21 10:24:26.839 22519 22533 I Finsky:background: [67] Current account updated in PVS
04-21 10:24:26.840 22519 22533 I Finsky:background: [67] Current account updated in PVS
04-21 10:24:26.840 22519 22533 I Finsky:background: [67] Current account updated in PVS
04-21 10:24:26.840 22519 22533 I Finsky:background: [67] Current account updated in PVS
04-21 10:24:26.841 22519 22533 I Finsky:background: [67] Current account updated in PVS
04-21 10:24:26.842 22519 22540 I Finsky:background: [71] Current account updated in PVS
04-21 10:24:26.844 22380 22423 I Finsky  : [73] Current account updated in PVS
04-21 10:24:26.846  1418  1464 D AlphabeticIndexCompat: computeSectionName: cs: Aide Moi sectionName: A
04-21 10:24:26.847 22519 22537 I Finsky:background: [70] Current account updated in PVS
04-21 10:24:26.848 22519 22537 I Finsky:background: [70] Current account updated in PVS
04-21 10:24:26.847  1267  1267 D SatelliteController: packageStateChanged: package:com.aidemoi.app defaultSmsPackageName: com.google.android.apps.messaging satelliteGatewayServicePackageName: 
04-21 10:24:26.848 22519 22537 I Finsky:background: [70] Current account updated in PVS
04-21 10:24:26.848 22519 22537 I Finsky:background: [70] Current account updated in PVS
04-21 10:24:26.849 22380 22423 I Finsky  : [73] Current account updated in PVS
04-21 10:24:26.849 22519 22537 I Finsky:background: [70] Current account updated in PVS
04-21 10:24:26.850 22519 22537 I Finsky:background: [70] Current account updated in PVS
04-21 10:24:26.850 22519 22537 I Finsky:background: [70] Current account updated in PVS
04-21 10:24:26.853 22380 22423 I Finsky  : [73] Current account updated in PVS
04-21 10:24:26.856 22519 22537 I Finsky:background: [70] Current account updated in PVS
04-21 10:24:26.856 22380 22423 I Finsky  : [73] Current account updated in PVS
04-21 10:24:26.857 22380 22423 I Finsky  : [73] Current account updated in PVS
04-21 10:24:26.857 22380 22423 I Finsky  : [73] Current account updated in PVS
04-21 10:24:26.857 22519 25672 I Finsky:background: [157] Wrote row to frosting DB: 389
04-21 10:24:26.858 22380 22423 I Finsky  : [73] Current account updated in PVS
