--------- beginning of system
04-21 10:23:49.489   663  1407 I ActivityManager: Force stopping com.aidemoi.app appid=10230 user=0: from pid 25516
04-21 10:23:49.490   663  1407 I AppsFilter: interaction: PackageSetting{c09621 com.nexora.mobile/10229} -> PackageSetting{28aa376 com.aidemoi.app/10230} BLOCKED
--------- beginning of main
04-21 10:23:49.493  1267  1267 D CarrierSvcBindHelper: onHandleForceStop: [com.aidemoi.app]
04-21 10:23:49.494  1267  1267 D CarrierSvcBindHelper: No carrier app for: 0
04-21 10:23:49.543   663  1407 W ActivityTaskManager: callingPackage for (uid=2000, pid=25521) has no WPC
04-21 10:23:49.543   663  1407 V GrammaticalInflectionUtils: AttributionSource: android.content.AttributionSource@49a6eab does not have READ_SYSTEM_GRAMMATICAL_GENDER permission.
04-21 10:23:49.547   526  1479 I libbinder.BpBinder: onLastStrongRef automatically unlinking death recipients for binder (0x77289ee51ea0) with descriptor: '(not cached)'
04-21 10:23:49.549   663  1407 V ActivityTaskManager: TaskLaunchParamsModifier: phase=3 task=Task{3be4e03 #26 type=standard A=10230:com.aidemoi.app} activity=ActivityRecord{39071410 u0 com.aidemoi.app/.MainActivity t-1} display-from-task=0 display-id=0 task-display-area-windowing-mode=1 suggested-display-area=DefaultTaskDisplayArea@50248798 inherit-from-task=fullscreen non-freeform-task-display-area display-area=DefaultTaskDisplayArea@50248798 skip-bounds-fullscreen
04-21 10:23:49.549   663  1407 I ActivityTaskManager: START u0 {flg=0x10000000 xflg=0x5 cmp=com.aidemoi.app/.MainActivity} with LAUNCH_SINGLE_TASK from uid 2000 (com.android.shell) (BAL_ALLOW_PERMISSION) result code=0
04-21 10:23:49.550  1112  1157 V WindowManagerShell: Transition requested (#191): android.os.BinderProxy@75e71a4 TransitionRequestInfo { type = OPEN, triggerTask = TaskInfo{userId=0 taskId=26 effectiveUid=10230 displayId=0 isRunning=true baseIntent=Intent { flg=0x10000000 cmp=com.aidemoi.app/.MainActivity } baseActivity=ComponentInfo{com.aidemoi.app/com.aidemoi.app.MainActivity} topActivity=ComponentInfo{com.aidemoi.app/com.aidemoi.app.MainActivity} origActivity=null realActivity=ComponentInfo{com.aidemoi.app/com.aidemoi.app.MainActivity} realActivityIsAppLockEnabled=false numActivities=1 lastActiveTime=16948637 supportsMultiWindow=true supportsMultiWindowWithoutConstraints=true resizeMode=1 isResizeable=true minWidth=-1 minHeight=-1 defaultMinSize=220 token=WCT{android.os.BinderProxy@2ae8b0d} topActivityType=1 pictureInPictureParams=null shouldDockBigOverlays=false launchIntoPipHostTaskId=-1 lastParentTaskIdBeforePip=-1 displayCutoutSafeInsets=Rect(0, 159 - 0, 0) topActivityInfo=ActivityInfo{bbd5ac2 com.aidemoi.app.MainActivity} launchCookies=[] positionInParent=Point(0, 0) parentTaskId=-1 isFocused=false isInteractive=false isVisible=false isVisibleRequested=false isTopActivityNoDisplay=false isSleeping=false locusId=null displayAreaFeatureId=1 isTopActivityTransparent=false isActivityStackTransparent=false lastNonFullscreenBounds=null leafTaskBoundsFromOptions= false capturedLink=null capturedLinkTimestamp=0 requestedVisibleTypes=503 topActivityRequestOpenInBrowserEducationTimestamp=0 appCompatTaskInfo=AppCompatTaskInfo { topActivityInSizeCompat=false isLeafTask= true eligibleForLetterboxEducation= false isLetterboxEducationEnabled= true isLetterboxDoubleTapEnabled= false eligibleForUserAspectRatioButton= false topActivityBoundsLetterboxed= false isFromLetterboxDoubleTap= false topActivityLetterboxVerticalPosition= -1 topActivityLetterboxHorizontalPosition= -1 topActivityLetterboxWidth=-1 topActivityLetterboxHeight=-1 topActivityAppBounds=Rect(0, 159 - 1344, 2920) isUserFullscreenOverrideEnabled=false isSystemFullscreenOverrideEnabled=false hasMinAspectRatioOverride=false topActivityLetterboxBounds=null topNonResizableActivityAspectRatio=-1.0} topActivityMainWindowFrame=null isAppBubble=false}, pipChange = null, remoteTransitionInfo = null, displayChange = null, requestedLocation = null, userChange = null, windowingLayerChange = null, fullscreenRequestChange = null, flags = 0, debugId = 191 }
04-21 10:23:49.550  1112  1157 W DisconnectHandler: No disconnect change found in the transition, not handling request.
04-21 10:23:49.550  1112  1157 V ShellDesktopMode: DesktopTasksController: skipping handleRequest reason=triggerTask's display doesn't support desktop mode
04-21 10:23:49.550  1112  1157 D ShellSplitScreen: logExit: no-op, mLoggerSessionId is null
04-21 10:23:49.550   663   691 V GrammaticalInflectionUtils: AttributionSource: android.content.AttributionSource@49a6eab does not have READ_SYSTEM_GRAMMATICAL_GENDER permission.
04-21 10:23:49.549  1418  1418 D RecentsView: onTaskDisplayChanged: 26, new displayId = 0
04-21 10:23:49.550  1418  1418 D BaseActivity: Launcher flags updated: [state_started|state_resumed|state_deferred_resumed|state_window_focused|state_user_active] -[]
04-21 10:23:49.558  1112  1157 V RecentTasksController: Notify recent tasks changed
04-21 10:23:49.558  1112  1157 D ShellDesktopMode: DesktopRepository(0): Removes freeform task: taskId=25
04-21 10:23:49.558   663  1097 W InputChannel-JNI: Channel already disposed.
04-21 10:23:49.558  1112  1157 W ShellDesktopMode: DesktopRepository(0): No display id found for task: taskId=25
04-21 10:23:49.559  1112  1157 V RecentTasksController: Notify recent tasks changed
04-21 10:23:49.558  1418  1418 D BaseActivity: Launcher flags updated: [state_started|state_resumed|state_deferred_resumed|state_window_focused] -[state_user_active]
04-21 10:23:49.558  1418  1418 D BaseActivity: Launcher flags updated: [state_started|state_window_focused] -[state_resumed|state_deferred_resumed]
04-21 10:23:49.559  1418  1418 W SplitSelectStateCtor: Missing session instanceIds
04-21 10:23:49.559  1418  1418 D StatsLog: LAUNCHER_SPLIT_SELECTION_EXIT_INTERRUPTED
04-21 10:23:49.562   663  1097 I AppsFilter: interaction: PackageSetting{c09621 com.nexora.mobile/10229} -> PackageSetting{c4ee20a com.aidemoi.app/10230} BLOCKED
04-21 10:23:49.564  1112  1157 D WindowManagerShell: setLauncherKeepClearAreaHeight: visible=false, height=567
04-21 10:23:49.567   663  1097 V WindowManager: Defer transition id=191 for TaskFragmentTransaction=android.os.Binder@20114d6
04-21 10:23:49.568  1112  1244 D WindowOnBackDispatcher: setTopOnBackInvokedCallback (unwrapped): android.view.ViewRootImpl$$ExternalSyntheticLambda13@625f872
04-21 10:23:49.567   468   468 D Zygote  : Forked child process 25525
04-21 10:23:49.569   663   698 I ActivityManager: Start proc 25525:com.aidemoi.app/u0a230 for next-top-activity {com.aidemoi.app/com.aidemoi.app.MainActivity}
04-21 10:23:49.569   663  1788 D WindowManager: setClientSurface Surface(name=VRI-Splash Screen com.aidemoi.app#1734)/@0x4c22d29 for 8d705ac Splash Screen com.aidemoi.app
04-21 10:23:49.570  1418  1418 D RecentTasksList: invalidateLoadedTasks - previous requestLoadId: -1
04-21 10:23:49.570  1418  1418 D RecentTasksList: invalidateLoadedTasks - previous requestLoadId: -1
04-21 10:23:49.572   663  1097 V WindowManager: Continue transition id=191 for TaskFragmentTransaction=android.os.Binder@20114d6
04-21 10:23:49.573  1112  1244 I Surface : Creating surface for consumer unnamed-1112-43 with slotExpansion=1 for 64 slots
04-21 10:23:49.574   663  1407 D CoreBackPreview: Window{8d705ac u0 Splash Screen com.aidemoi.app}: Setting back callback OnBackInvokedCallbackInfo{mCallback=android.window.IOnBackInvokedCallback$Stub$Proxy@c9d464f, mPriority=0, mIsAnimationCallback=false, mOverrideBehavior=0}
04-21 10:23:49.574  1112  1244 I Surface : Creating surface for consumer VRI[app]#43(BLAST Consumer)43 with slotExpansion=1 for 64 slots
04-21 10:23:49.580 25525 25525 I Zygote  : Process 25525 created for com.aidemoi.app
04-21 10:23:49.580 25525 25525 I com.aidemoi.app: Late-enabling -Xcheck:jni
04-21 10:23:49.604 25525 25525 I com.aidemoi.app: Using generational CollectorTypeCMC GC.
04-21 10:23:49.605 25525 25525 W com.aidemoi.app: Unexpected CPU variant for x86: x86_64.
04-21 10:23:49.605 25525 25525 W com.aidemoi.app: Known variants: atom, sandybridge, silvermont, goldmont, goldmont-plus, goldmont-without-sha-xsaves, tremont, kabylake, alderlake, lunarlake, default
04-21 10:23:49.628   663  1407 E AppOps  : attributionTag VCN not declared in manifest of android
04-21 10:23:49.634  1847  1854 I adbd    : jdwp connection from 25525
04-21 10:23:49.639 25525 25525 D nativeloader: Load libframework-connectivity-tiramisu-jni.so using APEX ns com_android_tethering for caller /apex/com.android.tethering/javalib/framework-connectivity-t.jar: ok
04-21 10:23:49.674  1112  1157 V RecentTasksController: Notify recent tasks changed
04-21 10:23:49.675  1112  1157 V RecentTasksController: generateList(getRecentTasks)
04-21 10:23:49.675  1112  1157 V RecentTasksController: initializeDesksMap - allDeskIds: []
04-21 10:23:49.676  1112  1157 V RecentTasksController: Task 26 is not an active desktop task
04-21 10:23:49.676  1112  1157 V RecentTasksController: Added fullscreen task: 26
04-21 10:23:49.676  1112  1157 V RecentTasksController: Task 19 is not an active desktop task
04-21 10:23:49.676  1112  1157 V RecentTasksController: Added fullscreen task: 19
04-21 10:23:49.676  1112  1157 V RecentTasksController: generateList - complete
04-21 10:23:49.690   663   688 V WindowManager: Sent Transition (#191) createdAt=04-21 10:23:49.544 via request=TransitionRequestInfo { type = OPEN, triggerTask = TaskInfo{userId=0 taskId=26 effectiveUid=10230 displayId=0 isRunning=true baseIntent=Intent { flg=0x10000000 cmp=com.aidemoi.app/.MainActivity } baseActivity=ComponentInfo{com.aidemoi.app/com.aidemoi.app.MainActivity} topActivity=ComponentInfo{com.aidemoi.app/com.aidemoi.app.MainActivity} origActivity=null realActivity=ComponentInfo{com.aidemoi.app/com.aidemoi.app.MainActivity} realActivityIsAppLockEnabled=false numActivities=1 lastActiveTime=16948637 supportsMultiWindow=true supportsMultiWindowWithoutConstraints=true resizeMode=1 isResizeable=true minWidth=-1 minHeight=-1 defaultMinSize=220 token=WCT{RemoteToken{2e15861 Task{3be4e03 #26 type=standard A=10230:com.aidemoi.app}}} topActivityType=1 pictureInPictureParams=null shouldDockBigOverlays=false launchIntoPipHostTaskId=-1 lastParentTaskIdBeforePip=-1 displayCutoutSafeInsets=Rect(0, 159 - 0, 0) topActivityInfo=ActivityInfo{ee65f86 com.aidemoi.app.MainActivity} launchCookies=[] positionInParent=Point(0, 0) parentTaskId=-1 isFocused=false isInteractive=false isVisible=false isVisibleRequested=false isTopActivityNoDisplay=false isSleeping=false locusId=null displayAreaFeatureId=1 isTopActivityTransparent=false isActivityStackTransparent=false lastNonFullscreenBounds=null leafTaskBoundsFromOptions= false capturedLink=null capturedLinkTimestamp=0 requestedVisibleTypes=503 topActivityRequestOpenInBrowserEducationTimestamp=0 appCompatTaskInfo=AppCompatTaskInfo { topActivityInSizeCompat=false isLeafTask= true eligibleForLetterboxEducation= false isLetterboxEducationEnabled= true isLetterboxDoubleTapEnabled= false eligibleForUserAspectRatioButton= false topActivityBoundsLetterboxed= false isFromLetterboxDoubleTap= false topActivityLetterboxVerticalPosition= -1 topActivityLetterboxHorizontalPosition= -1 topActivityLetterboxWidth=-1 topActivityLetterboxHeight=-1 topActivityAppBounds=Rect(0, 159 - 1344, 2920) isUserFullscreenOverrideEnabled=false isSystemFullscreenOverrideEnabled=false hasMinAspectRatioOverride=false topActivityLetterboxBounds=null topNonResizableActivityAspectRatio=-1.0} topActivityMainWindowFrame=null isAppBubble=false}, pipChange = null, remoteTransitionInfo = null, displayChange = null, requestedLocation = null, userChange = null, windowingLayerChange = null, fullscreenRequestChange = null, flags = 0, debugId = 191 }
04-21 10:23:49.690   663   688 V WindowManager:     startWCT=WindowContainerTransaction { changes= {} hops= [] flags= 0 errorCallbackToken=null taskFragmentOrganizer=null }
04-21 10:23:49.690   663   688 V WindowManager:     info={id=191 t=OPEN f=0x0 trk=0 r=[0@Point(0, 0)] c=[
04-21 10:23:49.690   663   688 V WindowManager:         {WCT{RemoteToken{2e15861 Task{3be4e03 #26 type=standard A=10230:com.aidemoi.app}}} m=OPEN f=MOVE_TO_TOP leash=Surface(name=Task=26#1731)/@0xa91f86b sb=Rect(0, 0 - 1344, 2992) eb=Rect(0, 0 - 1344, 2992) epz=Point(1344, 2992) d=0 taskParent=-1 winMode=1 userId=0},
04-21 10:23:49.690   663   688 V WindowManager:         {WCT{RemoteToken{f57f6d6 Task{364e51c #1 type=home}}} m=TO_BACK f=SHOW_WALLPAPER leash=Surface(name=Task=1#34)/@0xcf7a803 sb=Rect(0, 0 - 1344, 2992) eb=Rect(0, 0 - 1344, 2992) epz=Point(1344, 2992) d=0 taskParent=-1 winMode=1 userId=0},
04-21 10:23:49.690   663   688 V WindowManager:         {m=TO_BACK f=IS_WALLPAPER leash=Surface(name=WallpaperWindowToken{a6b8ff4}#46)/@0x9cb153b sb=Rect(0, 0 - 1344, 2992) eb=Rect(0, 0 - 1344, 2992) epz=Point(1344, 2992) d=0}
04-21 10:23:49.690   663   688 V WindowManager:     ]}
04-21 10:23:49.691  1112  1266 V WindowManagerShell: onTransitionReady(transaction=2847563330649)
04-21 10:23:49.691 25525 25525 D CompatChangeReporter: Compat change id reported: 242716250; UID 10230; state: ENABLED
04-21 10:23:49.693  1112  1157 V WindowManagerShell: onTransitionReady (#191) android.os.BinderProxy@75e71a4: {id=191 t=OPEN f=0x0 trk=0 r=[0@Point(0, 0)] c=[
04-21 10:23:49.693  1112  1157 V WindowManagerShell:         {m=OPEN f=MOVE_TO_TOP leash=Surface(name=Task=26#1731)/@0x62af93b sb=Rect(0, 0 - 1344, 2992) eb=Rect(0, 0 - 1344, 2992) epz=Point(1344, 2992) d=0 taskParent=-1 winMode=1 userId=0},
04-21 10:23:49.693  1112  1157 V WindowManagerShell:         {m=TO_BACK f=SHOW_WALLPAPER leash=Surface(name=Task=1#34)/@0x6de4858 sb=Rect(0, 0 - 1344, 2992) eb=Rect(0, 0 - 1344, 2992) epz=Point(1344, 2992) d=0 taskParent=-1 winMode=1 userId=0},
04-21 10:23:49.693  1112  1157 V WindowManagerShell:         {m=TO_BACK f=IS_WALLPAPER leash=Surface(name=WallpaperWindowToken{a6b8ff4}#46)/@0x2bfcdb1 sb=Rect(0, 0 - 1344, 2992) eb=Rect(0, 0 - 1344, 2992) epz=Point(1344, 2992) d=0}
04-21 10:23:49.693  1112  1157 V WindowManagerShell:     ]}
04-21 10:23:49.694  1112  1157 V WindowManagerShell: Playing animation for (#191) android.os.BinderProxy@75e71a4@0
04-21 10:23:49.694  1112  1157 D ShellSplitScreen: startAnimation: transition=191 isSplitActive=false
04-21 10:23:49.696  1112  1157 V ShellRecents: RecentsTransitionHandler.startAnimation: no controller found
04-21 10:23:49.696  1112  1157 V ShellDesktopMode: DesktopMixedTransitionHandler: No pending desktop transition
04-21 10:23:49.696  1112  1157 V WindowManagerShell: Transition doesn't have explicit remote, search filters for match for {id=191 t=OPEN f=0x0 trk=0 r=[0@Point(0, 0)] c=[{m=OPEN f=MOVE_TO_TOP leash=Surface(name=Task=26#1731)/@0x62af93b sb=Rect(0, 0 - 1344, 2992) eb=Rect(0, 0 - 1344, 2992) epz=Point(1344, 2992) d=0 taskParent=-1 winMode=1 userId=0},{m=TO_BACK f=SHOW_WALLPAPER leash=Surface(name=Task=1#34)/@0x6de4858 sb=Rect(0, 0 - 1344, 2992) eb=Rect(0, 0 - 1344, 2992) epz=Point(1344, 2992) d=0 taskParent=-1 winMode=1 userId=0},{m=TO_BACK f=IS_WALLPAPER leash=Surface(name=WallpaperWindowToken{a6b8ff4}#46)/@0x2bfcdb1 sb=Rect(0, 0 - 1344, 2992) eb=Rect(0, 0 - 1344, 2992) epz=Point(1344, 2992) d=0}]}
04-21 10:23:49.697  1112  1157 V WindowManagerShell:  Checking filter Pair{{types=[] flags=0x0 notFlags=0x0 checks=[{atype=undefined independent=true modes=[CLOSE,TO_BACK] flags=IN_TASK_WITH_EMBEDDED_ACTIVITY mustBeTask=false order=ANY topActivity=null launchCookie=null taskFragmentToken=android.os.BinderProxy@305fabc windowingMode=undefined isCrossDisplayMove=false}]} RemoteTransition { remoteTransition = android.window.IRemoteTransition$Stub$Proxy@5593a45, appThread = android.app.IApplicationThread$Stub$Proxy@d1d059a, debugName = overlayBackTransition, filter = {types=[] flags=0x0 notFlags=0x0 checks=[{atype=undefined independent=true modes=[CLOSE,TO_BACK] flags=IN_TASK_WITH_EMBEDDED_ACTIVITY mustBeTask=false order=ANY topActivity=null launchCookie=null taskFragmentToken=android.os.BinderProxy@305fabc windowingMode=undefined isCrossDisplayMove=false}]} }}
04-21 10:23:49.698  1112  1157 V WindowManagerShell:  Checking filter Pair{{types=[] flags=0x0 notFlags=0x0 checks=[{atype=dream independent=true modes=[OPEN,TO_FRONT] flags=NONE mustBeTask=false order=ANY topActivity=null launchCookie=null windowingMode=undefined isCrossDisplayMove=false},{atype=home independent=true modes=[CLOSE,TO_BACK] flags=NONE mustBeTask=false order=ANY topActivity=null launchCookie=null windowingMode=undefined isCrossDisplayMove=false}]} RemoteTransition { remoteTransition = android.window.IRemoteTransition$Stub$Proxy@c2c7ecb, appThread = android.app.IApplicationThread$Stub$Proxy@99606a8, debugName = LauncherToDream, filter = {types=[] flags=0x0 notFlags=0x0 checks=[{atype=dream independent=true modes=[OPEN,TO_FRONT] flags=NONE mustBeTask=false order=ANY topActivity=null launchCookie=null windowingMode=undefined isCrossDisplayMove=false},{atype=home independent=true modes=[CLOSE,TO_BACK] flags=NONE mustBeTask=false order=ANY topActivity=null launchCookie=null windowingMode=undefined isCrossDisplayMove=false}]} }}
04-21 10:23:49.698  1112  1157 V WindowManagerShell:  Checking filter Pair{{types=[] flags=0x0 notFlags=0x0 checks=[{atype=standard independent=false modes=[CHANGE] flags=NONE mustBeTask=true order=ANY topActivity=null launchCookie=null windowingMode=undefined isCrossDisplayMove=true}]} RemoteTransition { remoteTransition = android.window.IRemoteTransition$Stub$Proxy@8d835c1, appThread = android.app.IApplicationThread$Stub$Proxy@8b5e166, debugName = QuickstepDisplayMove, filter = {types=[] flags=0x0 notFlags=0x0 checks=[{atype=standard independent=false modes=[CHANGE] flags=NONE mustBeTask=true order=ANY topActivity=null launchCookie=null windowingMode=undefined isCrossDisplayMove=true}]} }}
04-21 10:23:49.698  1112  1157 V WindowManagerShell:  Checking filter Pair{{types=[] flags=0x0 notFlags=0x100 checks=[{atype=home independent=true modes=[OPEN,TO_FRONT] flags=NONE mustBeTask=false order=ANY topActivity=ComponentInfo{com.google.android.apps.nexuslauncher/com.google.android.apps.nexuslauncher.NexusLauncherActivity} launchCookie=null windowingMode=undefined isCrossDisplayMove=false},{atype=standard independent=true modes=[CLOSE,TO_BACK] flags=NONE mustBeTask=false order=ANY topActivity=null launchCookie=null windowingMode=undefined isCrossDisplayMove=false},{NOT atype=undefined independent=true modes=[] flags=NONE mustBeTask=true order=ANY topActivity=null launchCookie=null customAnim=true windowingMode=undefined isCrossDisplayMove=false}]} RemoteTransition { remoteTransition = android.window.IRemoteTransition$Stub$Proxy@b023ca7, appThread = android.app.IApplicationThread$Stub$Proxy@e98e554, debugName = QuickstepLaunchHome, filter = {types=[] flags=0x0 notFlags=0x100 checks=[{atype=home independent=true modes=[OPEN,TO_FRONT] flags=NONE mustBeTask=false order=ANY topActivity=ComponentInfo{com.google.android.apps.nexuslauncher/com.google.android.apps.nexuslauncher.NexusLauncherActivity} launchCookie=null windowingMode=undefined isCrossDisplayMove=false},{atype=standard independent=true modes=[CLOSE,TO_BACK] flags=NONE mustBeTask=false order=ANY topActivity=null launchCookie=null windowingMode=undefined isCrossDisplayMove=false},{NOT atype=undefined independent=true modes=[] flags=NONE mustBeTask=true order=ANY topActivity=null launchCookie=null customAnim=true windowingMode=undefined isCrossDisplayMove=false}]} }}
04-21 10:23:49.698  1112  1157 V WindowManagerShell:  Checking filter Pair{{types=[OPEN,TO_FRONT] flags=0x0 notFlags=0x0 checks=[{atype=standard independent=true modes=[OPEN,TO_FRONT] flags=NONE mustBeTask=true order=ANY topActivity=null launchCookie=null windowingMode=freeform isCrossDisplayMove=false}]} RemoteTransition { remoteTransition = android.window.IRemoteTransition$Stub$Proxy@7c73612, appThread = null, debugName = DesktopWindowLimitUnminimize, filter = {types=[OPEN,TO_FRONT] flags=0x0 notFlags=0x0 checks=[{atype=standard independent=true modes=[OPEN,TO_FRONT] flags=NONE mustBeTask=true order=ANY topActivity=null launchCookie=null windowingMode=freeform isCrossDisplayMove=false}]} }}
04-21 10:23:49.698  1112  1157 V WindowManagerShell:  Delegate animation for (#191) to null
04-21 10:23:49.698  1112  1157 V WindowManagerShell: start default transition animation, info = {id=191 t=OPEN f=0x0 trk=0 r=[0@Point(0, 0)] c=[{m=OPEN f=MOVE_TO_TOP leash=Surface(name=Task=26#1731)/@0x62af93b sb=Rect(0, 0 - 1344, 2992) eb=Rect(0, 0 - 1344, 2992) epz=Point(1344, 2992) d=0 taskParent=-1 winMode=1 userId=0},{m=TO_BACK f=SHOW_WALLPAPER leash=Surface(name=Task=1#34)/@0x6de4858 sb=Rect(0, 0 - 1344, 2992) eb=Rect(0, 0 - 1344, 2992) epz=Point(1344, 2992) d=0 taskParent=-1 winMode=1 userId=0},{m=TO_BACK f=IS_WALLPAPER leash=Surface(name=WallpaperWindowToken{a6b8ff4}#46)/@0x2bfcdb1 sb=Rect(0, 0 - 1344, 2992) eb=Rect(0, 0 - 1344, 2992) epz=Point(1344, 2992) d=0}]}
04-21 10:23:49.698  1112  1157 V WindowManagerShell: loadAnimation: anim=android.view.animation.AnimationSet@c5293ed animAttr=0x13 type=OPEN isEntrance=false
04-21 10:23:49.699  1112  1157 V WindowManagerShell: loadAnimation: anim=android.view.animation.AnimationSet@cd181e9 animAttr=0x12 type=OPEN isEntrance=true
04-21 10:23:49.699  1112  1157 V WindowManagerShell:  animated by com.android.wm.shell.transition.DefaultTransitionHandler@1ee5af6
04-21 10:23:49.699  1112  1157 V ShellTaskOrganizer: Task appeared taskId=26 listener=FullscreenTaskListener
04-21 10:23:49.699  1112  1157 V ShellTaskOrganizer: Fullscreen Task Appeared: #26
04-21 10:23:49.700  1112  1157 V RecentTasksController: Notify recent tasks changed
04-21 10:23:49.703  1418  1418 D RecentTasksList: invalidateLoadedTasks - previous requestLoadId: -1
04-21 10:23:49.709  1418  1418 D RecentTasksList: invalidateLoadedTasks - previous requestLoadId: -1
04-21 10:23:49.790 25525 25525 D nativeloader: Configuring clns-9 for other apk /data/app/~~18vBodx_E9wpJJ7ol4FLfw==/com.aidemoi.app-GvFC5dAlERkzHq15pBKfLw==/base.apk. target_sdk_version=34, uses_libraries=, library_path=/data/app/~~18vBodx_E9wpJJ7ol4FLfw==/com.aidemoi.app-GvFC5dAlERkzHq15pBKfLw==/lib/x86_64, permitted_path=/data:/mnt/expand:/data/user/0/com.aidemoi.app
04-21 10:23:49.810   526   577 W skia    : AGTM parsing failed flags.readFromStream(s) at 159
04-21 10:23:49.811   526   577 W skia    : AGTM parsing failed flags.readFromStream(s) at 159
04-21 10:23:49.810 25525 25525 V GraphicsEnvironment: Currently set values for:
04-21 10:23:49.810 25525 25525 V GraphicsEnvironment:   angle_gl_driver_selection_pkgs=[]
04-21 10:23:49.810 25525 25525 V GraphicsEnvironment:   angle_gl_driver_selection_values=[]
04-21 10:23:49.810 25525 25525 V GraphicsEnvironment: com.aidemoi.app is not listed in per-application setting
04-21 10:23:49.810 25525 25525 V GraphicsEnvironment: No special selections for ANGLE, returning default driver choice
04-21 10:23:49.813 25525 25525 V GraphicsEnvironment: Neither updatable production driver nor prerelease driver is supported.
04-21 10:23:49.852 25525 25543 I DisplayManager: Choreographer implicitly registered for the refresh rate.
04-21 10:23:49.883 25525 25525 D DesktopExperienceFlags: Toggle override initialized to: false
04-21 10:23:49.894 25525 25525 D AppCompatDelegate: Checking for metadata for AppLocalesMetadataHolderService : Service not found
04-21 10:23:49.906 25525 25543 I GFXSTREAM: [eglDisplay.cpp(297)] Opening libGLESv1_CM_emulation.so
04-21 10:23:49.907 25525 25543 I GFXSTREAM: [eglDisplay.cpp(297)] Opening libGLESv2_emulation.so
04-21 10:23:49.943 25525 25543 W HWUI    : Failed to choose config with EGL_SWAP_BEHAVIOR_PRESERVED, retrying without...
04-21 10:23:49.943 25525 25543 W HWUI    : Failed to initialize 101010-2 format, error = EGL_SUCCESS
04-21 10:23:49.948   526   577 W skia    : AGTM parsing failed flags.readFromStream(s) at 159
04-21 10:23:49.948   526   577 W skia    : AGTM parsing failed flags.readFromStream(s) at 159
04-21 10:23:49.966 25525 25525 D DesktopModeFlags: Toggle override initialized to: OVERRIDE_UNSET
04-21 10:23:50.002  1112  1157 V WindowManagerShell: Transition animation finished (aborted=false), notifying core (#191) android.os.BinderProxy@75e71a4@0
04-21 10:23:50.004   663   688 V WindowManager: Finish Transition (#191): created at 04-21 10:23:49.544 collect-started=0.015ms request-sent=5.283ms started=9.292ms ready=138.38ms sent=142.873ms commit=13.664ms finished=459.483ms
04-21 10:23:50.004  1418  1418 D VRI[NexusLauncherActivity]: visibilityChanged oldVisibility=true newVisibility=false
04-21 10:23:50.006  1112  1157 V WindowManagerShell: Track 0 became idle
04-21 10:23:50.006  1112  1157 V WindowManagerShell: All active transition animations finished
04-21 10:23:50.007  1112  1449 D WallpaperService: onVisibilityChanged(false): com.android.systemui.wallpapers.ImageWallpaper$CanvasEngine@6b1e8f3
04-21 10:23:50.014 25525 25525 I com.aidemoi.app: hiddenapi: Accessing hidden method Landroid/view/View;->computeFitSystemWindows(Landroid/graphics/Rect;Landroid/graphics/Rect;)Z (runtime_flags=0, domain=platform, api=unsupported) from Landroidx/appcompat/widget/ViewUtils; (domain=app, TargetSdkVersion=34) using reflection: allowed
04-21 10:23:50.015 25525 25525 I com.aidemoi.app: hiddenapi: Accessing hidden method Landroid/view/ViewGroup;->makeOptionalFitsSystemWindows()V (runtime_flags=0, domain=platform, api=unsupported) from Landroidx/appcompat/widget/ViewUtils; (domain=app, TargetSdkVersion=34) using reflection: allowed
04-21 10:23:50.018  1418  1418 D SmartspaceInteractor: notifySmartspaceEvent: SmartspaceTargetEvent{mSmartspaceTarget=null, mSmartspaceActionId='null', mEventType=7}
04-21 10:23:50.019  1418  1418 D BaseActivity: Launcher flags updated: [state_started] -[state_window_focused]
04-21 10:23:50.021  1112  1157 D Bubbles : BubbleData.onLocusVisibilityChanged() locusId=Overview|DISABLED visible=false taskId=1
04-21 10:23:50.027 25525 25525 I WebViewFactory: Loading com.google.android.webview version 145.0.7632.45 (code 763204538)
04-21 10:23:50.035 25525 25525 V ResourcesManager: The following library key has been added: ResourcesKey{ mHash=12fff803 mResDir=null mSplitDirs=[] mOverlayDirs=[] mLibDirs=[/data/app/~~s8_6djlFPd6YGZmcMYHsdA==/com.google.android.webview-8EBVrYHTkbE7rgbSO-0FNQ==/WebViewGoogle.apk,/data/app/~~xzWWf-3rswW9GqRDF_BZrQ==/com.google.android.trichromelibrary_763204538-PxiBa_cSSyupmdbuad07xA==/TrichromeLibrary.apk,/system_ext/framework/androidx.window.extensions.jar] mDisplayId=0 mOverrideConfig=v37 mCompatInfo={480dpi always-compat} mLoaders=[]}
04-21 10:23:50.042 25525 25525 W com.aidemoi.app: Failed to find entry 'classes.dex': Entry not found
04-21 10:23:50.044 25525 25525 D nativeloader: Configuring clns-10 for other apk /data/app/~~xzWWf-3rswW9GqRDF_BZrQ==/com.google.android.trichromelibrary_763204538-PxiBa_cSSyupmdbuad07xA==/TrichromeLibrary.apk. target_sdk_version=36, uses_libraries=ALL, library_path=/data/app/~~s8_6djlFPd6YGZmcMYHsdA==/com.google.android.webview-8EBVrYHTkbE7rgbSO-0FNQ==/lib/x86_64:/data/app/~~s8_6djlFPd6YGZmcMYHsdA==/com.google.android.webview-8EBVrYHTkbE7rgbSO-0FNQ==/WebViewGoogle.apk!/lib/x86_64:/data/app/~~xzWWf-3rswW9GqRDF_BZrQ==/com.google.android.trichromelibrary_763204538-PxiBa_cSSyupmdbuad07xA==/TrichromeLibrary.apk!/lib/x86_64, permitted_path=/data:/mnt/expand
04-21 10:23:50.046 25525 25525 D ApplicationLoaders: Returning zygote-cached class loader: /system_ext/framework/androidx.window.extensions.jar
04-21 10:23:50.050 25525 25525 D nativeloader: Configuring clns-11 for other apk /data/app/~~s8_6djlFPd6YGZmcMYHsdA==/com.google.android.webview-8EBVrYHTkbE7rgbSO-0FNQ==/WebViewGoogle.apk. target_sdk_version=36, uses_libraries=, library_path=/data/app/~~s8_6djlFPd6YGZmcMYHsdA==/com.google.android.webview-8EBVrYHTkbE7rgbSO-0FNQ==/lib/x86_64:/data/app/~~s8_6djlFPd6YGZmcMYHsdA==/com.google.android.webview-8EBVrYHTkbE7rgbSO-0FNQ==/WebViewGoogle.apk!/lib/x86_64:/data/app/~~xzWWf-3rswW9GqRDF_BZrQ==/com.google.android.trichromelibrary_763204538-PxiBa_cSSyupmdbuad07xA==/TrichromeLibrary.apk!/lib/x86_64, permitted_path=/data:/mnt/expand
04-21 10:23:50.075 25525 25525 I cr_WVCFactoryProvider: version=145.0.7632.45 (763204538) minSdkVersion=29 multiprocess=true packageId=2 splits=<none>
04-21 10:23:50.094 25525 25525 D nativeloader: Load /data/app/~~xzWWf-3rswW9GqRDF_BZrQ==/com.google.android.trichromelibrary_763204538-PxiBa_cSSyupmdbuad07xA==/TrichromeLibrary.apk!/lib/x86_64/libmonochrome_64.so using class loader ns clns-11 (caller=/data/app/~~s8_6djlFPd6YGZmcMYHsdA==/com.google.android.webview-8EBVrYHTkbE7rgbSO-0FNQ==/WebViewGoogle.apk): ok
04-21 10:23:50.097 25525 25525 D nativeloader: Load /system/lib64/libwebviewchromium_plat_support.so using class loader ns clns-11 (caller=/data/app/~~s8_6djlFPd6YGZmcMYHsdA==/com.google.android.webview-8EBVrYHTkbE7rgbSO-0FNQ==/WebViewGoogle.apk): ok
04-21 10:23:50.128   663   679 I system_server: Background young concurrent mark compact GC freed 21MB AllocSpace bytes, 31(1456KB) LOS objects, 38% free, 35MB/58MB, paused 596us,28.142ms total 39.723ms
04-21 10:23:50.134 25525 25550 E chromium: [0421/102350.133663:ERROR:android_webview/browser/variations/variations_seed_loader.cc:39] Seed missing signature.
04-21 10:23:50.134 25525 25550 I chromium: [0421/102350.134257:INFO:android_webview/browser/variations/variations_seed_loader.cc:67] Failed to open file for reading.: No such file or directory (2)
04-21 10:23:50.141   663   681 W System  : A resource failed to call close. 
04-21 10:23:50.141   663   681 W System  : A resource failed to call close. 
04-21 10:23:50.142 25525 25525 I cr_LibraryLoader: Successfully loaded native library
04-21 10:23:50.143 25525 25525 I cr_CachingUmaRecorder: Flushed 18 samples from 18 histograms, 0 samples were dropped.
04-21 10:23:50.144 25525 25525 I cr_ChildProcLH: ScopedServiceBindingBatch.tryActivate: false
04-21 10:23:50.145 25525 25525 I cr_CombinedPProvider: #registerProvider() provider:WV.qk@ae0b410 isPolicyCacheEnabled:false policyProvidersSize:0
04-21 10:23:50.147   663  1407 D CompatChangeReporter: Compat change id reported: 161145287; UID 10230; state: ENABLED
04-21 10:23:50.147 25525 25525 I cr_PolicyProvider: #setManagerAndSource() 0
04-21 10:23:50.149 25525 25525 I cr_DisplayManager: Is Display Topology available: false
04-21 10:23:50.154   663  1407 V GrammaticalInflectionUtils: AttributionSource: android.content.AttributionSource@c85f6982 does not have READ_SYSTEM_GRAMMATICAL_GENDER permission.
04-21 10:23:50.165  1168  1168 D Zygote  : Forked child process 25554
04-21 10:23:50.168 25554 25554 I Zygote  : Process 25554 created for com.google.android.webview:sandboxed_process0:org.chromium.content.app.SandboxedProcessService0:0
04-21 10:23:50.168 25554 25554 I ocessService0:0: Using generational CollectorTypeCMC GC.
04-21 10:23:50.169 25554 25554 W ocessService0:0: Unexpected CPU variant for x86: x86_64.
04-21 10:23:50.169 25554 25554 W ocessService0:0: Known variants: atom, sandybridge, silvermont, goldmont, goldmont-plus, goldmont-without-sha-xsaves, tremont, kabylake, alderlake, lunarlake, default
04-21 10:23:50.170 16664 16664 D BoundBrokerSvc: onBind: Intent { act=com.google.android.gms.safetynet.service.START xflg=0x4 pkg=com.google.android.gms }
04-21 10:23:50.170 16664 16664 D BoundBrokerSvc: Loading bound service for intent: Intent { act=com.google.android.gms.safetynet.service.START xflg=0x4 pkg=com.google.android.gms }
04-21 10:23:50.174 25554 25554 D nativeloader: Load libframework-connectivity-tiramisu-jni.so using APEX ns com_android_tethering for caller /apex/com.android.tethering/javalib/framework-connectivity-t.jar: ok
04-21 10:23:50.174 25525 25525 I cr_CombinedPProvider: #linkNativeInternal() 1
04-21 10:23:50.175 25525 25525 I cr_AppResProvider: #getApplicationRestrictionsFromUserManager() Bundle[EMPTY_PARCEL]
04-21 10:23:50.175 25525 25525 I cr_PolicyProvider: #notifySettingsAvailable() 0
04-21 10:23:50.175 25525 25525 I cr_CombinedPProvider: #onSettingsAvailable() 0
04-21 10:23:50.175 25525 25525 I cr_CombinedPProvider: #flushPolicies()
04-21 10:23:50.181   663  1097 I ActivityManager: Start proc 25554:com.google.android.webview:sandboxed_process0:org.chromium.content.app.SandboxedProcessService0:0/u0i7 for bound-service {com.aidemoi.app/org.chromium.content.app.SandboxedProcessService0:0}
04-21 10:23:50.190 25554 25554 D ApplicationLoaders: Returning zygote-cached class loader: /system_ext/framework/androidx.window.extensions.jar
04-21 10:23:50.193 25554 25554 I LoadedApk: No resource references to update in package com.google.android.trichromelibrary
04-21 10:23:50.195 25554 25554 I cr_WebViewApkApp: version=145.0.7632.45 (763204538) minSdkVersion=29 processName=com.google.android.webview:sandboxed_process0:org.chromium.content.app.SandboxedProcessService0:0 splits=<none>
04-21 10:23:50.199 25554 25554 I cr_ChildProcessService: Creating new ChildProcessService pid=25554
04-21 10:23:50.204 25525 25567 W chromium: [WARNING:net/dns/dns_config_service_android.cc:69] Failed to read DnsConfig.
04-21 10:23:50.212 25525 25525 W chromium: [WARNING:android_webview/browser/network_service/net_helpers.cc:137] HTTP Cache size is: 20971520
04-21 10:23:50.228 16664 16664 D BoundBrokerSvc: onBind: Intent { act=com.google.android.gms.safebrowsing.SafeBrowsingService.START dat=chimera-action:/... xflg=0x4 cmp=com.google.android.gms/.chimera.GmsBoundBrokerService }
04-21 10:23:50.228 16664 16664 D BoundBrokerSvc: Loading bound service for intent: Intent { act=com.google.android.gms.safebrowsing.SafeBrowsingService.START dat=chimera-action:/... xflg=0x4 cmp=com.google.android.gms/.chimera.GmsBoundBrokerService }
04-21 10:23:50.271 25525 25525 D Capacitor: Starting BridgeActivity
04-21 10:23:50.288 25525 25525 D Capacitor: Registering plugin instance: CapacitorCookies
04-21 10:23:50.291 25525 25525 D Capacitor: Registering plugin instance: WebView
04-21 10:23:50.292 25525 25525 D Capacitor: Registering plugin instance: CapacitorHttp
04-21 10:23:50.293 25525 25525 D Capacitor: Registering plugin instance: SplashScreen
04-21 10:23:50.296 25525 25525 D Capacitor: Registering plugin instance: StatusBar
04-21 10:23:50.314 25525 25525 W Capacitor: Unable to read file at path public/plugins
04-21 10:23:50.317 25525 25525 D Capacitor: Loading app at https://localhost
04-21 10:23:50.332 25525 25574 W cr_media: BLUETOOTH_CONNECT permission is missing.
04-21 10:23:50.332 25525 25574 W cr_media: getBluetoothAdapter() requires BLUETOOTH permission
04-21 10:23:50.332 25525 25574 W cr_media: registerBluetoothIntentsIfNeeded: Requires BLUETOOTH permission
04-21 10:23:50.335 25525 25574 D AudioSystem: onNewService: media.audio_policy service obtained 0x73f42b43e140
04-21 10:23:50.335 25525 25574 D AudioSystem: getService: IAudioPolicyService retrieved: 0x73f42b43e140  cached: 0x73f42b43e140
04-21 10:23:50.336   514  4940 D NativePermissionController: checkPermission: missing 13 for 10230
04-21 10:23:50.336   514  4940 D NativePermissionController: checkPermission: missing 13 for 10230
04-21 10:23:50.341   514  4940 D NativePermissionController: checkPermission: missing 13 for 10230
04-21 10:23:50.342   514  4940 D NativePermissionController: checkPermission: missing 13 for 10230
04-21 10:23:50.346 25525 25585 W libc    : Access denied finding property "vendor.mesa.log"
04-21 10:23:50.346 25525 25585 W libc    : Access denied finding property "vendor.mesa.log.file"
04-21 10:23:50.346 25525 25585 E MESA    : Failed to open rendernode: No such file or directory
04-21 10:23:50.346 25525 25585 E MESA    : Failed to open rendernode: No such file or directory
04-21 10:23:50.347 25554 25571 I cr_LibraryLoader: Successfully loaded native library
04-21 10:23:50.347 25554 25571 I cr_CachingUmaRecorder: Flushed 2 samples from 2 histograms, 0 samples were dropped.
04-21 10:23:50.353 25525 25585 E MESA    : Failed to open rendernode: No such file or directory
04-21 10:23:50.357 25525 25567 D Capacitor: Handling local request: https://localhost/
04-21 10:23:50.359 25525 25525 D Capacitor: App started
04-21 10:23:50.361 25525 25525 D Capacitor: App resumed
04-21 10:23:50.364 25525 25585 E MESA    : Failed to open rendernode: No such file or directory
04-21 10:23:50.364 25525 25585 E MESA    : Failed to open rendernode: No such file or directory
04-21 10:23:50.366 25525 25525 W HWUI    : Unknown dataspace 0
04-21 10:23:50.366 25525 25585 E MESA    : Failed to open rendernode: No such file or directory
04-21 10:23:50.367 25525 25585 E MESA    : Failed to open rendernode: No such file or directory
04-21 10:23:50.368 25554 25571 W chromium: [WARNING:content/child/runtime_features.cc:564] Fenced frames cannot be enabled in this configuration. Use --enable-features=FencedFrames instead.
04-21 10:23:50.369 25525 25585 E MESA    : Failed to open rendernode: No such file or directory
04-21 10:23:50.368 25554 25571 W chromium: [WARNING:content/child/runtime_features.cc:589] Topics cannot be enabled in this configuration. Use --enable-features=BrowsingTopics in addition.
04-21 10:23:50.368 25554 25571 W chromium: [WARNING:content/child/runtime_features.cc:610] SharedStorage cannot be enabled in this configuration. Use --enable-features=SharedStorageAPI in addition.
04-21 10:23:50.369 25525 25585 E MESA    : Failed to open rendernode: No such file or directory
04-21 10:23:50.371 25525 25585 W libc    : Access denied finding property "vendor.mesa.vk.trace.per.submit"
04-21 10:23:50.371 25525 25585 W libc    : Access denied finding property "vendor.mesa.gallium.print.optio"
04-21 10:23:50.372 25525 25585 W libc    : Access denied finding property "vendor.mesa.vk.trace.frame"
04-21 10:23:50.374   663  1407 W InputChannel-JNI: Channel already disposed.
04-21 10:23:50.403 10460 10469 I FontLog : (REDACTED) Received query %s, URI %s
04-21 10:23:50.403 10460 10469 I FontLog : (REDACTED) Query [%s] resolved to %s
04-21 10:23:50.405 10460 10469 I FontLog : (REDACTED) Font PFD returned from cache for %s
04-21 10:23:50.406 10460 10469 I FontLog : (REDACTED) Fetch %s end status %s
04-21 10:23:50.408 25525 25600 I CameraManagerGlobal: Connecting to camera service
04-21 10:23:50.409 22380 22422 I Finsky  : [72] Current account updated in PVS
04-21 10:23:50.412 22380 22423 I Finsky  : [73] Current account updated in PVS
04-21 10:23:50.414 22380 22421 I Finsky  : [71] Current account updated in PVS
04-21 10:23:50.415 22380 22424 I Finsky  : [74] WM::SCH: Logging work initialize for 12-1
04-21 10:23:50.416 10460 10469 I FontLog : (REDACTED) Pulling font file for id = %d, cache size = %d
04-21 10:23:50.421 22380 22424 I Finsky  : [74] WM::SCH: Logging work initialize for 12-1
04-21 10:23:50.422 22380 22424 I Finsky  : [74] Current account updated in PVS
04-21 10:23:50.423 25525 25525 D VRI[MainActivity]: WindowInsets changed: 1344x2992 statusBars:[0,159,0,0] navigationBars:[0,0,0,72] mandatorySystemGestures:[0,195,0,96] 
04-21 10:23:50.423 22380 22424 I Finsky  : [74] Current account updated in PVS
04-21 10:23:50.424 22380 22424 I Finsky  : [74] Current account updated in PVS
04-21 10:23:50.424 22380 22424 I Finsky  : [74] Current account updated in PVS
04-21 10:23:50.424 22380 22424 I Finsky  : [74] Current account updated in PVS
04-21 10:23:50.424 22380 22424 I Finsky  : [74] Current account updated in PVS
04-21 10:23:50.424 22380 22424 I Finsky  : [74] Current account updated in PVS
04-21 10:23:50.424 22380 22424 I Finsky  : [74] Current account updated in PVS
04-21 10:23:50.425 22380 22424 I Finsky  : [74] Current account updated in PVS
04-21 10:23:50.425 22380 22424 I Finsky  : [74] Current account updated in PVS
04-21 10:23:50.425 25525 25525 D WindowOnBackDispatcher: setTopOnBackInvokedCallback (unwrapped): android.view.ViewRootImpl$$ExternalSyntheticLambda13@3dd8b1a
04-21 10:23:50.427 22380 22437 I Finsky  : [83] SCH: Scheduling phonesky job Id: 12-1, CT: 1776767028667, Constraints: [{ L: 15000, D: 86400000, C: CHARGING_NONE, I: IDLE_NONE, N: NET_ANY, B: BATTERY_ANY }]
04-21 10:23:50.427   663  1783 D CoreBackPreview: Window{1bcf97e u0 com.aidemoi.app/com.aidemoi.app.MainActivity}: Setting back callback OnBackInvokedCallbackInfo{mCallback=android.window.IOnBackInvokedCallback$Stub$Proxy@2992d73, mPriority=0, mIsAnimationCallback=false, mOverrideBehavior=0}
04-21 10:23:50.433   663  1788 D WindowManager: setClientSurface Surface(name=VRI-com.aidemoi.app/com.aidemoi.app.MainActivity#1740)/@0x1039430 for 1bcf97e com.aidemoi.app/com.aidemoi.app.MainActivity
04-21 10:23:50.433 22380 22422 I Finsky  : [72] Current account updated in PVS
04-21 10:23:50.433 10460 10671 I FontLog : (REDACTED) Received query %s, URI %s
04-21 10:23:50.442 10460 10671 I FontLog : (REDACTED) Query [%s] resolved to %s
04-21 10:23:50.443 10460 10671 I FontLog : (REDACTED) Fetch %s end status %s
04-21 10:23:50.447 25525 25525 I Surface : Creating surface for consumer unnamed-25525-0 with slotExpansion=1 for 64 slots
04-21 10:23:50.448 10460 10469 I FontLog : (REDACTED) Pulling font file for id = %d, cache size = %d
04-21 10:23:50.451 22380 22433 I Finsky  : [79] SCH: Scheduling 1 system job(s)
04-21 10:23:50.451 25525 25525 I Surface : Creating surface for consumer VRI[MainActivity]#0(BLAST Consumer)0 with slotExpansion=1 for 64 slots
04-21 10:23:50.452 22380 22433 I Finsky  : [79] SCH: Scheduling system job Id: 9724, L: 13216, D: 71777087, C: false, I: false, N: 1
04-21 10:23:50.460 25525 25585 E MESA    : Failed to open rendernode: No such file or directory
04-21 10:23:50.461 25525 25585 W libc    : Access denied finding property "vendor.mesa.vk.wsi.headless.swa"
04-21 10:23:50.462 25525 25585 E MESA    : Failed to open rendernode: No such file or directory
04-21 10:23:50.462 25525 25585 E MESA    : Failed to open rendernode: No such file or directory
04-21 10:23:50.463 22380 22431 I Finsky  : [78] SCH: Scheduling phonesky job Id: 12-1, CT: 1776767028800, Constraints: [{ L: 15000, D: 86400000, C: CHARGING_NONE, I: IDLE_NONE, N: NET_ANY, B: BATTERY_ANY }]
04-21 10:23:50.462 22380 22421 I Finsky  : [71] [ContentSync] finished, scheduled=true
04-21 10:23:50.465 22380 22424 I Finsky  : [74] Current account updated in PVS
04-21 10:23:50.488 10460 10469 I FontLog : (REDACTED) Received query %s, URI %s
04-21 10:23:50.489 10460 10469 I FontLog : (REDACTED) Query [%s] resolved to %s
04-21 10:23:50.489 10460 10469 I FontLog : (REDACTED) Font PFD returned from cache for %s
04-21 10:23:50.489 10460 10469 I FontLog : (REDACTED) Fetch %s end status %s
04-21 10:23:50.498 10460 10469 I FontLog : (REDACTED) Pulling font file for id = %d, cache size = %d
04-21 10:23:50.504 10460 10469 I FontLog : (REDACTED) Received query %s, URI %s
04-21 10:23:50.504 10460 10469 I FontLog : (REDACTED) Query [%s] resolved to %s
04-21 10:23:50.505 10460 10469 I FontLog : (REDACTED) Font PFD returned from cache for %s
04-21 10:23:50.505 10460 10469 I FontLog : (REDACTED) Fetch %s end status %s
04-21 10:23:50.509 10460 10469 I FontLog : (REDACTED) Pulling font file for id = %d, cache size = %d
04-21 10:23:50.518 25554 25571 E ashmem  : readlink(/proc/self/fd/104) failed: Operation not permitted
04-21 10:23:50.520 25554 25571 E ashmem  : readlink(/proc/self/fd/104) failed: Operation not permitted
04-21 10:23:50.520 10460 10469 I FontLog : (REDACTED) Received query %s, URI %s
04-21 10:23:50.521 10460 10469 I FontLog : (REDACTED) Query [%s] resolved to %s
04-21 10:23:50.521 10460 10469 I FontLog : (REDACTED) Font PFD returned from cache for %s
04-21 10:23:50.521 10460 10469 I FontLog : (REDACTED) Fetch %s end status %s
04-21 10:23:50.524 10460 10469 I FontLog : (REDACTED) Pulling font file for id = %d, cache size = %d
04-21 10:23:50.545 22380 22434 I Finsky  : [80] SCH: Scheduling 0 system job(s)
04-21 10:23:50.547 22380 22434 I Finsky  : [80] [ContentSync] finished, scheduled=true
04-21 10:23:50.546 22380 22423 I Finsky  : [73] Current account updated in PVS
04-21 10:23:50.573 25525 25566 D Capacitor: Handling local request: https://localhost/AideMoi_11.html
04-21 10:23:50.642 25554 25571 E ashmem  : readlink(/proc/self/fd/108) failed: Operation not permitted
04-21 10:23:50.642 25554 25571 E ashmem  : readlink(/proc/self/fd/108) failed: Operation not permitted
04-21 10:23:50.650 25525 25566 D Capacitor: Handling local request: https://localhost/vendor/jspdf.umd.min.js
04-21 10:23:50.670 25554 25571 E ashmem  : readlink(/proc/self/fd/108) failed: Operation not permitted
04-21 10:23:50.671 25554 25571 E ashmem  : readlink(/proc/self/fd/96) failed: Operation not permitted
04-21 10:23:50.671 25554 25571 E ashmem  : readlink(/proc/self/fd/118) failed: Operation not permitted
04-21 10:23:50.671 25554 25603 E ashmem  : readlink(/proc/self/fd/119) failed: Operation not permitted
04-21 10:23:50.672 25554 25603 E ashmem  : readlink(/proc/self/fd/120) failed: Operation not permitted
04-21 10:23:50.672 25554 25603 E ashmem  : readlink(/proc/self/fd/122) failed: Operation not permitted
04-21 10:23:50.696 25554 25603 E chromium: [ERROR:cc/tiles/tile_manager.cc:998] WARNING: tile memory limits exceeded, some content may not draw
04-21 10:23:50.696 25554 25603 E chromium: [ERROR:cc/tiles/tile_manager.cc:998] WARNING: tile memory limits exceeded, some content may not draw
04-21 10:23:50.710 25554 25603 E chromium: [ERROR:cc/tiles/tile_manager.cc:998] WARNING: tile memory limits exceeded, some content may not draw
04-21 10:23:50.711 25554 25603 E chromium: [ERROR:cc/tiles/tile_manager.cc:998] WARNING: tile memory limits exceeded, some content may not draw
04-21 10:23:50.713 25525 25566 D Capacitor: Handling local request: https://localhost/favicon.ico
04-21 10:23:50.715 25554 25591 E ashmem  : readlink(/proc/self/fd/123) failed: Operation not permitted
04-21 10:23:50.866 10460 10671 I FontLog : (REDACTED) Received query %s, URI %s
04-21 10:23:50.866 10460 10671 I FontLog : (REDACTED) Query [%s] resolved to %s
04-21 10:23:50.866 10460 10671 I FontLog : (REDACTED) Fetch %s end status %s
04-21 10:23:50.870 10460 10671 I FontLog : (REDACTED) Pulling font file for id = %d, cache size = %d
04-21 10:23:50.872 25525 25612 I HWUI    : Using FreeType backend (prop=Auto)
04-21 10:23:50.875 10460 10671 I FontLog : (REDACTED) Pulling font file for id = %d, cache size = %d
04-21 10:23:51.016 25525 25532 I com.aidemoi.app: Compiler allocated 5228KB to compile void android.view.ViewRootImpl.performTraversals(long)
04-21 10:23:51.523 25554 25591 E ashmem  : readlink(/proc/self/fd/121) failed: Operation not permitted
04-21 10:23:51.524 25554 25591 E ashmem  : readlink(/proc/self/fd/123) failed: Operation not permitted
04-21 10:23:51.550   663   688 I ActivityTaskManager: Displayed com.aidemoi.app/.MainActivity for user 0: +2s5ms
04-21 10:23:51.553  1418  1418 D BaseActivity: Launcher flags updated: [] -[state_started]
04-21 10:23:51.553  1418  1418 D BaseDepthController: setSurface:
04-21 10:23:51.553  1418  1418 D BaseDepthController: 	mWaitingOnSurfaceValidity: false
04-21 10:23:51.553  1418  1418 D BaseDepthController: 	mBaseSurface: null
04-21 10:23:51.553  1418  1418 D BaseDepthController: mSurface is null and mCurrentBlur is: 0
04-21 10:23:51.554  1418  1418 D LauncherStateManager: StateManager.goToState: fromState: Normal, toState: Normal, partial trace:
04-21 10:23:51.554  1418  1418 D LauncherStateManager: 	at com.android.launcher3.statemanager.StateManager.moveToRestState(go/retraceme 7226a759aa2bb3787a79806f85d80eaad84f1f1e15acd6db988f2df789d1680d:26)
04-21 10:23:51.554  1418  1418 D LauncherStateManager: 	at com.android.launcher3.statemanager.StateManager.moveToRestState(go/retraceme 7226a759aa2bb3787a79806f85d80eaad84f1f1e15acd6db988f2df789d1680d:35)
04-21 10:23:51.554  1418  1418 D LauncherStateManager: 	at com.android.launcher3.statemanager.StatefulActivity.onStop(go/retraceme 7226a759aa2bb3787a79806f85d80eaad84f1f1e15acd6db988f2df789d1680d:31)
04-21 10:23:51.554  1418  1418 D LauncherStateManager: StateManager.onRepeatStateSetAborted: state: Normal
04-21 10:23:51.554  1418  1418 D KeyboardStateManager: hideKeyboard
04-21 10:23:51.554  1418  1418 D KeyboardStateManager: isImeShown: false
04-21 10:23:51.554  1418  1418 D StatsLog: LAUNCHER_ONSTOP
04-21 10:23:51.555  1418  1418 D StatsLog: LAUNCHER_GOOGLE_SEARCH_RESTORE_LIST_SIZE_AFTER_ACTIVITY_RESTART
04-21 10:23:51.629   663  1044 I AdbWifiNetworkMonitor: Wi-Fi network available
04-21 10:23:51.629   663  1044 I AdbWifiNetworkMonitor: Received the same Wi-Fi SSID. Ignoring.
04-21 10:23:51.629   663  1013 I HalDevMgr: bestIfaceCreationProposal is null, requestIface=STA, existingIface=[name=wlan0 type=STA]
04-21 10:23:51.634  1207  1383 D IpClient/wlan0: interfaceLinkStateChanged: ifindex 16 up
04-21 10:23:51.636 10460 10469 I NullBinder: NullBinder for android.net.action.RECOMMEND_NETWORKS triggering remote TransactionTooLargeException due to Service without Chimera impl, calling uid: 1000, calling pid: 0
04-21 10:23:51.637 10460 10469 W libbinder.Binder: Large reply transaction of 1056768 bytes, interface descriptor , function: UNKNOWN_FUNCTION_NAME, code: 1, flags: 17
04-21 10:23:51.640   663  1021 W libbinder.IPCThreadState: Sending oneway calls to frozen process.
04-21 10:23:51.640   663  1021 W libbinder.IPCThreadState: Sending oneway calls to frozen process.
04-21 10:23:51.640   663  1021 W libbinder.IPCThreadState: Sending oneway calls to frozen process.
04-21 10:23:51.641  1207  1383 D IpClient/wlan0: interfaceLinkStateChanged: ifindex 16 up
04-21 10:23:51.656   526   577 W skia    : AGTM parsing failed flags.readFromStream(s) at 159
04-21 10:23:51.693  1112  1244 D WindowOnBackDispatcher: setTopOnBackInvokedCallback (unwrapped): null
04-21 10:23:51.694   663  1784 D CoreBackPreview: Window{8d705ac u0 Splash Screen com.aidemoi.app}: Setting back callback null
04-21 10:23:52.550   663  3668 E TaskPersister: File error accessing recents directory (directory doesn't exist?).
