04-21 10:24:34.487   809   820 I artd    : GetBestInfo: dm (/data/app/~~MCflSeRUP4JJ58H5jbE3FQ==/com.google.android.gms-mwfTdE9JFJYczWvAS_zFKg==/split_MapsDynamite_installtime.dm) is kOatUpToDate with filter 'verify' executable 'false'
04-21 10:24:34.490   809   820 I artd    : GetBestInfo: dm (/data/app/~~MCflSeRUP4JJ58H5jbE3FQ==/com.google.android.gms-mwfTdE9JFJYczWvAS_zFKg==/split_MeasurementDynamite_installtime.dm) is kOatUpToDate with filter 'verify' executable 'false'
04-21 10:24:34.492   809   820 I artd    : GetBestInfo: /data/user_de/0/com.google.android.gms/app_chimera/m/00000008/dl-Appsearch.optional_260235100800.apk has no usable artifacts
04-21 10:24:34.493   809   820 I artd    : GetBestInfo: /data/user_de/0/com.google.android.gms/app_chimera/m/00000001/CronetDynamite.apk has no usable artifacts
04-21 10:24:34.494   809   820 I artd    : GetBestInfo: /data/user_de/0/com.google.android.gms/app_chimera/m/00000013/dl-MlkitOcrCommon.optional_261332100800.apk has no usable artifacts
04-21 10:24:34.496   809   820 I artd    : GetBestInfo: /data/user_de/0/com.google.android.gms/app_chimera/m/0000000d/dl-VisionOcr.optional_260235100000.apk has no usable artifacts
04-21 10:24:34.497   809   820 I artd    : GetBestInfo: /data/user_de/0/com.google.android.gms/app_chimera/m/00000002/DynamiteLoader.apk has no usable artifacts
04-21 10:24:34.499   809   820 I artd    : GetBestInfo: /data/user_de/0/com.google.android.gms/app_chimera/m/0000000f/dl-TfliteDynamiteDynamite.integ_252130102100800.apk has no usable artifacts
04-21 10:24:34.503   809   820 I artd    : GetBestInfo: /data/user_de/0/com.google.android.gms/app_chimera/m/0000000e/dl-MlkitOcrCommon.optional_260235100800.apk has no usable artifacts
04-21 10:24:34.504   809   820 I artd    : GetBestInfo: /data/user_de/0/com.google.android.gms/app_chimera/m/00000005/GoogleCertificates.apk has no usable artifacts
04-21 10:24:34.506   809   820 I artd    : GetBestInfo: /data/user_de/0/com.google.android.gms/app_chimera/m/00000012/dl-MlkitBarcodeUi.optional_261332100800.apk has no usable artifacts
04-21 10:24:34.507   809   820 I artd    : GetBestInfo: /data/user_de/0/com.google.android.gms/app_chimera/m/00000010/dl-VisionOcr.optional_261332100000.apk has no usable artifacts
04-21 10:24:34.509   809   820 I artd    : GetBestInfo: /data/user_de/0/com.google.android.gms/app_chimera/m/00000009/dl-TfliteDynamiteDynamite.integ_243930802100800.apk has no usable artifacts
04-21 10:24:34.511   809   820 I artd    : GetBestInfo: /data/user_de/0/com.google.android.gms/app_chimera/m/00000011/dl-Appsearch.optional_261332100800.apk has no usable artifacts
04-21 10:24:34.514   809   820 I artd    : GetBestInfo: vdex next to the dex file (/data/user/0/com.google.android.gms/app_dg_cache/CE973E4DE823F0AA69070767A9FABB590DDD455C/oat/x86_64/the.vdex) is kOatUpToDate with filter 'verify' executable 'false'
04-21 10:24:34.516   809   820 I artd    : GetBestInfo: /data/user_de/0/com.google.android.gms/app_chimera/m/00000007/MeasurementDynamite.apk has no usable artifacts
04-21 10:24:34.519   809   820 I artd    : GetBestInfo: /data/user_de/0/com.google.android.gms/app_chimera/m/0000000a/dl-MlkitBarcodeUi.optional_260235100800.apk has no usable artifacts
04-21 10:24:36.717   663  1013 I HalDevMgr: bestIfaceCreationProposal is null, requestIface=STA, existingIface=[name=wlan0 type=STA]
04-21 10:24:36.886 22380 22423 I Finsky  : [73] Current account updated in PVS
04-21 10:24:36.892   663   771 D ActivityManager: freezing 22380 com.android.vending
04-21 10:24:36.943   663   771 D ActivityManager: freezing 22519 com.android.vending:background
04-21 10:24:36.945   663  1021 D InetDiagMessage: Destroyed 0 sockets, proto=IPPROTO_TCP, family=AF_INET, states=14
04-21 10:24:36.945   663  1021 D InetDiagMessage: Destroyed 2 sockets, proto=IPPROTO_TCP, family=AF_INET6, states=14
04-21 10:24:36.945   663  1021 D InetDiagMessage: Destroyed live tcp sockets for uids={10154} in 1ms
04-21 10:24:36.972  1351  1351 I wpa_supplicant: wlan0: CTRL-EVENT-BEACON-LOSS 
04-21 10:24:38.446   663  1021 D InetDiagMessage: Destroyed 0 sockets, proto=IPPROTO_TCP, family=AF_INET, states=14
04-21 10:24:38.446   663  1021 D InetDiagMessage: Destroyed 0 sockets, proto=IPPROTO_TCP, family=AF_INET6, states=14
04-21 10:24:38.446   663  1021 D InetDiagMessage: Destroyed live tcp sockets for uids={10160} in 1ms
04-21 10:24:38.446   663  1021 D InetDiagMessage: Destroyed 0 sockets, proto=IPPROTO_TCP, family=AF_INET, states=14
04-21 10:24:38.447   663  1021 D InetDiagMessage: Destroyed 0 sockets, proto=IPPROTO_TCP, family=AF_INET6, states=14
04-21 10:24:38.447   663  1021 D InetDiagMessage: Destroyed live tcp sockets for uids={20160} in 0ms
04-21 10:24:39.722   663  1013 I HalDevMgr: bestIfaceCreationProposal is null, requestIface=STA, existingIface=[name=wlan0 type=STA]
04-21 10:24:41.542   663  1788 I ActivityManager: Force stopping com.aidemoi.app appid=10230 user=0: from pid 25726
04-21 10:24:41.543   663  1788 I AppsFilter: interaction: PackageSetting{c09621 com.nexora.mobile/10229} -> PackageSetting{7b9d208 com.aidemoi.app/10230} BLOCKED
04-21 10:24:41.547  1267  1267 D CarrierSvcBindHelper: onHandleForceStop: [com.aidemoi.app]
04-21 10:24:41.548  1267  1267 D CarrierSvcBindHelper: No carrier app for: 0
04-21 10:24:41.588   663  1788 W ActivityTaskManager: callingPackage for (uid=2000, pid=25731) has no WPC
04-21 10:24:41.589   663  1788 V GrammaticalInflectionUtils: AttributionSource: android.content.AttributionSource@49a6eab does not have READ_SYSTEM_GRAMMATICAL_GENDER permission.
04-21 10:24:41.593  1418  1418 D RecentsView: onTaskDisplayChanged: 27, new displayId = 0
04-21 10:24:41.593   526   647 I libbinder.BpBinder: onLastStrongRef automatically unlinking death recipients for binder (0x77289ee5dc60) with descriptor: '(not cached)'
04-21 10:24:41.595   663  1788 V ActivityTaskManager: TaskLaunchParamsModifier: phase=3 task=Task{4bef742 #27 type=standard A=10230:com.aidemoi.app} activity=ActivityRecord{58378637 u0 com.aidemoi.app/.MainActivity t-1} display-from-task=0 display-id=0 task-display-area-windowing-mode=1 suggested-display-area=DefaultTaskDisplayArea@50248798 inherit-from-task=fullscreen non-freeform-task-display-area display-area=DefaultTaskDisplayArea@50248798 skip-bounds-fullscreen
04-21 10:24:41.595   663  1788 I ActivityTaskManager: START u0 {flg=0x10000000 xflg=0x5 cmp=com.aidemoi.app/.MainActivity} with LAUNCH_SINGLE_TASK from uid 2000 (com.android.shell) (BAL_ALLOW_PERMISSION) result code=0
04-21 10:24:41.595  1418  1418 D BaseActivity: Launcher flags updated: [state_started|state_resumed|state_deferred_resumed|state_window_focused|state_user_active] -[]
04-21 10:24:41.596  1418  1418 D BaseActivity: Launcher flags updated: [state_started|state_resumed|state_deferred_resumed|state_window_focused] -[state_user_active]
04-21 10:24:41.596  1418  1418 D BaseActivity: Launcher flags updated: [state_started|state_window_focused] -[state_resumed|state_deferred_resumed]
04-21 10:24:41.596  1418  1418 W SplitSelectStateCtor: Missing session instanceIds
04-21 10:24:41.596  1418  1418 D StatsLog: LAUNCHER_SPLIT_SELECTION_EXIT_INTERRUPTED
04-21 10:24:41.596  1112  1157 V WindowManagerShell: Transition requested (#193): android.os.BinderProxy@2cf5ccf TransitionRequestInfo { type = OPEN, triggerTask = TaskInfo{userId=0 taskId=27 effectiveUid=10230 displayId=0 isRunning=true baseIntent=Intent { flg=0x10000000 cmp=com.aidemoi.app/.MainActivity } baseActivity=ComponentInfo{com.aidemoi.app/com.aidemoi.app.MainActivity} topActivity=ComponentInfo{com.aidemoi.app/com.aidemoi.app.MainActivity} origActivity=null realActivity=ComponentInfo{com.aidemoi.app/com.aidemoi.app.MainActivity} realActivityIsAppLockEnabled=false numActivities=1 lastActiveTime=17000682 supportsMultiWindow=true supportsMultiWindowWithoutConstraints=true resizeMode=1 isResizeable=true minWidth=-1 minHeight=-1 defaultMinSize=220 token=WCT{android.os.BinderProxy@7abc65c} topActivityType=1 pictureInPictureParams=null shouldDockBigOverlays=false launchIntoPipHostTaskId=-1 lastParentTaskIdBeforePip=-1 displayCutoutSafeInsets=Rect(0, 159 - 0, 0) topActivityInfo=ActivityInfo{1bbad65 com.aidemoi.app.MainActivity} launchCookies=[] positionInParent=Point(0, 0) parentTaskId=-1 isFocused=false isInteractive=false isVisible=false isVisibleRequested=false isTopActivityNoDisplay=false isSleeping=false locusId=null displayAreaFeatureId=1 isTopActivityTransparent=false isActivityStackTransparent=false lastNonFullscreenBounds=null leafTaskBoundsFromOptions= false capturedLink=null capturedLinkTimestamp=0 requestedVisibleTypes=503 topActivityRequestOpenInBrowserEducationTimestamp=0 appCompatTaskInfo=AppCompatTaskInfo { topActivityInSizeCompat=false isLeafTask= true eligibleForLetterboxEducation= false isLetterboxEducationEnabled= true isLetterboxDoubleTapEnabled= false eligibleForUserAspectRatioButton= false topActivityBoundsLetterboxed= false isFromLetterboxDoubleTap= false topActivityLetterboxVerticalPosition= -1 topActivityLetterboxHorizontalPosition= -1 topActivityLetterboxWidth=-1 topActivityLetterboxHeight=-1 topActivityAppBounds=Rect(0, 159 - 1344, 2920) isUserFullscreenOverrideEnabled=false isSystemFullscreenOverrideEnabled=false hasMinAspectRatioOverride=false topActivityLetterboxBounds=null topNonResizableActivityAspectRatio=-1.0} topActivityMainWindowFrame=null isAppBubble=false}, pipChange = null, remoteTransitionInfo = null, displayChange = null, requestedLocation = null, userChange = null, windowingLayerChange = null, fullscreenRequestChange = null, flags = 0, debugId = 193 }
04-21 10:24:41.596  1112  1157 W DisconnectHandler: No disconnect change found in the transition, not handling request.
04-21 10:24:41.596  1112  1157 V ShellDesktopMode: DesktopTasksController: skipping handleRequest reason=triggerTask's display doesn't support desktop mode
04-21 10:24:41.596  1112  1157 D ShellSplitScreen: logExit: no-op, mLoggerSessionId is null
04-21 10:24:41.596   663  1788 I AppsFilter: interaction: PackageSetting{c09621 com.nexora.mobile/10229} -> PackageSetting{ad77189 com.aidemoi.app/10230} BLOCKED
04-21 10:24:41.600   663  1788 V WindowManager: Defer transition id=193 for TaskFragmentTransaction=android.os.Binder@b49458e
04-21 10:24:41.601   663   691 V GrammaticalInflectionUtils: AttributionSource: android.content.AttributionSource@49a6eab does not have READ_SYSTEM_GRAMMATICAL_GENDER permission.
04-21 10:24:41.602  1112  1157 D WindowManagerShell: setLauncherKeepClearAreaHeight: visible=false, height=567
04-21 10:24:41.602  1112  1157 V ShellTaskOrganizer: Task vanished taskId=26
04-21 10:24:41.602  1112  1157 V ShellTaskOrganizer: Fullscreen Task Vanished: #26
04-21 10:24:41.602  1112  1157 V ShellDesktopMode: Task Vanished: #26 closed=true
04-21 10:24:41.602  1112  1157 V RecentTasksController: Notify recent tasks changed
04-21 10:24:41.602  1112  1157 D ShellDesktopMode: AppToWebRepository: Task 26 is vanishing. Removing task data from repository
04-21 10:24:41.603   663   684 W InputChannel-JNI: Channel already disposed.
04-21 10:24:41.604   663  1206 V WindowManager: Continue transition id=193 for TaskFragmentTransaction=android.os.Binder@b49458e
04-21 10:24:41.606  1112  1157 V AppCompat: SingleSurfaceLetterboxController: []
04-21 10:24:41.606  1112  1157 V AppCompat: MultiSurfaceLetterboxController: []
04-21 10:24:41.606  1112  1157 V AppCompat: LetterboxInputController: []
04-21 10:24:41.606  1112  1157 V AppCompat: RoundedCornersLetterboxController: {}
04-21 10:24:41.606  1112  1157 V RecentTasksController: Notify recent tasks changed
04-21 10:24:41.606  1112  1157 D ShellDesktopMode: DesktopRepository(0): Removes freeform task: taskId=26
04-21 10:24:41.606  1112  1157 W ShellDesktopMode: DesktopRepository(0): No display id found for task: taskId=26
04-21 10:24:41.606  1112  1157 V RecentTasksController: Notify recent tasks changed
04-21 10:24:41.610  1418  1418 D RecentTasksList: invalidateLoadedTasks - previous requestLoadId: -1
04-21 10:24:41.610  1418  1418 D RecentTasksList: invalidateLoadedTasks - previous requestLoadId: -1
04-21 10:24:41.610  1418  1418 D RecentTasksList: invalidateLoadedTasks - previous requestLoadId: -1
04-21 10:24:41.612  1112  1244 D WindowOnBackDispatcher: setTopOnBackInvokedCallback (unwrapped): android.view.ViewRootImpl$$ExternalSyntheticLambda13@12ec6b6
04-21 10:24:41.614   663  1788 D CoreBackPreview: Window{73c9d45 u0 Splash Screen com.aidemoi.app}: Setting back callback OnBackInvokedCallbackInfo{mCallback=android.window.IOnBackInvokedCallback$Stub$Proxy@95f743, mPriority=0, mIsAnimationCallback=false, mOverrideBehavior=0}
04-21 10:24:41.614   663  1788 D WindowManager: setClientSurface Surface(name=VRI-Splash Screen com.aidemoi.app#1755)/@0x682cef9 for 73c9d45 Splash Screen com.aidemoi.app
04-21 10:24:41.619  1112  1244 I Surface : Creating surface for consumer unnamed-1112-44 with slotExpansion=1 for 64 slots
04-21 10:24:41.620  1112  1244 I Surface : Creating surface for consumer VRI[app]#44(BLAST Consumer)44 with slotExpansion=1 for 64 slots
04-21 10:24:41.620   468   468 D Zygote  : Forked child process 25735
04-21 10:24:41.621   663   698 I ActivityManager: Start proc 25735:com.aidemoi.app/u0a230 for next-top-activity {com.aidemoi.app/com.aidemoi.app.MainActivity}
04-21 10:24:41.633 25735 25735 I Zygote  : Process 25735 created for com.aidemoi.app
04-21 10:24:41.634 25735 25735 I com.aidemoi.app: Late-enabling -Xcheck:jni
04-21 10:24:41.663 25735 25735 I com.aidemoi.app: Using generational CollectorTypeCMC GC.
04-21 10:24:41.664 25735 25735 W com.aidemoi.app: Unexpected CPU variant for x86: x86_64.
04-21 10:24:41.664 25735 25735 W com.aidemoi.app: Known variants: atom, sandybridge, silvermont, goldmont, goldmont-plus, goldmont-without-sha-xsaves, tremont, kabylake, alderlake, lunarlake, default
04-21 10:24:41.681 25735 25735 D nativeloader: Load libframework-connectivity-tiramisu-jni.so using APEX ns com_android_tethering for caller /apex/com.android.tethering/javalib/framework-connectivity-t.jar: ok
04-21 10:24:41.684  1847  1854 I adbd    : jdwp connection from 25735
04-21 10:24:41.715   663   688 V WindowManager: Sent Transition (#193) createdAt=04-21 10:24:41.590 via request=TransitionRequestInfo { type = OPEN, triggerTask = TaskInfo{userId=0 taskId=27 effectiveUid=10230 displayId=0 isRunning=true baseIntent=Intent { flg=0x10000000 cmp=com.aidemoi.app/.MainActivity } baseActivity=ComponentInfo{com.aidemoi.app/com.aidemoi.app.MainActivity} topActivity=ComponentInfo{com.aidemoi.app/com.aidemoi.app.MainActivity} origActivity=null realActivity=ComponentInfo{com.aidemoi.app/com.aidemoi.app.MainActivity} realActivityIsAppLockEnabled=false numActivities=1 lastActiveTime=17000682 supportsMultiWindow=true supportsMultiWindowWithoutConstraints=true resizeMode=1 isResizeable=true minWidth=-1 minHeight=-1 defaultMinSize=220 token=WCT{RemoteToken{19861b5 Task{4bef742 #27 type=standard A=10230:com.aidemoi.app}}} topActivityType=1 pictureInPictureParams=null shouldDockBigOverlays=false launchIntoPipHostTaskId=-1 lastParentTaskIdBeforePip=-1 displayCutoutSafeInsets=Rect(0, 159 - 0, 0) topActivityInfo=ActivityInfo{4ad0bbb com.aidemoi.app.MainActivity} launchCookies=[] positionInParent=Point(0, 0) parentTaskId=-1 isFocused=false isInteractive=false isVisible=false isVisibleRequested=false isTopActivityNoDisplay=false isSleeping=false locusId=null displayAreaFeatureId=1 isTopActivityTransparent=false isActivityStackTransparent=false lastNonFullscreenBounds=null leafTaskBoundsFromOptions= false capturedLink=null capturedLinkTimestamp=0 requestedVisibleTypes=503 topActivityRequestOpenInBrowserEducationTimestamp=0 appCompatTaskInfo=AppCompatTaskInfo { topActivityInSizeCompat=false isLeafTask= true eligibleForLetterboxEducation= false isLetterboxEducationEnabled= true isLetterboxDoubleTapEnabled= false eligibleForUserAspectRatioButton= false topActivityBoundsLetterboxed= false isFromLetterboxDoubleTap= false topActivityLetterboxVerticalPosition= -1 topActivityLetterboxHorizontalPosition= -1 topActivityLetterboxWidth=-1 topActivityLetterboxHeight=-1 topActivityAppBounds=Rect(0, 159 - 1344, 2920) isUserFullscreenOverrideEnabled=false isSystemFullscreenOverrideEnabled=false hasMinAspectRatioOverride=false topActivityLetterboxBounds=null topNonResizableActivityAspectRatio=-1.0} topActivityMainWindowFrame=null isAppBubble=false}, pipChange = null, remoteTransitionInfo = null, displayChange = null, requestedLocation = null, userChange = null, windowingLayerChange = null, fullscreenRequestChange = null, flags = 0, debugId = 193 }
04-21 10:24:41.715  1112  1671 V WindowManagerShell: onTransitionReady(transaction=2847563330725)
04-21 10:24:41.716  1112  1157 V RecentTasksController: Notify recent tasks changed
04-21 10:24:41.717   663   688 V WindowManager:     startWCT=WindowContainerTransaction { changes= {} hops= [] flags= 0 errorCallbackToken=null taskFragmentOrganizer=null }
04-21 10:24:41.718  1418  1418 D RecentTasksList: invalidateLoadedTasks - previous requestLoadId: -1
04-21 10:24:41.717   663   688 V WindowManager:     info={id=193 t=OPEN f=0x0 trk=0 r=[0@Point(0, 0)] c=[
04-21 10:24:41.717   663   688 V WindowManager:         {WCT{RemoteToken{19861b5 Task{4bef742 #27 type=standard A=10230:com.aidemoi.app}}} m=OPEN f=MOVE_TO_TOP leash=Surface(name=Task=27#1752)/@0xb96c49f sb=Rect(0, 0 - 1344, 2992) eb=Rect(0, 0 - 1344, 2992) epz=Point(1344, 2992) d=0 taskParent=-1 winMode=1 userId=0},
04-21 10:24:41.717   663   688 V WindowManager:         {WCT{RemoteToken{f57f6d6 Task{364e51c #1 type=home}}} m=TO_BACK f=SHOW_WALLPAPER leash=Surface(name=Task=1#34)/@0xcf7a803 sb=Rect(0, 0 - 1344, 2992) eb=Rect(0, 0 - 1344, 2992) epz=Point(1344, 2992) d=0 taskParent=-1 winMode=1 userId=0},
04-21 10:24:41.717   663   688 V WindowManager:         {m=TO_BACK f=IS_WALLPAPER leash=Surface(name=WallpaperWindowToken{a6b8ff4}#46)/@0x9cb153b sb=Rect(0, 0 - 1344, 2992) eb=Rect(0, 0 - 1344, 2992) epz=Point(1344, 2992) d=0}
04-21 10:24:41.717   663   688 V WindowManager:     ]}
04-21 10:24:41.723  1112  1157 V WindowManagerShell: onTransitionReady (#193) android.os.BinderProxy@2cf5ccf: {id=193 t=OPEN f=0x0 trk=0 r=[0@Point(0, 0)] c=[
04-21 10:24:41.723  1112  1157 V WindowManagerShell:         {m=OPEN f=MOVE_TO_TOP leash=Surface(name=Task=27#1752)/@0x41b6eaf sb=Rect(0, 0 - 1344, 2992) eb=Rect(0, 0 - 1344, 2992) epz=Point(1344, 2992) d=0 taskParent=-1 winMode=1 userId=0},
04-21 10:24:41.723  1112  1157 V WindowManagerShell:         {m=TO_BACK f=SHOW_WALLPAPER leash=Surface(name=Task=1#34)/@0x5c1a2bc sb=Rect(0, 0 - 1344, 2992) eb=Rect(0, 0 - 1344, 2992) epz=Point(1344, 2992) d=0 taskParent=-1 winMode=1 userId=0},
04-21 10:24:41.723  1112  1157 V WindowManagerShell:         {m=TO_BACK f=IS_WALLPAPER leash=Surface(name=WallpaperWindowToken{a6b8ff4}#46)/@0xc6fc245 sb=Rect(0, 0 - 1344, 2992) eb=Rect(0, 0 - 1344, 2992) epz=Point(1344, 2992) d=0}
04-21 10:24:41.723  1112  1157 V WindowManagerShell:     ]}
04-21 10:24:41.723  1112  1157 V WindowManagerShell: Playing animation for (#193) android.os.BinderProxy@2cf5ccf@0
04-21 10:24:41.724  1112  1157 D ShellSplitScreen: startAnimation: transition=193 isSplitActive=false
04-21 10:24:41.724  1112  1157 V ShellRecents: RecentsTransitionHandler.startAnimation: no controller found
04-21 10:24:41.724  1112  1157 V ShellDesktopMode: DesktopMixedTransitionHandler: No pending desktop transition
04-21 10:24:41.724  1112  1157 V WindowManagerShell: Transition doesn't have explicit remote, search filters for match for {id=193 t=OPEN f=0x0 trk=0 r=[0@Point(0, 0)] c=[{m=OPEN f=MOVE_TO_TOP leash=Surface(name=Task=27#1752)/@0x41b6eaf sb=Rect(0, 0 - 1344, 2992) eb=Rect(0, 0 - 1344, 2992) epz=Point(1344, 2992) d=0 taskParent=-1 winMode=1 userId=0},{m=TO_BACK f=SHOW_WALLPAPER leash=Surface(name=Task=1#34)/@0x5c1a2bc sb=Rect(0, 0 - 1344, 2992) eb=Rect(0, 0 - 1344, 2992) epz=Point(1344, 2992) d=0 taskParent=-1 winMode=1 userId=0},{m=TO_BACK f=IS_WALLPAPER leash=Surface(name=WallpaperWindowToken{a6b8ff4}#46)/@0xc6fc245 sb=Rect(0, 0 - 1344, 2992) eb=Rect(0, 0 - 1344, 2992) epz=Point(1344, 2992) d=0}]}
04-21 10:24:41.726  1112  1157 V WindowManagerShell:  Checking filter Pair{{types=[] flags=0x0 notFlags=0x0 checks=[{atype=undefined independent=true modes=[CLOSE,TO_BACK] flags=IN_TASK_WITH_EMBEDDED_ACTIVITY mustBeTask=false order=ANY topActivity=null launchCookie=null taskFragmentToken=android.os.BinderProxy@305fabc windowingMode=undefined isCrossDisplayMove=false}]} RemoteTransition { remoteTransition = android.window.IRemoteTransition$Stub$Proxy@5593a45, appThread = android.app.IApplicationThread$Stub$Proxy@d1d059a, debugName = overlayBackTransition, filter = {types=[] flags=0x0 notFlags=0x0 checks=[{atype=undefined independent=true modes=[CLOSE,TO_BACK] flags=IN_TASK_WITH_EMBEDDED_ACTIVITY mustBeTask=false order=ANY topActivity=null launchCookie=null taskFragmentToken=android.os.BinderProxy@305fabc windowingMode=undefined isCrossDisplayMove=false}]} }}
04-21 10:24:41.726  1112  1157 V WindowManagerShell:  Checking filter Pair{{types=[] flags=0x0 notFlags=0x0 checks=[{atype=dream independent=true modes=[OPEN,TO_FRONT] flags=NONE mustBeTask=false order=ANY topActivity=null launchCookie=null windowingMode=undefined isCrossDisplayMove=false},{atype=home independent=true modes=[CLOSE,TO_BACK] flags=NONE mustBeTask=false order=ANY topActivity=null launchCookie=null windowingMode=undefined isCrossDisplayMove=false}]} RemoteTransition { remoteTransition = android.window.IRemoteTransition$Stub$Proxy@c2c7ecb, appThread = android.app.IApplicationThread$Stub$Proxy@99606a8, debugName = LauncherToDream, filter = {types=[] flags=0x0 notFlags=0x0 checks=[{atype=dream independent=true modes=[OPEN,TO_FRONT] flags=NONE mustBeTask=false order=ANY topActivity=null launchCookie=null windowingMode=undefined isCrossDisplayMove=false},{atype=home independent=true modes=[CLOSE,TO_BACK] flags=NONE mustBeTask=false order=ANY topActivity=null launchCookie=null windowingMode=undefined isCrossDisplayMove=false}]} }}
04-21 10:24:41.727  1112  1157 V WindowManagerShell:  Checking filter Pair{{types=[] flags=0x0 notFlags=0x0 checks=[{atype=standard independent=false modes=[CHANGE] flags=NONE mustBeTask=true order=ANY topActivity=null launchCookie=null windowingMode=undefined isCrossDisplayMove=true}]} RemoteTransition { remoteTransition = android.window.IRemoteTransition$Stub$Proxy@8d835c1, appThread = android.app.IApplicationThread$Stub$Proxy@8b5e166, debugName = QuickstepDisplayMove, filter = {types=[] flags=0x0 notFlags=0x0 checks=[{atype=standard independent=false modes=[CHANGE] flags=NONE mustBeTask=true order=ANY topActivity=null launchCookie=null windowingMode=undefined isCrossDisplayMove=true}]} }}
04-21 10:24:41.727  1112  1157 V WindowManagerShell:  Checking filter Pair{{types=[] flags=0x0 notFlags=0x100 checks=[{atype=home independent=true modes=[OPEN,TO_FRONT] flags=NONE mustBeTask=false order=ANY topActivity=ComponentInfo{com.google.android.apps.nexuslauncher/com.google.android.apps.nexuslauncher.NexusLauncherActivity} launchCookie=null windowingMode=undefined isCrossDisplayMove=false},{atype=standard independent=true modes=[CLOSE,TO_BACK] flags=NONE mustBeTask=false order=ANY topActivity=null launchCookie=null windowingMode=undefined isCrossDisplayMove=false},{NOT atype=undefined independent=true modes=[] flags=NONE mustBeTask=true order=ANY topActivity=null launchCookie=null customAnim=true windowingMode=undefined isCrossDisplayMove=false}]} RemoteTransition { remoteTransition = android.window.IRemoteTransition$Stub$Proxy@b023ca7, appThread = android.app.IApplicationThread$Stub$Proxy@e98e554, debugName = QuickstepLaunchHome, filter = {types=[] flags=0x0 notFlags=0x100 checks=[{atype=home independent=true modes=[OPEN,TO_FRONT] flags=NONE mustBeTask=false order=ANY topActivity=ComponentInfo{com.google.android.apps.nexuslauncher/com.google.android.apps.nexuslauncher.NexusLauncherActivity} launchCookie=null windowingMode=undefined isCrossDisplayMove=false},{atype=standard independent=true modes=[CLOSE,TO_BACK] flags=NONE mustBeTask=false order=ANY topActivity=null launchCookie=null windowingMode=undefined isCrossDisplayMove=false},{NOT atype=undefined independent=true modes=[] flags=NONE mustBeTask=true order=ANY topActivity=null launchCookie=null customAnim=true windowingMode=undefined isCrossDisplayMove=false}]} }}
04-21 10:24:41.727  1112  1157 V WindowManagerShell:  Checking filter Pair{{types=[OPEN,TO_FRONT] flags=0x0 notFlags=0x0 checks=[{atype=standard independent=true modes=[OPEN,TO_FRONT] flags=NONE mustBeTask=true order=ANY topActivity=null launchCookie=null windowingMode=freeform isCrossDisplayMove=false}]} RemoteTransition { remoteTransition = android.window.IRemoteTransition$Stub$Proxy@7c73612, appThread = null, debugName = DesktopWindowLimitUnminimize, filter = {types=[OPEN,TO_FRONT] flags=0x0 notFlags=0x0 checks=[{atype=standard independent=true modes=[OPEN,TO_FRONT] flags=NONE mustBeTask=true order=ANY topActivity=null launchCookie=null windowingMode=freeform isCrossDisplayMove=false}]} }}
04-21 10:24:41.727  1112  1157 V WindowManagerShell:  Delegate animation for (#193) to null
04-21 10:24:41.727  1112  1157 V WindowManagerShell: start default transition animation, info = {id=193 t=OPEN f=0x0 trk=0 r=[0@Point(0, 0)] c=[{m=OPEN f=MOVE_TO_TOP leash=Surface(name=Task=27#1752)/@0x41b6eaf sb=Rect(0, 0 - 1344, 2992) eb=Rect(0, 0 - 1344, 2992) epz=Point(1344, 2992) d=0 taskParent=-1 winMode=1 userId=0},{m=TO_BACK f=SHOW_WALLPAPER leash=Surface(name=Task=1#34)/@0x5c1a2bc sb=Rect(0, 0 - 1344, 2992) eb=Rect(0, 0 - 1344, 2992) epz=Point(1344, 2992) d=0 taskParent=-1 winMode=1 userId=0},{m=TO_BACK f=IS_WALLPAPER leash=Surface(name=WallpaperWindowToken{a6b8ff4}#46)/@0xc6fc245 sb=Rect(0, 0 - 1344, 2992) eb=Rect(0, 0 - 1344, 2992) epz=Point(1344, 2992) d=0}]}
04-21 10:24:41.727  1112  1157 V WindowManagerShell: loadAnimation: anim=android.view.animation.AnimationSet@642ea8 animAttr=0x13 type=OPEN isEntrance=false
04-21 10:24:41.728  1112  1157 V WindowManagerShell: loadAnimation: anim=android.view.animation.AnimationSet@ecf3dc1 animAttr=0x12 type=OPEN isEntrance=true
04-21 10:24:41.730  1112  1157 V WindowManagerShell:  animated by com.android.wm.shell.transition.DefaultTransitionHandler@1ee5af6
04-21 10:24:41.730  1112  1157 V ShellTaskOrganizer: Task appeared taskId=27 listener=FullscreenTaskListener
04-21 10:24:41.730  1112  1157 V ShellTaskOrganizer: Fullscreen Task Appeared: #27
04-21 10:24:41.730  1112  1157 V RecentTasksController: Notify recent tasks changed
04-21 10:24:41.732  1418  1418 D RecentTasksList: invalidateLoadedTasks - previous requestLoadId: -1
04-21 10:24:41.732  1112  1157 V RecentTasksController: generateList(getRecentTasks)
04-21 10:24:41.732  1112  1157 V RecentTasksController: initializeDesksMap - allDeskIds: []
04-21 10:24:41.732  1112  1157 V RecentTasksController: Task 27 is not an active desktop task
04-21 10:24:41.732  1112  1157 V RecentTasksController: Added fullscreen task: 27
04-21 10:24:41.732  1112  1157 V RecentTasksController: Task 19 is not an active desktop task
04-21 10:24:41.733  1112  1157 V RecentTasksController: Added fullscreen task: 19
04-21 10:24:41.733  1112  1157 V RecentTasksController: generateList - complete
04-21 10:24:41.745   663   764 D ActivityManager: sync unfroze 22380 com.android.vending for 6
04-21 10:24:41.748 25735 25735 D CompatChangeReporter: Compat change id reported: 242716250; UID 10230; state: ENABLED
04-21 10:24:41.753   663  1206 W ProcessStats: Tracking association SourceState{14da78d system/1000 ImpBg #13286} whose proc state 6 is better than process ProcessState{61a5cf7 com.android.vending/10154 pkg=com.android.vending} proc state 14 (3 skipped)
04-21 10:24:41.754 22380 22380 I Finsky  : [2] SCH: job service start with id 9727.
04-21 10:24:41.756 22380 22422 I Finsky  : [72] Current account updated in PVS
04-21 10:24:41.757 22380 22423 I Finsky  : [73] Current account updated in PVS
04-21 10:24:41.758 22380 22423 I Finsky  : [73] Current account updated in PVS
04-21 10:24:41.766 22380 25466 I Finsky  : [215] SCH: Satisfied jobs for 9727 are: 12-1
04-21 10:24:41.769 22380 22424 I Finsky  : [74] Current account updated in PVS
04-21 10:24:41.772 22380 25627 I Finsky  : [224] SCH: Job 12-1 starting
04-21 10:24:41.773 22380 22422 I Finsky  : [72] Current account updated in PVS
04-21 10:24:41.774 22380 22422 I Finsky  : [72] Current account updated in PVS
04-21 10:24:41.775 22380 22422 I Finsky  : [72] Current account updated in PVS
04-21 10:24:41.774 22380 22380 I Finsky  : [2] WM::SCH: Logging work start for 12-1
04-21 10:24:41.775 22380 22380 I Finsky  : [2] [ContentSync] job started
04-21 10:24:41.775 22380 22424 I Finsky  : [74] Current account updated in PVS
04-21 10:24:41.777 22380 22421 I Finsky  : [71] Current account updated in PVS
04-21 10:24:41.778 22380 22422 I Finsky  : [72] Current account updated in PVS
04-21 10:24:41.778 22380 22423 I Finsky  : [73] Current account updated in PVS
04-21 10:24:41.778 22380 22423 I Finsky  : [73] Current account updated in PVS
04-21 10:24:41.779 22380 22422 I Finsky  : [72] Current account updated in PVS
04-21 10:24:41.779 22380 22422 I Finsky  : [72] Current account updated in PVS
04-21 10:24:41.779 22380 22422 I Finsky  : [72] Current account updated in PVS
04-21 10:24:41.779 22380 22422 I Finsky  : [72] Current account updated in PVS
04-21 10:24:41.779 22380 22422 I Finsky  : [72] Current account updated in PVS
04-21 10:24:41.779 22380 22422 I Finsky  : [72] Current account updated in PVS
04-21 10:24:41.779 22380 22422 I Finsky  : [72] Current account updated in PVS
04-21 10:24:41.780 22380 22422 I Finsky  : [72] Current account updated in PVS
04-21 10:24:41.780 22380 22422 I Finsky  : [72] Current account updated in PVS
04-21 10:24:41.780 22380 22422 I Finsky  : [72] Current account updated in PVS
04-21 10:24:41.780 22380 22422 I Finsky  : [72] Current account updated in PVS
04-21 10:24:41.780 22380 22422 I Finsky  : [72] Current account updated in PVS
04-21 10:24:41.782 22380 22422 I Finsky  : [72] Current account updated in PVS
04-21 10:24:41.782 22380 22422 I Finsky  : [72] Current account updated in PVS
04-21 10:24:41.784 22380 22422 I Finsky  : [72] Current account updated in PVS
04-21 10:24:41.785 22380 22422 I Finsky  : [72] Current account updated in PVS
04-21 10:24:41.785 22380 22422 I Finsky  : [72] Current account updated in PVS
04-21 10:24:41.785 22380 22422 I Finsky  : [72] Current account updated in PVS
04-21 10:24:41.790 22380 22422 I Finsky  : [72] Current account updated in PVS
04-21 10:24:41.791 22380 22424 I Finsky  : [74] Current account updated in PVS
04-21 10:24:41.796 22380 22424 I Finsky  : [74] Current account updated in PVS
04-21 10:24:41.796 22380 22421 I Finsky  : [71] Current account updated in PVS
04-21 10:24:41.797 22380 22421 I Finsky  : [71] Current account updated in PVS
04-21 10:24:41.798 22380 22421 I Finsky  : [71] Current account updated in PVS
04-21 10:24:41.798 22380 22421 I Finsky  : [71] Current account updated in PVS
04-21 10:24:41.798 22380 22421 I Finsky  : [71] Current account updated in PVS
04-21 10:24:41.798 22380 22421 I Finsky  : [71] Current account updated in PVS
04-21 10:24:41.799 22380 22421 I Finsky  : [71] Current account updated in PVS
04-21 10:24:41.799 22380 22421 I Finsky  : [71] Current account updated in PVS
04-21 10:24:41.799 22380 22421 I Finsky  : [71] Current account updated in PVS
04-21 10:24:41.799 22380 22421 I Finsky  : [71] Current account updated in PVS
04-21 10:24:41.799 22380 22421 I Finsky  : [71] Current account updated in PVS
04-21 10:24:41.800 22380 22421 I Finsky  : [71] Current account updated in PVS
04-21 10:24:41.800 22380 22421 I Finsky  : [71] Current account updated in PVS
04-21 10:24:41.807 22380 22421 I Finsky  : [71] Current account updated in PVS
04-21 10:24:41.808 22380 22424 I Finsky  : [74] Current account updated in PVS
04-21 10:24:41.808 22380 22423 I Finsky  : [73] Current account updated in PVS
04-21 10:24:41.808 22380 22423 I Finsky  : [73] Current account updated in PVS
04-21 10:24:41.809 22380 22423 I Finsky  : [73] Current account updated in PVS
04-21 10:24:41.809 22380 22423 I Finsky  : [73] Current account updated in PVS
04-21 10:24:41.809 22380 22423 I Finsky  : [73] Current account updated in PVS
04-21 10:24:41.809 22380 22423 I Finsky  : [73] Current account updated in PVS
04-21 10:24:41.809 22380 22423 I Finsky  : [73] Current account updated in PVS
04-21 10:24:41.809 22380 22423 I Finsky  : [73] Current account updated in PVS
04-21 10:24:41.810 22380 22423 I Finsky  : [73] Current account updated in PVS
04-21 10:24:41.810 22380 22423 I Finsky  : [73] Current account updated in PVS
04-21 10:24:41.828   526   577 W skia    : AGTM parsing failed flags.readFromStream(s) at 159
04-21 10:24:41.829   526   577 W skia    : AGTM parsing failed flags.readFromStream(s) at 159
04-21 10:24:41.843 22380 22423 I Finsky  : [73] Current account updated in PVS
04-21 10:24:41.844 22380 22421 I Finsky  : [71] Current account updated in PVS
04-21 10:24:41.846 22380 22421 I Finsky  : [71] Current account updated in PVS
04-21 10:24:41.846 22380 22421 I Finsky  : [71] Current account updated in PVS
04-21 10:24:41.848 22380 22421 I Finsky  : [71] Current account updated in PVS
04-21 10:24:41.848 22380 22421 I Finsky  : [71] Current account updated in PVS
04-21 10:24:41.849 22380 22421 I Finsky  : [71] Current account updated in PVS
04-21 10:24:41.849 22380 22421 I Finsky  : [71] Current account updated in PVS
04-21 10:24:41.849 22380 22421 I Finsky  : [71] Current account updated in PVS
04-21 10:24:41.849 22380 22421 I Finsky  : [71] Current account updated in PVS
04-21 10:24:41.851 22380 22421 I Finsky  : [71] Current account updated in PVS
04-21 10:24:41.859 22380 22421 I Finsky  : [71] Current account updated in PVS
04-21 10:24:41.860 22380 22423 I Finsky  : [73] Current account updated in PVS
04-21 10:24:41.862 22380 22422 I Finsky  : [72] Current account updated in PVS
04-21 10:24:41.863 22380 22422 I Finsky  : [72] Current account updated in PVS
04-21 10:24:41.863 22380 22423 I Finsky  : [73] Current account updated in PVS
04-21 10:24:41.863 22380 22423 I Finsky  : [73] Current account updated in PVS
04-21 10:24:41.883 22380 22421 I Finsky  : [71] Current account updated in PVS
04-21 10:24:41.884 22380 22423 I Finsky  : [73] Current account updated in PVS
04-21 10:24:41.889 22380 22423 I Finsky  : [73] Current account updated in PVS
04-21 10:24:41.890 22380 22422 I Finsky  : [72] Current account updated in PVS
04-21 10:24:41.890 22380 22423 I Finsky  : [73] Current account updated in PVS
04-21 10:24:41.890 22380 22421 I Finsky  : [71] Current account updated in PVS
04-21 10:24:41.891 22380 22423 I Finsky  : [73] Current account updated in PVS
04-21 10:24:41.892 22380 22423 I Finsky  : [73] Current account updated in PVS
04-21 10:24:41.893 22380 22423 I Finsky  : [73] Current account updated in PVS
04-21 10:24:41.893 22380 22423 I Finsky  : [73] Current account updated in PVS
04-21 10:24:41.893 22380 22423 I Finsky  : [73] Current account updated in PVS
04-21 10:24:41.893 22380 22423 I Finsky  : [73] Current account updated in PVS
04-21 10:24:41.893 22380 22423 I Finsky  : [73] Current account updated in PVS
04-21 10:24:41.893 22380 22423 I Finsky  : [73] Current account updated in PVS
04-21 10:24:41.893 22380 22423 I Finsky  : [73] Current account updated in PVS
04-21 10:24:41.893 22380 22423 I Finsky  : [73] Current account updated in PVS
04-21 10:24:41.893 22380 22423 I Finsky  : [73] Current account updated in PVS
04-21 10:24:41.893 22380 22423 I Finsky  : [73] Current account updated in PVS
04-21 10:24:41.893 22380 22423 I Finsky  : [73] Current account updated in PVS
04-21 10:24:41.893 22380 22423 I Finsky  : [73] Current account updated in PVS
04-21 10:24:41.894 22380 22423 I Finsky  : [73] Current account updated in PVS
04-21 10:24:41.894 22380 22423 I Finsky  : [73] Current account updated in PVS
04-21 10:24:41.895 22380 22423 I Finsky  : [73] Current account updated in PVS
04-21 10:24:41.896 22380 22423 I Finsky  : [73] Current account updated in PVS
04-21 10:24:41.897 22380 22422 I Finsky  : [72] Current account updated in PVS
04-21 10:24:41.897 22380 22422 I Finsky  : [72] Current account updated in PVS
04-21 10:24:41.897 22380 22422 I Finsky  : [72] Current account updated in PVS
04-21 10:24:41.897 22380 22422 I Finsky  : [72] Current account updated in PVS
04-21 10:24:41.898 22380 22422 I Finsky  : [72] Current account updated in PVS
04-21 10:24:41.895 22380 22421 I Finsky  : [71] Current account updated in PVS
04-21 10:24:41.898 22380 22422 I Finsky  : [72] Current account updated in PVS
04-21 10:24:41.898 22380 22422 I Finsky  : [72] Current account updated in PVS
04-21 10:24:41.898 22380 22422 I Finsky  : [72] Current account updated in PVS
04-21 10:24:41.899 22380 22422 I Finsky  : [72] Current account updated in PVS
04-21 10:24:41.899 22380 22422 I Finsky  : [72] Current account updated in PVS
04-21 10:24:41.899 22380 22422 I Finsky  : [72] Current account updated in PVS
04-21 10:24:41.899 22380 22422 I Finsky  : [72] Current account updated in PVS
04-21 10:24:41.899 22380 22422 I Finsky  : [72] Current account updated in PVS
04-21 10:24:41.899 22380 22422 I Finsky  : [72] Current account updated in PVS
04-21 10:24:41.899 22380 22422 I Finsky  : [72] Current account updated in PVS
04-21 10:24:41.899 22380 22422 I Finsky  : [72] Current account updated in PVS
04-21 10:24:41.899 22380 22422 I Finsky  : [72] Current account updated in PVS
04-21 10:24:41.900 22380 22422 I Finsky  : [72] Current account updated in PVS
04-21 10:24:41.900 22380 22422 I Finsky  : [72] Current account updated in PVS
04-21 10:24:41.902 22380 22422 I Finsky  : [72] Current account updated in PVS
04-21 10:24:41.903 22380 22422 I Finsky  : [72] Current account updated in PVS
04-21 10:24:41.903 22380 22422 I Finsky  : [72] Current account updated in PVS
04-21 10:24:41.911 25735 25735 D nativeloader: Configuring clns-9 for other apk /data/app/~~xDX1gwPo9TxwXMoMj9ZXQg==/com.aidemoi.app-3JOUI8nXVmctNfx1992f_g==/base.apk. target_sdk_version=34, uses_libraries=, library_path=/data/app/~~xDX1gwPo9TxwXMoMj9ZXQg==/com.aidemoi.app-3JOUI8nXVmctNfx1992f_g==/lib/x86_64, permitted_path=/data:/mnt/expand:/data/user/0/com.aidemoi.app
04-21 10:24:41.922 22380 22383 W android.vending: Missing inline cache for java.lang.Object nyj.apply(java.lang.Object)
04-21 10:24:41.922 22380 22383 W android.vending: Missing inline cache for java.lang.Object nyj.apply(java.lang.Object)
04-21 10:24:41.922 22380 22383 W android.vending: Missing inline cache for java.lang.Object nyj.apply(java.lang.Object)
04-21 10:24:41.922 22380 22383 W android.vending: Missing inline cache for java.lang.Object nyj.apply(java.lang.Object)
04-21 10:24:41.922 22380 22383 W android.vending: Missing inline cache for java.lang.Object nyj.apply(java.lang.Object)
04-21 10:24:41.922 22380 22383 W android.vending: Missing inline cache for java.lang.Object nyj.apply(java.lang.Object)
04-21 10:24:41.923 22380 22383 W android.vending: Missing inline cache for java.lang.Object nyj.apply(java.lang.Object)
04-21 10:24:41.923 22380 22383 W android.vending: Missing inline cache for java.lang.Object nyj.apply(java.lang.Object)
04-21 10:24:41.927   526   577 W skia    : AGTM parsing failed flags.readFromStream(s) at 159
04-21 10:24:41.927   526   577 W skia    : AGTM parsing failed flags.readFromStream(s) at 159
04-21 10:24:41.930 25735 25735 V GraphicsEnvironment: Currently set values for:
04-21 10:24:41.930 25735 25735 V GraphicsEnvironment:   angle_gl_driver_selection_pkgs=[]
04-21 10:24:41.930 25735 25735 V GraphicsEnvironment:   angle_gl_driver_selection_values=[]
04-21 10:24:41.930 25735 25735 V GraphicsEnvironment: com.aidemoi.app is not listed in per-application setting
04-21 10:24:41.930 25735 25735 V GraphicsEnvironment: No special selections for ANGLE, returning default driver choice
04-21 10:24:41.932 25735 25735 V GraphicsEnvironment: Neither updatable production driver nor prerelease driver is supported.
04-21 10:24:41.938 22380 22422 I Finsky  : [72] Current account updated in PVS
04-21 10:24:41.940 22380 22422 I Finsky  : [72] Current account updated in PVS
04-21 10:24:41.946 22380 25628 I Finsky  : [225] App states replicator found 5 unowned apps
04-21 10:24:41.961 22380 22431 I Finsky  : [78] Completed 0 account content syncs with 0 successful.
04-21 10:24:41.964 22380 22380 I Finsky  : [2] [ContentSync] Installation state replication succeeded.
04-21 10:24:41.964 22380 22380 I Finsky  : [2] SCH: jobFinished: 12-1. TimeElapsed: 191ms.
04-21 10:24:41.965 22380 22380 I Finsky  : [2] WM::SCH: Logging work end for 12-1
04-21 10:24:41.976 22380 22421 I Finsky  : [71] Current account updated in PVS
04-21 10:24:41.986 22380 22424 I Finsky  : [74] Current account updated in PVS
04-21 10:24:41.989 22380 22424 I Finsky  : [74] Current account updated in PVS
04-21 10:24:41.991 22380 22424 I Finsky  : [74] Current account updated in PVS
04-21 10:24:42.009 22380 22424 I Finsky  : [74] Current account updated in PVS
04-21 10:24:42.010 22380 22423 I Finsky  : [73] Current account updated in PVS
04-21 10:24:42.011 22380 22421 I Finsky  : [71] Current account updated in PVS
04-21 10:24:42.011 22380 22423 I Finsky  : [73] Current account updated in PVS
04-21 10:24:42.012 22380 22421 I Finsky  : [71] Current account updated in PVS
04-21 10:24:42.013 22380 22421 I Finsky  : [71] Current account updated in PVS
04-21 10:24:42.013 22380 22421 I Finsky  : [71] Current account updated in PVS
04-21 10:24:42.014 22380 22423 I Finsky  : [73] Current account updated in PVS
04-21 10:24:42.014 22380 22423 I Finsky  : [73] Current account updated in PVS
04-21 10:24:42.018 25735 25753 I DisplayManager: Choreographer implicitly registered for the refresh rate.
04-21 10:24:42.018 22380 22423 I Finsky  : [73] Current account updated in PVS
04-21 10:24:42.021 22380 22422 I Finsky  : [72] Current account updated in PVS
04-21 10:24:42.021 22380 22422 I Finsky  : [72] Current account updated in PVS
04-21 10:24:42.022 22380 22431 I Finsky  : [78] SCH: Scheduling phonesky job Id: 1-1337, CT: 1776766089950, Constraints: [{ L: 29517588, D: 72717588, C: CHARGING_NONE, I: IDLE_NONE, N: NET_ANY, B: BATTERY_ANY }]
04-21 10:24:42.022 22380 22422 I Finsky  : [72] Current account updated in PVS
04-21 10:24:42.024 22380 22423 I Finsky  : [73] Current account updated in PVS
04-21 10:24:42.029 22380 22424 I Finsky  : [74] Current account updated in PVS
04-21 10:24:42.029 22380 22423 I Finsky  : [73] Current account updated in PVS
04-21 10:24:42.030 22380 22433 I Finsky  : [79] SCH: Scheduling 1 system job(s)
04-21 10:24:42.030 22380 22422 I Finsky  : [72] Current account updated in PVS
04-21 10:24:42.030 22380 22422 I Finsky  : [72] Current account updated in PVS
04-21 10:24:42.030 22380 22422 I Finsky  : [72] Current account updated in PVS
04-21 10:24:42.030 22380 22433 I Finsky  : [79] SCH: Scheduling system job Id: 9730, L: 28525508, D: 71725508, C: false, I: false, N: 1
04-21 10:24:42.031 22380 22422 I Finsky  : [72] Current account updated in PVS
04-21 10:24:42.032   526   577 W skia    : AGTM parsing failed flags.readFromStream(s) at 159
04-21 10:24:42.032   526   577 W skia    : AGTM parsing failed flags.readFromStream(s) at 159
04-21 10:24:42.032 22380 22422 I Finsky  : [72] Current account updated in PVS
04-21 10:24:42.034 22380 22421 I Finsky  : [71] Current account updated in PVS
04-21 10:24:42.035 22380 22421 I Finsky  : [71] Current account updated in PVS
04-21 10:24:42.035 22380 22424 I Finsky  : [74] Current account updated in PVS
04-21 10:24:42.035 22380 22424 I Finsky  : [74] Current account updated in PVS
04-21 10:24:42.035 22380 22424 I Finsky  : [74] Current account updated in PVS
04-21 10:24:42.035 22380 22424 I Finsky  : [74] Current account updated in PVS
04-21 10:24:42.035 22380 22424 I Finsky  : [74] Current account updated in PVS
04-21 10:24:42.035 22380 22424 I Finsky  : [74] Current account updated in PVS
04-21 10:24:42.035 22380 22424 I Finsky  : [74] Current account updated in PVS
04-21 10:24:42.036 22380 22424 I Finsky  : [74] Current account updated in PVS
04-21 10:24:42.039 22380 22421 I Finsky  : [71] Current account updated in PVS
04-21 10:24:42.039 22380 22423 I Finsky  : [73] Current account updated in PVS
04-21 10:24:42.039 22380 22423 I Finsky  : [73] Current account updated in PVS
04-21 10:24:42.040 22380 22423 I Finsky  : [73] Current account updated in PVS
04-21 10:24:42.040 22380 22423 I Finsky  : [73] Current account updated in PVS
04-21 10:24:42.040 22380 22423 I Finsky  : [73] Current account updated in PVS
04-21 10:24:42.040 22380 22423 I Finsky  : [73] Current account updated in PVS
04-21 10:24:42.040 22380 25627 I Finsky  : [224] SCH: job service finished with id 9727.
04-21 10:24:42.041  1112  1157 V WindowManagerShell: Transition animation finished (aborted=false), notifying core (#193) android.os.BinderProxy@2cf5ccf@0
04-21 10:24:42.042  1418  1418 D BaseActivity: Launcher flags updated: [state_started] -[state_window_focused]
04-21 10:24:42.043 22380 22423 I Finsky  : [73] Current account updated in PVS
04-21 10:24:42.045 22380 22421 I Finsky  : [71] Current account updated in PVS
04-21 10:24:42.046 22380 22424 I Finsky  : [74] Current account updated in PVS
04-21 10:24:42.047 22380 22424 I Finsky  : [74] Current account updated in PVS
04-21 10:24:42.048 22380 22421 I Finsky  : [71] Current account updated in PVS
04-21 10:24:42.048 22380 22421 I Finsky  : [71] Current account updated in PVS
04-21 10:24:42.049 22380 22421 I Finsky  : [71] Current account updated in PVS
04-21 10:24:42.049 22380 22421 I Finsky  : [71] Current account updated in PVS
04-21 10:24:42.049 22380 22421 I Finsky  : [71] Current account updated in PVS
04-21 10:24:42.049 22380 22421 I Finsky  : [71] Current account updated in PVS
04-21 10:24:42.050 22380 22421 I Finsky  : [71] Current account updated in PVS
04-21 10:24:42.050 22380 22421 I Finsky  : [71] Current account updated in PVS
04-21 10:24:42.050 22380 22421 I Finsky  : [71] Current account updated in PVS
04-21 10:24:42.050 22380 22421 I Finsky  : [71] Current account updated in PVS
04-21 10:24:42.050 22380 22421 I Finsky  : [71] Current account updated in PVS
04-21 10:24:42.050 22380 22421 I Finsky  : [71] Current account updated in PVS
04-21 10:24:42.051 22380 22421 I Finsky  : [71] Current account updated in PVS
04-21 10:24:42.051 22380 22421 I Finsky  : [71] Current account updated in PVS
04-21 10:24:42.052 22380 22421 I Finsky  : [71] Current account updated in PVS
04-21 10:24:42.053 22380 22380 I Finsky  : [2] Memory trim requested to level 40
04-21 10:24:42.053 22380 22423 I Finsky  : [73] Current account updated in PVS
04-21 10:24:42.054 22380 22422 I Finsky  : [72] Current account updated in PVS
04-21 10:24:42.054 22380 22422 I Finsky  : [72] Current account updated in PVS
04-21 10:24:42.055 22380 22422 I Finsky  : [72] Current account updated in PVS
04-21 10:24:42.055 22380 22422 I Finsky  : [72] Current account updated in PVS
04-21 10:24:42.055 22380 22422 I Finsky  : [72] Current account updated in PVS
04-21 10:24:42.055 22380 22422 I Finsky  : [72] Current account updated in PVS
04-21 10:24:42.057 22380 22421 I Finsky  : [71] Current account updated in PVS
04-2