04-21 10:22:18.238 25284 25284 D nativeloader: Load /data/app/~~xzWWf-3rswW9GqRDF_BZrQ==/com.google.android.trichromelibrary_763204538-PxiBa_cSSyupmdbuad07xA==/TrichromeLibrary.apk!/lib/x86_64/libmonochrome_64.so using class loader ns clns-11 (caller=/data/app/~~s8_6djlFPd6YGZmcMYHsdA==/com.google.android.webview-8EBVrYHTkbE7rgbSO-0FNQ==/WebViewGoogle.apk): ok
04-21 10:22:18.241 25284 25284 D nativeloader: Load /system/lib64/libwebviewchromium_plat_support.so using class loader ns clns-11 (caller=/data/app/~~s8_6djlFPd6YGZmcMYHsdA==/com.google.android.webview-8EBVrYHTkbE7rgbSO-0FNQ==/WebViewGoogle.apk): ok
04-21 10:22:18.248 25284 25311 E chromium: [0421/102218.248318:ERROR:android_webview/browser/variations/variations_seed_loader.cc:39] Seed missing signature.
04-21 10:22:18.249 25284 25311 I chromium: [0421/102218.249303:INFO:android_webview/browser/variations/variations_seed_loader.cc:67] Failed to open file for reading.: No such file or directory (2)
04-21 10:22:18.261 25284 25284 I cr_LibraryLoader: Successfully loaded native library
04-21 10:22:18.262 25284 25284 I cr_CachingUmaRecorder: Flushed 18 samples from 18 histograms, 0 samples were dropped.
04-21 10:22:18.265 25284 25284 I cr_ChildProcLH: ScopedServiceBindingBatch.tryActivate: false
04-21 10:22:18.266 25284 25284 I cr_CombinedPProvider: #registerProvider() provider:WV.qk@ae0b410 isPolicyCacheEnabled:false policyProvidersSize:0
04-21 10:22:18.270   663  1905 D CompatChangeReporter: Compat change id reported: 161145287; UID 10230; state: ENABLED
04-21 10:22:18.270 25284 25284 I cr_PolicyProvider: #setManagerAndSource() 0
04-21 10:22:18.274 25284 25284 I cr_DisplayManager: Is Display Topology available: false
04-21 10:22:18.284   663  1905 V GrammaticalInflectionUtils: AttributionSource: android.content.AttributionSource@c6aa90e3 does not have READ_SYSTEM_GRAMMATICAL_GENDER permission.
04-21 10:22:18.294  1168  1168 D Zygote  : Forked child process 25315
04-21 10:22:18.297 25315 25315 I Zygote  : Process 25315 created for com.google.android.webview:sandboxed_process0:org.chromium.content.app.SandboxedProcessService0:0
04-21 10:22:18.298 25315 25315 I ocessService0:0: Using generational CollectorTypeCMC GC.
04-21 10:22:18.298 25315 25315 W ocessService0:0: Unexpected CPU variant for x86: x86_64.
04-21 10:22:18.298 25315 25315 W ocessService0:0: Known variants: atom, sandybridge, silvermont, goldmont, goldmont-plus, goldmont-without-sha-xsaves, tremont, kabylake, alderlake, lunarlake, default
04-21 10:22:18.300 25284 25284 I cr_CombinedPProvider: #linkNativeInternal() 1
04-21 10:22:18.301 25284 25284 I cr_AppResProvider: #getApplicationRestrictionsFromUserManager() Bundle[EMPTY_PARCEL]
04-21 10:22:18.301 25284 25284 I cr_PolicyProvider: #notifySettingsAvailable() 0
04-21 10:22:18.301 25284 25284 I cr_CombinedPProvider: #onSettingsAvailable() 0
04-21 10:22:18.301 25284 25284 I cr_CombinedPProvider: #flushPolicies()
04-21 10:22:18.302 16664 16664 D BoundBrokerSvc: onBind: Intent { act=com.google.android.gms.safetynet.service.START xflg=0x4 pkg=com.google.android.gms }
04-21 10:22:18.302 16664 16664 D BoundBrokerSvc: Loading bound service for intent: Intent { act=com.google.android.gms.safetynet.service.START xflg=0x4 pkg=com.google.android.gms }
04-21 10:22:18.307 25315 25315 D nativeloader: Load libframework-connectivity-tiramisu-jni.so using APEX ns com_android_tethering for caller /apex/com.android.tethering/javalib/framework-connectivity-t.jar: ok
04-21 10:22:18.317   663   698 I ActivityManager: Start proc 25315:com.google.android.webview:sandboxed_process0:org.chromium.content.app.SandboxedProcessService0:0/u0i6 for bound-service {com.aidemoi.app/org.chromium.content.app.SandboxedProcessService0:0}
04-21 10:22:18.330 25315 25315 D ApplicationLoaders: Returning zygote-cached class loader: /system_ext/framework/androidx.window.extensions.jar
04-21 10:22:18.332 25284 25328 W chromium: [WARNING:net/dns/dns_config_service_android.cc:69] Failed to read DnsConfig.
04-21 10:22:18.340 25315 25315 I LoadedApk: No resource references to update in package com.google.android.trichromelibrary
04-21 10:22:18.342 25315 25315 I cr_WebViewApkApp: version=145.0.7632.45 (763204538) minSdkVersion=29 processName=com.google.android.webview:sandboxed_process0:org.chromium.content.app.SandboxedProcessService0:0 splits=<none>
04-21 10:22:18.346 25284 25284 W chromium: [WARNING:android_webview/browser/network_service/net_helpers.cc:137] HTTP Cache size is: 20971520
04-21 10:22:18.354 25315 25315 I cr_ChildProcessService: Creating new ChildProcessService pid=25315
04-21 10:22:18.369 16664 16664 D BoundBrokerSvc: onBind: Intent { act=com.google.android.gms.safebrowsing.SafeBrowsingService.START dat=chimera-action:/... xflg=0x4 cmp=com.google.android.gms/.chimera.GmsBoundBrokerService }
04-21 10:22:18.369 16664 16664 D BoundBrokerSvc: Loading bound service for intent: Intent { act=com.google.android.gms.safebrowsing.SafeBrowsingService.START dat=chimera-action:/... xflg=0x4 cmp=com.google.android.gms/.chimera.GmsBoundBrokerService }
04-21 10:22:18.398   663  1044 I AdbWifiNetworkMonitor: Wi-Fi network available
04-21 10:22:18.398   663  1044 I AdbWifiNetworkMonitor: Received the same Wi-Fi SSID. Ignoring.
04-21 10:22:18.399   663  1013 I HalDevMgr: bestIfaceCreationProposal is null, requestIface=STA, existingIface=[name=wlan0 type=STA]
04-21 10:22:18.410   663  1021 W libbinder.IPCThreadState: Sending oneway calls to frozen process.
04-21 10:22:18.410   663  1021 W libbinder.IPCThreadState: Sending oneway calls to frozen process.
04-21 10:22:18.410   663  1021 W libbinder.IPCThreadState: Sending oneway calls to frozen process.
04-21 10:22:18.411 10460 22218 I NullBinder: NullBinder for android.net.action.RECOMMEND_NETWORKS triggering remote TransactionTooLargeException due to Service without Chimera impl, calling uid: 1000, calling pid: 0
04-21 10:22:18.411 10460 22218 W libbinder.Binder: Large reply transaction of 1056768 bytes, interface descriptor , function: UNKNOWN_FUNCTION_NAME, code: 1, flags: 17
04-21 10:22:18.439 25284 25284 D Capacitor: Starting BridgeActivity
04-21 10:22:18.458 25284 25284 D Capacitor: Registering plugin instance: CapacitorCookies
04-21 10:22:18.460 25284 25284 D Capacitor: Registering plugin instance: WebView
04-21 10:22:18.461 25284 25284 D Capacitor: Registering plugin instance: CapacitorHttp
04-21 10:22:18.462 25284 25284 D Capacitor: Registering plugin instance: SplashScreen
04-21 10:22:18.469 25284 25284 D Capacitor: Registering plugin instance: StatusBar
04-21 10:22:18.491 25284 25284 W Capacitor: Unable to read file at path public/plugins
04-21 10:22:18.495 25284 25284 D Capacitor: Loading app at https://localhost
04-21 10:22:18.518 25284 25333 W cr_media: BLUETOOTH_CONNECT permission is missing.
04-21 10:22:18.519 25284 25333 W cr_media: getBluetoothAdapter() requires BLUETOOTH permission
04-21 10:22:18.519 25284 25333 W cr_media: registerBluetoothIntentsIfNeeded: Requires BLUETOOTH permission
04-21 10:22:18.521 25315 25341 I cr_LibraryLoader: Successfully loaded native library
04-21 10:22:18.522 25315 25341 I cr_CachingUmaRecorder: Flushed 2 samples from 2 histograms, 0 samples were dropped.
04-21 10:22:18.529 25284 25333 D AudioSystem: onNewService: media.audio_policy service obtained 0x73f42b43e0f0
04-21 10:22:18.530 25284 25346 W libc    : Access denied finding property "vendor.mesa.log"
04-21 10:22:18.531 25284 25346 W libc    : Access denied finding property "vendor.mesa.log.file"
04-21 10:22:18.531 25284 25346 E MESA    : Failed to open rendernode: No such file or directory
04-21 10:22:18.531 25284 25346 E MESA    : Failed to open rendernode: No such file or directory
04-21 10:22:18.532 25284 25325 D Capacitor: Handling local request: https://localhost/
04-21 10:22:18.533 25284 25333 D AudioSystem: getService: IAudioPolicyService retrieved: 0x73f42b43e0f0  cached: 0x73f42b43e0f0
04-21 10:22:18.535   514  4940 D NativePermissionController: checkPermission: missing 13 for 10230
04-21 10:22:18.536   514  4940 D NativePermissionController: checkPermission: missing 13 for 10230
04-21 10:22:18.538 25315 25341 W chromium: [WARNING:content/child/runtime_features.cc:564] Fenced frames cannot be enabled in this configuration. Use --enable-features=FencedFrames instead.
04-21 10:22:18.538 25315 25341 W chromium: [WARNING:content/child/runtime_features.cc:589] Topics cannot be enabled in this configuration. Use --enable-features=BrowsingTopics in addition.
04-21 10:22:18.538 25315 25341 W chromium: [WARNING:content/child/runtime_features.cc:610] SharedStorage cannot be enabled in this configuration. Use --enable-features=SharedStorageAPI in addition.
04-21 10:22:18.543   514  4940 D NativePermissionController: checkPermission: missing 13 for 10230
04-21 10:22:18.543   514  4940 D NativePermissionController: checkPermission: missing 13 for 10230
04-21 10:22:18.543 25284 25346 E MESA    : Failed to open rendernode: No such file or directory
04-21 10:22:18.550 25284 25284 D Capacitor: App started
04-21 10:22:18.551 25284 25284 D Capacitor: App resumed
04-21 10:22:18.554 25284 25346 E MESA    : Failed to open rendernode: No such file or directory
04-21 10:22:18.554 25284 25346 E MESA    : Failed to open rendernode: No such file or directory
04-21 10:22:18.556 25284 25346 E MESA    : Failed to open rendernode: No such file or directory
04-21 10:22:18.556 25284 25346 E MESA    : Failed to open rendernode: No such file or directory
04-21 10:22:18.565 10460 22218 I FontLog : (REDACTED) Received query %s, URI %s
04-21 10:22:18.565 10460 22218 I FontLog : (REDACTED) Query [%s] resolved to %s
04-21 10:22:18.566 25284 25346 E MESA    : Failed to open rendernode: No such file or directory
04-21 10:22:18.566 25284 25346 E MESA    : Failed to open rendernode: No such file or directory
04-21 10:22:18.570 10460 22218 I FontLog : (REDACTED) Font PFD returned from cache for %s
04-21 10:22:18.570 10460 22218 I FontLog : (REDACTED) Fetch %s end status %s
04-21 10:22:18.571 25284 25346 W libc    : Access denied finding property "vendor.mesa.vk.trace.per.submit"
04-21 10:22:18.571 25284 25346 W libc    : Access denied finding property "vendor.mesa.gallium.print.optio"
04-21 10:22:18.571 25284 25346 W libc    : Access denied finding property "vendor.mesa.vk.trace.frame"
04-21 10:22:18.572 25284 25284 W HWUI    : Unknown dataspace 0
04-21 10:22:18.580 10460 22218 I FontLog : (REDACTED) Pulling font file for id = %d, cache size = %d
04-21 10:22:18.585   663  2068 W InputChannel-JNI: Channel already disposed.
04-21 10:22:18.588 10460 22218 I FontLog : (REDACTED) Received query %s, URI %s
04-21 10:22:18.588 10460 22218 I FontLog : (REDACTED) Query [%s] resolved to %s
04-21 10:22:18.590 10460 22218 I FontLog : (REDACTED) Fetch %s end status %s
04-21 10:22:18.597 10460 22218 I FontLog : (REDACTED) Pulling font file for id = %d, cache size = %d
04-21 10:22:18.609 10460 22218 I FontLog : (REDACTED) Received query %s, URI %s
04-21 10:22:18.610 10460 22218 I FontLog : (REDACTED) Query [%s] resolved to %s
04-21 10:22:18.611 10460 22218 I FontLog : (REDACTED) Font PFD returned from cache for %s
04-21 10:22:18.611 10460 22218 I FontLog : (REDACTED) Fetch %s end status %s
04-21 10:22:18.616 10460 22218 I FontLog : (REDACTED) Pulling font file for id = %d, cache size = %d
04-21 10:22:18.620 10460 22218 I FontLog : (REDACTED) Received query %s, URI %s
04-21 10:22:18.620 10460 22218 I FontLog : (REDACTED) Query [%s] resolved to %s
04-21 10:22:18.620 10460 22218 I FontLog : (REDACTED) Font PFD returned from cache for %s
04-21 10:22:18.621 10460 22218 I FontLog : (REDACTED) Fetch %s end status %s
04-21 10:22:18.639 10460 22218 I FontLog : (REDACTED) Pulling font file for id = %d, cache size = %d
04-21 10:22:18.641 25284 25363 I CameraManagerGlobal: Connecting to camera service
04-21 10:22:18.645 10460 22218 I FontLog : (REDACTED) Received query %s, URI %s
04-21 10:22:18.646 10460 22218 I FontLog : (REDACTED) Query [%s] resolved to %s
04-21 10:22:18.646 10460 22218 I FontLog : (REDACTED) Font PFD returned from cache for %s
04-21 10:22:18.646 10460 22218 I FontLog : (REDACTED) Fetch %s end status %s
04-21 10:22:18.649 10460 22218 I FontLog : (REDACTED) Pulling font file for id = %d, cache size = %d
04-21 10:22:18.651 25284 25284 D VRI[MainActivity]: WindowInsets changed: 1344x2992 statusBars:[0,159,0,0] navigationBars:[0,0,0,72] mandatorySystemGestures:[0,195,0,96] 
04-21 10:22:18.652 25315 25341 E ashmem  : readlink(/proc/self/fd/109) failed: Operation not permitted
04-21 10:22:18.652 25315 25341 E ashmem  : readlink(/proc/self/fd/109) failed: Operation not permitted
04-21 10:22:18.653 25284 25284 D WindowOnBackDispatcher: setTopOnBackInvokedCallback (unwrapped): android.view.ViewRootImpl$$ExternalSyntheticLambda13@940504
04-21 10:22:18.653   663  2068 D CoreBackPreview: Window{1186af3 u0 com.aidemoi.app/com.aidemoi.app.MainActivity}: Setting back callback OnBackInvokedCallbackInfo{mCallback=android.window.IOnBackInvokedCallback$Stub$Proxy@734456b, mPriority=0, mIsAnimationCallback=false, mOverrideBehavior=0}
04-21 10:22:18.656   663  1905 D WindowManager: setClientSurface Surface(name=VRI-com.aidemoi.app/com.aidemoi.app.MainActivity#1722)/@0xa2a58c8 for 1186af3 com.aidemoi.app/com.aidemoi.app.MainActivity
04-21 10:22:18.665 25284 25284 I Surface : Creating surface for consumer unnamed-25284-0 with slotExpansion=1 for 64 slots
04-21 10:22:18.666 25284 25284 I Surface : Creating surface for consumer VRI[MainActivity]#0(BLAST Consumer)0 with slotExpansion=1 for 64 slots
04-21 10:22:18.666 25284 25346 E MESA    : Failed to open rendernode: No such file or directory
04-21 10:22:18.667 25284 25346 W libc    : Access denied finding property "vendor.mesa.vk.wsi.headless.swa"
04-21 10:22:18.668 25284 25346 E MESA    : Failed to open rendernode: No such file or directory
04-21 10:22:18.669 25284 25346 E MESA    : Failed to open rendernode: No such file or directory
04-21 10:22:18.746 25284 25325 D Capacitor: Handling local request: https://localhost/AideMoi_11.html
04-21 10:22:18.814 25315 25341 E ashmem  : readlink(/proc/self/fd/116) failed: Operation not permitted
04-21 10:22:18.814 25315 25341 E ashmem  : readlink(/proc/self/fd/116) failed: Operation not permitted
04-21 10:22:18.821 25284 25325 D Capacitor: Handling local request: https://localhost/vendor/jspdf.umd.min.js
04-21 10:22:18.842 25315 25341 E ashmem  : readlink(/proc/self/fd/116) failed: Operation not permitted
04-21 10:22:18.846 25315 25341 E ashmem  : readlink(/proc/self/fd/118) failed: Operation not permitted
04-21 10:22:18.846 25315 25341 E ashmem  : readlink(/proc/self/fd/119) failed: Operation not permitted
04-21 10:22:18.846 25315 25355 E ashmem  : readlink(/proc/self/fd/120) failed: Operation not permitted
04-21 10:22:18.847 25315 25355 E ashmem  : readlink(/proc/self/fd/121) failed: Operation not permitted
04-21 10:22:18.847 25315 25355 E ashmem  : readlink(/proc/self/fd/123) failed: Operation not permitted
04-21 10:22:18.861 25315 25355 E chromium: [ERROR:cc/tiles/tile_manager.cc:998] WARNING: tile memory limits exceeded, some content may not draw
04-21 10:22:18.862 25315 25355 E chromium: [ERROR:cc/tiles/tile_manager.cc:998] WARNING: tile memory limits exceeded, some content may not draw
04-21 10:22:18.898 25315 25355 E chromium: [ERROR:cc/tiles/tile_manager.cc:998] WARNING: tile memory limits exceeded, some content may not draw
04-21 10:22:18.898 25315 25355 E chromium: [ERROR:cc/tiles/tile_manager.cc:998] WARNING: tile memory limits exceeded, some content may not draw
04-21 10:22:18.908 25284 25327 D Capacitor: Handling local request: https://localhost/favicon.ico
04-21 10:22:18.910 25315 25352 E ashmem  : readlink(/proc/self/fd/122) failed: Operation not permitted
04-21 10:22:19.056 10460 22218 I FontLog : (REDACTED) Received query %s, URI %s
04-21 10:22:19.056 10460 22218 I FontLog : (REDACTED) Query [%s] resolved to %s
04-21 10:22:19.057 10460 22218 I FontLog : (REDACTED) Fetch %s end status %s
04-21 10:22:19.061 10460 22218 I FontLog : (REDACTED) Pulling font file for id = %d, cache size = %d
04-21 10:22:19.064 25284 25369 I HWUI    : Using FreeType backend (prop=Auto)
04-21 10:22:19.069 10460 22218 I FontLog : (REDACTED) Pulling font file for id = %d, cache size = %d
04-21 10:22:19.340 25284 25291 I com.aidemoi.app: Compiler allocated 5228KB to compile void android.view.ViewRootImpl.performTraversals(long)
04-21 10:22:19.708 25315 25352 E ashmem  : readlink(/proc/self/fd/104) failed: Operation not permitted
04-21 10:22:19.711 25315 25352 E ashmem  : readlink(/proc/self/fd/122) failed: Operation not permitted
04-21 10:22:19.754   663   688 I ActivityTaskManager: Displayed com.aidemoi.app/.MainActivity for user 0: +2s283ms
04-21 10:22:19.759  1418  1418 D BaseActivity: Launcher flags updated: [] -[state_started]
04-21 10:22:19.759  1418  1418 D BaseDepthController: setSurface:
04-21 10:22:19.759  1418  1418 D BaseDepthController: 	mWaitingOnSurfaceValidity: false
04-21 10:22:19.759  1418  1418 D BaseDepthController: 	mBaseSurface: null
04-21 10:22:19.760  1418  1418 D BaseDepthController: mSurface is null and mCurrentBlur is: 0
04-21 10:22:19.762  1418  1418 D LauncherStateManager: StateManager.goToState: fromState: Normal, toState: Normal, partial trace:
04-21 10:22:19.762  1418  1418 D LauncherStateManager: 	at com.android.launcher3.statemanager.StateManager.moveToRestState(go/retraceme 7226a759aa2bb3787a79806f85d80eaad84f1f1e15acd6db988f2df789d1680d:26)
04-21 10:22:19.762  1418  1418 D LauncherStateManager: 	at com.android.launcher3.statemanager.StateManager.moveToRestState(go/retraceme 7226a759aa2bb3787a79806f85d80eaad84f1f1e15acd6db988f2df789d1680d:35)
04-21 10:22:19.762  1418  1418 D LauncherStateManager: 	at com.android.launcher3.statemanager.StatefulActivity.onStop(go/retraceme 7226a759aa2bb3787a79806f85d80eaad84f1f1e15acd6db988f2df789d1680d:31)
04-21 10:22:19.762  1418  1418 D LauncherStateManager: StateManager.onRepeatStateSetAborted: state: Normal
04-21 10:22:19.763  1418  1418 D KeyboardStateManager: hideKeyboard
04-21 10:22:19.763  1418  1418 D KeyboardStateManager: isImeShown: false
04-21 10:22:19.763  1418  1418 D StatsLog: LAUNCHER_ONSTOP
04-21 10:22:19.764  1418  1418 D StatsLog: LAUNCHER_GOOGLE_SEARCH_RESTORE_LIST_SIZE_AFTER_ACTIVITY_RESTART
04-21 10:22:19.858   526   577 W skia    : AGTM parsing failed flags.readFromStream(s) at 159
04-21 10:22:19.943  1112  1244 D WindowOnBackDispatcher: setTopOnBackInvokedCallback (unwrapped): null
04-21 10:22:19.944   663  1905 D CoreBackPreview: Window{44666a9 u0 Splash Screen com.aidemoi.app}: Setting back callback null
04-21 10:22:20.039 25284 25344 E chromium: [ERROR:components/viz/service/display/display.cc:275] Frame latency is negative: -0.553 ms
04-21 10:22:20.305 25284 25344 E chromium: [ERROR:components/viz/service/display/display.cc:275] Frame latency is negative: -0.222 ms
04-21 10:22:20.307  1112  1257 I QuickAccessWalletTile: QAW service is unavailable, recreating the wallet client.
04-21 10:22:20.322 25284 25344 E chromium: [ERROR:components/viz/service/display/display.cc:275] Frame latency is negative: -0.223 ms
04-21 10:22:20.338 25284 25344 E chromium: [ERROR:components/viz/service/display/display.cc:275] Frame latency is negative: -0.349 ms
04-21 10:22:20.354 25284 25344 E chromium: [ERROR:components/viz/service/display/display.cc:275] Frame latency is negative: -0.238 ms
04-21 10:22:20.371 25284 25344 E chromium: [ERROR:components/viz/service/display/display.cc:275] Frame latency is negative: -0.21 ms
04-21 10:22:20.388 25284 25344 E chromium: [ERROR:components/viz/service/display/display.cc:275] Frame latency is negative: -0.008 ms
04-21 10:22:20.409 25284 25344 E chromium: [ERROR:components/viz/service/display/display.cc:275] Frame latency is negative: -0.264 ms
04-21 10:22:20.420 25284 25344 E chromium: [ERROR:components/viz/service/display/display.cc:275] Frame latency is negative: -0.42 ms
04-21 10:22:20.781  1351  1351 I wpa_supplicant: wlan0: CTRL-EVENT-BEACON-LOSS 
04-21 10:22:21.271  1112  1257 D ControlsListingControllerImpl: Subscribing callback, service count: 0
04-21 10:22:21.272  1112  1257 D ControlsListingControllerImpl: Unsubscribing callback
04-21 10:22:21.402   663  1013 I HalDevMgr: bestIfaceCreationProposal is null, requestIface=STA, existingIface=[name=wlan0 type=STA]
04-21 10:22:21.403   663  1044 I AdbWifiNetworkMonitor: Wi-Fi network available
04-21 10:22:21.403   663  1044 I AdbWifiNetworkMonitor: Received the same Wi-Fi SSID. Ignoring.
04-21 10:22:21.407 10460 22218 I NullBinder: NullBinder for android.net.action.RECOMMEND_NETWORKS triggering remote TransactionTooLargeException due to Service without Chimera impl, calling uid: 1000, calling pid: 0
04-21 10:22:21.407 10460 22218 W libbinder.Binder: Large reply transaction of 1056768 bytes, interface descriptor , function: UNKNOWN_FUNCTION_NAME, code: 1, flags: 17
04-21 10:22:21.407   663  1021 W libbinder.IPCThreadState: Sending oneway calls to frozen process.
04-21 10:22:21.407   663  1021 W libbinder.IPCThreadState: Sending oneway calls to frozen process.
04-21 10:22:21.407   663  1021 W libbinder.IPCThreadState: Sending oneway calls to frozen process.
04-21 10:22:21.502   663  3668 E TaskPersister: File error accessing recents directory (directory doesn't exist?).
04-21 10:22:21.864  1112  1257 I QuickAccessWalletTile: QAW service is unavailable, recreating the wallet client.
04-21 10:22:23.071 25284 25372 D ProfileInstaller: Installing profile for com.aidemoi.app
04-21 10:22:23.862  1267  1391 D SatelliteController: isInCarrierRoamingNbIotNtn: satellite is disabled
04-21 10:22:23.862  1267  1391 D SatelliteController: getCarrierRoamingNtnConnectType: Checking connect type from PLMN config for subId: 1
04-21 10:22:23.864  1267  1391 D SatelliteController: getSatellitePerPlmnConfiguration: invalid subId or not supported via carrier.
04-21 10:22:23.864  1267  1391 D SatelliteController: getCarrierRoamingNtnConnectType: config: null
04-21 10:22:23.865  1267  1391 D SatelliteController: getCarrierRoamingNtnConnectType: Falling back to global carrier config connect type: 0
04-21 10:22:23.865  1267  1391 D SatelliteController: updateLastNotifiedCarrierRoamingNtnSignalStrengthAndNotify(1)
04-21 10:22:23.865  1267  1391 D SatelliteController: updateLastNotifiedCarrierRoamingNtnSignalStrengthAndNotify(1) lastNotifiedSignalStrength level: 0
04-21 10:22:23.865  1267  1391 D SatelliteController: updateLastNotifiedCarrierRoamingNtnSignalStrengthAndNotify(1) currSignalStrength level: 0
