04-21 10:18:25.299 22380 22421 I Finsky  : [71] Current account updated in PVS
04-21 10:18:25.301 22380 22421 I Finsky  : [71] Current account updated in PVS
04-21 10:18:25.303 22380 22423 I Finsky  : [73] Current account updated in PVS
04-21 10:18:25.304 22380 22422 I Finsky  : [72] Current account updated in PVS
04-21 10:18:25.304 22380 22421 I Finsky  : [71] Current account updated in PVS
04-21 10:18:25.304 22380 22422 I Finsky  : [72] Current account updated in PVS
04-21 10:18:25.305 22380 22422 I Finsky  : [72] Current account updated in PVS
04-21 10:18:25.304 22380 22424 I Finsky  : [74] Current account updated in PVS
04-21 10:18:25.305 22380 22424 I Finsky  : [74] Current account updated in PVS
04-21 10:18:25.305 22380 22424 I Finsky  : [74] Current account updated in PVS
04-21 10:18:25.305 22380 22424 I Finsky  : [74] Current account updated in PVS
04-21 10:18:25.305 22380 22424 I Finsky  : [74] Current account updated in PVS
04-21 10:18:25.306 22380 22422 I Finsky  : [72] Current account updated in PVS
04-21 10:18:25.306 22380 22424 I Finsky  : [74] Current account updated in PVS
04-21 10:18:25.306 22380 22424 I Finsky  : [74] Current account updated in PVS
04-21 10:18:25.306 22380 22424 I Finsky  : [74] Current account updated in PVS
04-21 10:18:25.306 22380 22424 I Finsky  : [74] Current account updated in PVS
04-21 10:18:25.306 22380 22424 I Finsky  : [74] Current account updated in PVS
04-21 10:18:25.307 22380 22424 I Finsky  : [74] Current account updated in PVS
04-21 10:18:25.307 22380 22424 I Finsky  : [74] Current account updated in PVS
04-21 10:18:25.307 22380 22424 I Finsky  : [74] Current account updated in PVS
04-21 10:18:25.307 22380 22424 I Finsky  : [74] Current account updated in PVS
04-21 10:18:25.308 22380 22424 I Finsky  : [74] Current account updated in PVS
04-21 10:18:25.308 22380 22424 I Finsky  : [74] Current account updated in PVS
04-21 10:18:25.309 22380 22433 I Finsky  : [79] SCH: Scheduling 1 system job(s)
04-21 10:18:25.309 22380 22433 I Finsky  : [79] SCH: Scheduling system job Id: 9721, L: 28902229, D: 72102229, C: false, I: false, N: 1
04-21 10:18:25.309 22380 22424 I Finsky  : [74] Current account updated in PVS
04-21 10:18:25.309 22380 22424 I Finsky  : [74] Current account updated in PVS
04-21 10:18:25.310 22380 22424 I Finsky  : [74] Current account updated in PVS
04-21 10:18:25.310 22380 22424 I Finsky  : [74] Current account updated in PVS
04-21 10:18:25.311 22380 22424 I Finsky  : [74] Current account updated in PVS
04-21 10:18:25.312 22380 22421 I Finsky  : [71] Current account updated in PVS
04-21 10:18:25.313 22380 22423 I Finsky  : [73] Current account updated in PVS
04-21 10:18:25.313 22380 22384 W android.vending: Suspending all threads took: 17.093ms
04-21 10:18:25.317 10790 10790 I AndroidIME: LatinIMEBase.updateInputViewCoverNavigation():314 Update input view padding, extendsTouchBelowSpace=true, bottom inset=72
04-21 10:18:25.320 10790 10790 I Module  : DeviceLockedStatusModuleProvider$Module.updateDeviceLockedStatus():103 repeatCheckTimes = 1, locked = false
04-21 10:18:25.322   663  1915 V WindowManager: Continue transition id=187 for TaskFragmentTransaction=android.os.Binder@db339b
04-21 10:18:25.323  1418  1418 V BaseDepthController: Applying blur: 0 to Surface(name=VRI-com.google.android.apps.nexuslauncher/com.google.android.apps.nexuslauncher.NexusLauncherActivity#1684)/@0x98b7433 applyImmediately: false
04-21 10:18:25.324  1418  1418 D BaseDepthController: shouldBlurWorkspace: false targetState: Normal currentStableState: Normal mCurrentBlur: 0 mLauncher.getDepthBlurTargets(): [com.android.launcher3.Workspace{3a33f0 V.ED..... ........ 0,0-1344,2992 #7f0a047d app:id/workspace}, com.android.launcher3.Hotseat{3b6d69 V.ED..... ........ 0,2425-1344,2992 #7f0a01f1 app:id/hotseat}]
04-21 10:18:25.326 24966 24966 I com.aidemoi.app: Using generational CollectorTypeCMC GC.
04-21 10:18:25.327 24966 24966 W com.aidemoi.app: Unexpected CPU variant for x86: x86_64.
04-21 10:18:25.327 24966 24966 W com.aidemoi.app: Known variants: atom, sandybridge, silvermont, goldmont, goldmont-plus, goldmont-without-sha-xsaves, tremont, kabylake, alderlake, lunarlake, default
04-21 10:18:25.332   663  1907 W PackageConfigPersister: App-specific configuration not found for packageName: com.google.android.apps.nexuslauncher and userId: 0
04-21 10:18:25.334  1847  1854 I adbd    : jdwp connection from 24966
04-21 10:18:25.336 22380 22422 I Finsky  : [72] Current account updated in PVS
04-21 10:18:25.338 22380 22422 I Finsky  : [72] Current account updated in PVS
04-21 10:18:25.341 24966 24966 D nativeloader: Load libframework-connectivity-tiramisu-jni.so using APEX ns com_android_tethering for caller /apex/com.android.tethering/javalib/framework-connectivity-t.jar: ok
04-21 10:18:25.343 22380 22421 I Finsky  : [71] Current account updated in PVS
04-21 10:18:25.344 22380 22421 I Finsky  : [71] Current account updated in PVS
04-21 10:18:25.344 22380 24956 I Finsky  : [192] SCH: job service finished with id 9719.
04-21 10:18:25.344 22380 22421 I Finsky  : [71] Current account updated in PVS
04-21 10:18:25.344 22380 22421 I Finsky  : [71] Current account updated in PVS
04-21 10:18:25.345 22380 22421 I Finsky  : [71] Current account updated in PVS
04-21 10:18:25.345 22380 22421 I Finsky  : [71] Current account updated in PVS
04-21 10:18:25.346 22380 22421 I Finsky  : [71] Current account updated in PVS
04-21 10:18:25.347 22380 22421 I Finsky  : [71] Current account updated in PVS
04-21 10:18:25.347 22380 22424 I Finsky  : [74] Current account updated in PVS
04-21 10:18:25.348 22380 22424 I Finsky  : [74] Current account updated in PVS
04-21 10:18:25.349 22380 22424 I Finsky  : [74] Current account updated in PVS
04-21 10:18:25.349 22380 22424 I Finsky  : [74] Current account updated in PVS
04-21 10:18:25.350 22380 22424 I Finsky  : [74] Current account updated in PVS
04-21 10:18:25.351 22380 22424 I Finsky  : [74] Current account updated in PVS
04-21 10:18:25.351 22380 22424 I Finsky  : [74] Current account updated in PVS
04-21 10:18:25.362 22380 22424 I Finsky  : [74] Current account updated in PVS
04-21 10:18:25.363 22380 22422 I Finsky  : [72] Current account updated in PVS
04-21 10:18:25.363 22380 22424 I Finsky  : [74] Current account updated in PVS
04-21 10:18:25.363 22380 22424 I Finsky  : [74] Current account updated in PVS
04-21 10:18:25.364 22380 22424 I Finsky  : [74] Current account updated in PVS
04-21 10:18:25.364 22380 22424 I Finsky  : [74] Current account updated in PVS
04-21 10:18:25.364 22380 22424 I Finsky  : [74] Current account updated in PVS
04-21 10:18:25.364 22380 22424 I Finsky  : [74] Current account updated in PVS
04-21 10:18:25.364 22380 22424 I Finsky  : [74] Current account updated in PVS
04-21 10:18:25.365 22380 22424 I Finsky  : [74] Current account updated in PVS
04-21 10:18:25.365 22380 22424 I Finsky  : [74] Current account updated in PVS
04-21 10:18:25.365 22380 22424 I Finsky  : [74] Current account updated in PVS
04-21 10:18:25.365 22380 22424 I Finsky  : [74] Current account updated in PVS
04-21 10:18:25.365 22380 22424 I Finsky  : [74] Current account updated in PVS
04-21 10:18:25.365 22380 22424 I Finsky  : [74] Current account updated in PVS
04-21 10:18:25.366 22380 22424 I Finsky  : [74] Current account updated in PVS
04-21 10:18:25.366 22380 22424 I Finsky  : [74] Current account updated in PVS
04-21 10:18:25.366 22380 22424 I Finsky  : [74] Current account updated in PVS
04-21 10:18:25.366 22380 22424 I Finsky  : [74] Current account updated in PVS
04-21 10:18:25.367 22380 22424 I Finsky  : [74] Current account updated in PVS
04-21 10:18:25.367 22380 22424 I Finsky  : [74] Current account updated in PVS
04-21 10:18:25.367 22380 22424 I Finsky  : [74] Current account updated in PVS
04-21 10:18:25.370 22380 22424 I Finsky  : [74] Current account updated in PVS
04-21 10:18:25.370 22380 22424 I Finsky  : [74] Current account updated in PVS
04-21 10:18:25.370 22380 22424 I Finsky  : [74] Current account updated in PVS
04-21 10:18:25.371 22380 22424 I Finsky  : [74] Current account updated in PVS
04-21 10:18:25.371 22380 22424 I Finsky  : [74] Current account updated in PVS
04-21 10:18:25.371 22380 22424 I Finsky  : [74] Current account updated in PVS
04-21 10:18:25.371 22380 22424 I Finsky  : [74] Current account updated in PVS
04-21 10:18:25.371 22380 22424 I Finsky  : [74] Current account updated in PVS
04-21 10:18:25.372 22380 22424 I Finsky  : [74] Current account updated in PVS
04-21 10:18:25.372 22380 22424 I Finsky  : [74] Current account updated in PVS
04-21 10:18:25.372 22380 22424 I Finsky  : [74] Current account updated in PVS
04-21 10:18:25.373 22380 22424 I Finsky  : [74] Current account updated in PVS
04-21 10:18:25.373 22380 22424 I Finsky  : [74] Current account updated in PVS
04-21 10:18:25.373 22380 22424 I Finsky  : [74] Current account updated in PVS
04-21 10:18:25.373 22380 22424 I Finsky  : [74] Current account updated in PVS
04-21 10:18:25.374 22380 22424 I Finsky  : [74] Current account updated in PVS
04-21 10:18:25.374 22380 22424 I Finsky  : [74] Current account updated in PVS
04-21 10:18:25.375  1112  1157 V RecentTasksController: Notify recent tasks changed
04-21 10:18:25.378 22380 22424 I Finsky  : [74] Current account updated in PVS
04-21 10:18:25.379 22380 22380 I Finsky  : [2] Memory trim requested to level 40
04-21 10:18:25.379 22380 22380 I Finsky  : [2] Flushing in-memory image cache
04-21 10:18:25.378 22380 22424 I Finsky  : [74] Current account updated in PVS
04-21 10:18:25.378 22380 22424 I Finsky  : [74] Current account updated in PVS
04-21 10:18:25.378 22380 22424 I Finsky  : [74] Current account updated in PVS
04-21 10:18:25.379 22380 22424 I Finsky  : [74] Current account updated in PVS
04-21 10:18:25.379 22380 22424 I Finsky  : [74] Current account updated in PVS
04-21 10:18:25.379 22380 22424 I Finsky  : [74] Current account updated in PVS
04-21 10:18:25.379 22380 22424 I Finsky  : [74] Current account updated in PVS
04-21 10:18:25.380 22380 22424 I Finsky  : [74] Current account updated in PVS
04-21 10:18:25.380 22380 22424 I Finsky  : [74] Current account updated in PVS
04-21 10:18:25.380 22380 22424 I Finsky  : [74] Current account updated in PVS
04-21 10:18:25.381 22380 22424 I Finsky  : [74] Current account updated in PVS
04-21 10:18:25.381 22380 22424 I Finsky  : [74] Current account updated in PVS
04-21 10:18:25.381 24966 24966 D CompatChangeReporter: Compat change id reported: 242716250; UID 10230; state: ENABLED
04-21 10:18:25.381 22380 22424 I Finsky  : [74] Current account updated in PVS
04-21 10:18:25.381 22380 22424 I Finsky  : [74] Current account updated in PVS
04-21 10:18:25.382 22380 22424 I Finsky  : [74] Current account updated in PVS
04-21 10:18:25.385 22380 22424 I Finsky  : [74] Current account updated in PVS
04-21 10:18:25.393  1418  1418 D RecentTasksList: invalidateLoadedTasks - previous requestLoadId: -1
04-21 10:18:25.398  1418  1418 V BaseDepthController: Applying blur: 0 to Surface(name=VRI-com.google.android.apps.nexuslauncher/com.google.android.apps.nexuslauncher.NexusLauncherActivity#1684)/@0x98b7433 applyImmediately: false
04-21 10:18:25.398  1418  1418 D BaseDepthController: shouldBlurWorkspace: false targetState: Normal currentStableState: Normal mCurrentBlur: 0 mLauncher.getDepthBlurTargets(): [com.android.launcher3.Workspace{3a33f0 V.ED..... ........ 0,0-1344,2992 #7f0a047d app:id/workspace}, com.android.launcher3.Hotseat{3b6d69 V.ED..... ........ 0,2425-1344,2992 #7f0a01f1 app:id/hotseat}]
04-21 10:18:25.408  1112  1671 V WindowManagerShell: onTransitionReady(transaction=2847563330497)
04-21 10:18:25.408   663   688 V WindowManager: Sent Transition (#187) createdAt=04-21 10:18:25.240 via request=TransitionRequestInfo { type = OPEN, triggerTask = TaskInfo{userId=0 taskId=24 effectiveUid=10230 displayId=0 isRunning=true baseIntent=Intent { flg=0x10000000 cmp=com.aidemoi.app/.MainActivity } baseActivity=ComponentInfo{com.aidemoi.app/com.aidemoi.app.MainActivity} topActivity=ComponentInfo{com.aidemoi.app/com.aidemoi.app.MainActivity} origActivity=null realActivity=ComponentInfo{com.aidemoi.app/com.aidemoi.app.MainActivity} realActivityIsAppLockEnabled=false numActivities=1 lastActiveTime=16624340 supportsMultiWindow=true supportsMultiWindowWithoutConstraints=true resizeMode=1 isResizeable=true minWidth=-1 minHeight=-1 defaultMinSize=220 token=WCT{RemoteToken{972427c Task{5e0effa #24 type=standard A=10230:com.aidemoi.app}}} topActivityType=1 pictureInPictureParams=null shouldDockBigOverlays=false launchIntoPipHostTaskId=-1 lastParentTaskIdBeforePip=-1 displayCutoutSafeInsets=Rect(0, 159 - 0, 0) topActivityInfo=ActivityInfo{dd04705 com.aidemoi.app.MainActivity} launchCookies=[] positionInParent=Point(0, 0) parentTaskId=-1 isFocused=false isInteractive=false isVisible=false isVisibleRequested=false isTopActivityNoDisplay=false isSleeping=false locusId=null displayAreaFeatureId=1 isTopActivityTransparent=false isActivityStackTransparent=false lastNonFullscreenBounds=null leafTaskBoundsFromOptions= false capturedLink=null capturedLinkTimestamp=0 requestedVisibleTypes=503 topActivityRequestOpenInBrowserEducationTimestamp=0 appCompatTaskInfo=AppCompatTaskInfo { topActivityInSizeCompat=false isLeafTask= true eligibleForLetterboxEducation= false isLetterboxEducationEnabled= true isLetterboxDoubleTapEnabled= false eligibleForUserAspectRatioButton= false topActivityBoundsLetterboxed= false isFromLetterboxDoubleTap= false topActivityLetterboxVerticalPosition= -1 topActivityLetterboxHorizontalPosition= -1 topActivityLetterboxWidth=-1 topActivityLetterboxHeight=-1 topActivityAppBounds=Rect(0, 159 - 1344, 2920) isUserFullscreenOverrideEnabled=false isSystemFullscreenOverrideEnabled=false hasMinAspectRatioOverride=false topActivityLetterboxBounds=null topNonResizableActivityAspectRatio=-1.0} topActivityMainWindowFrame=null isAppBubble=false}, pipChange = null, remoteTransitionInfo = null, displayChange = null, requestedLocation = null, userChange = null, windowingLayerChange = null, fullscreenRequestChange = null, flags = 0, debugId = 187 }
04-21 10:18:25.408   663   688 V WindowManager:     startWCT=WindowContainerTransaction { changes= {} hops= [] flags= 0 errorCallbackToken=null taskFragmentOrganizer=null }
04-21 10:18:25.408   663   688 V WindowManager:     info={id=187 t=OPEN f=0x0 trk=0 r=[0@Point(0, 0)] c=[
04-21 10:18:25.408   663   688 V WindowManager:         {WCT{RemoteToken{972427c Task{5e0effa #24 type=standard A=10230:com.aidemoi.app}}} m=OPEN f=MOVE_TO_TOP leash=Surface(name=Task=24#1691)/@0xce06150 sb=Rect(0, 0 - 1344, 2992) eb=Rect(0, 0 - 1344, 2992) epz=Point(1344, 2992) d=0 taskParent=-1 winMode=1 userId=0},
04-21 10:18:25.408   663   688 V WindowManager:         {WCT{RemoteToken{f57f6d6 Task{364e51c #1 type=home}}} m=TO_BACK f=SHOW_WALLPAPER leash=Surface(name=Task=1#34)/@0xcf7a803 sb=Rect(0, 0 - 1344, 2992) eb=Rect(0, 0 - 1344, 2992) epz=Point(1344, 2992) d=0 taskParent=-1 winMode=1 userId=0},
04-21 10:18:25.408   663   688 V WindowManager:         {m=TO_BACK f=IS_WALLPAPER leash=Surface(name=WallpaperWindowToken{a6b8ff4}#46)/@0x9cb153b sb=Rect(0, 0 - 1344, 2992) eb=Rect(0, 0 - 1344, 2992) epz=Point(1344, 2992) d=0}
04-21 10:18:25.408   663   688 V WindowManager:     ]}
04-21 10:18:25.408  1112  1157 V WindowManagerShell: onTransitionReady (#187) android.os.BinderProxy@ab5c45d: {id=187 t=OPEN f=0x0 trk=0 r=[0@Point(0, 0)] c=[
04-21 10:18:25.408  1112  1157 V WindowManagerShell:         {m=OPEN f=MOVE_TO_TOP leash=Surface(name=Task=24#1691)/@0xb50ba85 sb=Rect(0, 0 - 1344, 2992) eb=Rect(0, 0 - 1344, 2992) epz=Point(1344, 2992) d=0 taskParent=-1 winMode=1 userId=0},
04-21 10:18:25.408  1112  1157 V WindowManagerShell:         {m=TO_BACK f=SHOW_WALLPAPER leash=Surface(name=Task=1#34)/@0x21220da sb=Rect(0, 0 - 1344, 2992) eb=Rect(0, 0 - 1344, 2992) epz=Point(1344, 2992) d=0 taskParent=-1 winMode=1 userId=0},
04-21 10:18:25.408  1112  1157 V WindowManagerShell:         {m=TO_BACK f=IS_WALLPAPER leash=Surface(name=WallpaperWindowToken{a6b8ff4}#46)/@0xa56990b sb=Rect(0, 0 - 1344, 2992) eb=Rect(0, 0 - 1344, 2992) epz=Point(1344, 2992) d=0}
04-21 10:18:25.408  1112  1157 V WindowManagerShell:     ]}
04-21 10:18:25.411  1112  1157 V WindowManagerShell: Transition (#187) android.os.BinderProxy@ab5c45d@0 ready while (#186) android.os.BinderProxy@57e5d7a@0 is still animating. Notify the animating transition in case they can be merged
04-21 10:18:25.412  1112  1157 V WindowManagerShell:    Requesting merge (#187) into remote: RemoteTransition { remoteTransition = android.window.IRemoteTransition$Stub$Proxy@b023ca7, appThread = android.app.IApplicationThread$Stub$Proxy@e98e554, debugName = QuickstepLaunchHome, filter = {types=[] flags=0x0 notFlags=0x100 checks=[{atype=home independent=true modes=[OPEN,TO_FRONT] flags=NONE mustBeTask=false order=ANY topActivity=ComponentInfo{com.google.android.apps.nexuslauncher/com.google.android.apps.nexuslauncher.NexusLauncherActivity} launchCookie=null windowingMode=undefined isCrossDisplayMove=false},{atype=standard independent=true modes=[CLOSE,TO_BACK] flags=NONE mustBeTask=false order=ANY topActivity=null launchCookie=null windowingMode=undefined isCrossDisplayMove=false},{NOT atype=undefined independent=true modes=[] flags=NONE mustBeTask=true order=ANY topActivity=null launchCookie=null customAnim=true windowingMode=undefined isCrossDisplayMove=false}]} }
04-21 10:18:25.413  1112  1157 V ShellTaskOrganizer: Task appeared taskId=24 listener=FullscreenTaskListener
04-21 10:18:25.413  1112  1157 V ShellTaskOrganizer: Fullscreen Task Appeared: #24
04-21 10:18:25.413  1112  1157 V RecentTasksController: Notify recent tasks changed
04-21 10:18:25.414  1112  1671 V WindowManagerShell: Received remote transition finished callback for (#186)
04-21 10:18:25.415 22380 22422 I Finsky  : [72] Current account updated in PVS
04-21 10:18:25.416 22380 22424 I Finsky  : [74] Current account updated in PVS
04-21 10:18:25.416 22380 22424 I Finsky  : [74] Current account updated in PVS
04-21 10:18:25.417  1112  1157 V WindowManagerShell: Transition animation finished (aborted=false), notifying core (#186) android.os.BinderProxy@57e5d7a@0
04-21 10:18:25.416  1418  1418 D RecentTasksList: invalidateLoadedTasks - previous requestLoadId: -1
04-21 10:18:25.416 22380 22424 I Finsky  : [74] Current account updated in PVS
04-21 10:18:25.416  1418  1418 V BaseDepthController: Applying blur: 0 to Surface(name=VRI-com.google.android.apps.nexuslauncher/com.google.android.apps.nexuslauncher.NexusLauncherActivity#1684)/@0x98b7433 applyImmediately: false
04-21 10:18:25.417  1418  1418 D BaseDepthController: shouldBlurWorkspace: false targetState: Normal currentStableState: Normal mCurrentBlur: 0 mLauncher.getDepthBlurTargets(): [com.android.launcher3.Workspace{3a33f0 V.ED..... ........ 0,0-1344,2992 #7f0a047d app:id/workspace}, com.android.launcher3.Hotseat{3b6d69 V.ED..... ........ 0,2425-1344,2992 #7f0a01f1 app:id/hotseat}]
04-21 10:18:25.417 22380 22422 I Finsky  : [72] Current account updated in PVS
04-21 10:18:25.417 22380 22424 I Finsky  : [74] Current account updated in PVS
04-21 10:18:25.417 22380 22424 I Finsky  : [74] Current account updated in PVS
04-21 10:18:25.417 22380 22424 I Finsky  : [74] Current account updated in PVS
04-21 10:18:25.418   663   688 V WindowManager: Finish Transition (#186): created at 04-21 10:18:25.067 collect-started=0.035ms request-sent=0.132ms started=5.144ms ready=7.912ms sent=117.123ms commit=37.73ms finished=351.378ms
04-21 10:18:25.418 22380 22424 I Finsky  : [74] Current account updated in PVS
04-21 10:18:25.418 22380 22424 I Finsky  : [74] Current account updated in PVS
04-21 10:18:25.418 22380 22424 I Finsky  : [74] Current account updated in PVS
04-21 10:18:25.418 22380 22424 I Finsky  : [74] Current account updated in PVS
04-21 10:18:25.418 22380 22424 I Finsky  : [74] Current account updated in PVS
04-21 10:18:25.418 22380 22424 I Finsky  : [74] Current account updated in PVS
04-21 10:18:25.419 22380 22424 I Finsky  : [74] Current account updated in PVS
04-21 10:18:25.419 22380 22424 I Finsky  : [74] Current account updated in PVS
04-21 10:18:25.419 22380 22424 I Finsky  : [74] Current account updated in PVS
04-21 10:18:25.420 22380 22424 I Finsky  : [74] Current account updated in PVS
04-21 10:18:25.421   526   526 E BpTransactionCompletedListener: Failed to transact (-32)
04-21 10:18:25.422  1112  1157 V WindowManagerShell: Playing animation for (#187) android.os.BinderProxy@ab5c45d@0
04-21 10:18:25.423  1112  1157 D ShellSplitScreen: startAnimation: transition=187 isSplitActive=false
04-21 10:18:25.423  1112  1157 V ShellRecents: RecentsTransitionHandler.startAnimation: no controller found
04-21 10:18:25.423  1112  1157 V ShellDesktopMode: DesktopMixedTransitionHandler: No pending desktop transition
04-21 10:18:25.423  1112  1157 V WindowManagerShell: Transition doesn't have explicit remote, search filters for match for {id=187 t=OPEN f=0x0 trk=0 r=[0@Point(0, 0)] c=[{m=OPEN f=MOVE_TO_TOP leash=Surface(name=Task=24#1691)/@0xb50ba85 sb=Rect(0, 0 - 1344, 2992) eb=Rect(0, 0 - 1344, 2992) epz=Point(1344, 2992) d=0 taskParent=-1 winMode=1 userId=0},{m=TO_BACK f=SHOW_WALLPAPER leash=Surface(name=Task=1#34)/@0x21220da sb=Rect(0, 0 - 1344, 2992) eb=Rect(0, 0 - 1344, 2992) epz=Point(1344, 2992) d=0 taskParent=-1 winMode=1 userId=0},{m=TO_BACK f=IS_WALLPAPER leash=Surface(name=WallpaperWindowToken{a6b8ff4}#46)/@0xa56990b sb=Rect(0, 0 - 1344, 2992) eb=Rect(0, 0 - 1344, 2992) epz=Point(1344, 2992) d=0}]}
04-21 10:18:25.423  1112  1157 V WindowManagerShell:  Checking filter Pair{{types=[] flags=0x0 notFlags=0x0 checks=[{atype=undefined independent=true modes=[CLOSE,TO_BACK] flags=IN_TASK_WITH_EMBEDDED_ACTIVITY mustBeTask=false order=ANY topActivity=null launchCookie=null taskFragmentToken=android.os.BinderProxy@305fabc windowingMode=undefined isCrossDisplayMove=false}]} RemoteTransition { remoteTransition = android.window.IRemoteTransition$Stub$Proxy@5593a45, appThread = android.app.IApplicationThread$Stub$Proxy@d1d059a, debugName = overlayBackTransition, filter = {types=[] flags=0x0 notFlags=0x0 checks=[{atype=undefined independent=true modes=[CLOSE,TO_BACK] flags=IN_TASK_WITH_EMBEDDED_ACTIVITY mustBeTask=false order=ANY topActivity=null launchCookie=null taskFragmentToken=android.os.BinderProxy@305fabc windowingMode=undefined isCrossDisplayMove=false}]} }}
04-21 10:18:25.424  1112  1157 V WindowManagerShell:  Checking filter Pair{{types=[] flags=0x0 notFlags=0x0 checks=[{atype=dream independent=true modes=[OPEN,TO_FRONT] flags=NONE mustBeTask=false order=ANY topActivity=null launchCookie=null windowingMode=undefined isCrossDisplayMove=false},{atype=home independent=true modes=[CLOSE,TO_BACK] flags=NONE mustBeTask=false order=ANY topActivity=null launchCookie=null windowingMode=undefined isCrossDisplayMove=false}]} RemoteTransition { remoteTransition = android.window.IRemoteTransition$Stub$Proxy@c2c7ecb, appThread = android.app.IApplicationThread$Stub$Proxy@99606a8, debugName = LauncherToDream, filter = {types=[] flags=0x0 notFlags=0x0 checks=[{atype=dream independent=true modes=[OPEN,TO_FRONT] flags=NONE mustBeTask=false order=ANY topActivity=null launchCookie=null windowingMode=undefined isCrossDisplayMove=false},{atype=home independent=true modes=[CLOSE,TO_BACK] flags=NONE mustBeTask=false order=ANY topActivity=null launchCookie=null windowingMode=undefined isCrossDisplayMove=false}]} }}
04-21 10:18:25.425  1112  1157 V WindowManagerShell:  Checking filter Pair{{types=[] flags=0x0 notFlags=0x0 checks=[{atype=standard independent=false modes=[CHANGE] flags=NONE mustBeTask=true order=ANY topActivity=null launchCookie=null windowingMode=undefined isCrossDisplayMove=true}]} RemoteTransition { remoteTransition = android.window.IRemoteTransition$Stub$Proxy@8d835c1, appThread = android.app.IApplicationThread$Stub$Proxy@8b5e166, debugName = QuickstepDisplayMove, filter = {types=[] flags=0x0 notFlags=0x0 checks=[{atype=standard independent=false modes=[CHANGE] flags=NONE mustBeTask=true order=ANY topActivity=null launchCookie=null windowingMode=undefined isCrossDisplayMove=true}]} }}
04-21 10:18:25.425  1112  1157 V WindowManagerShell:  Checking filter Pair{{types=[] flags=0x0 notFlags=0x100 checks=[{atype=home independent=true modes=[OPEN,TO_FRONT] flags=NONE mustBeTask=false order=ANY topActivity=ComponentInfo{com.google.android.apps.nexuslauncher/com.google.android.apps.nexuslauncher.NexusLauncherActivity} launchCookie=null windowingMode=undefined isCrossDisplayMove=false},{atype=standard independent=true modes=[CLOSE,TO_BACK] flags=NONE mustBeTask=false order=ANY topActivity=null launchCookie=null windowingMode=undefined isCrossDisplayMove=false},{NOT atype=undefined independent=true modes=[] flags=NONE mustBeTask=true order=ANY topActivity=null launchCookie=null customAnim=true windowingMode=undefined isCrossDisplayMove=false}]} RemoteTransition { remoteTransition = android.window.IRemoteTransition$Stub$Proxy@b023ca7, appThread = android.app.IApplicationThread$Stub$Proxy@e98e554, debugName = QuickstepLaunchHome, filter = {types=[] flags=0x0 notFlags=0x100 checks=[{atype=home independent=true modes=[OPEN,TO_FRONT] flags=NONE mustBeTask=false order=ANY topActivity=ComponentInfo{com.google.android.apps.nexuslauncher/com.google.android.apps.nexuslauncher.NexusLauncherActivity} launchCookie=null windowingMode=undefined isCrossDisplayMove=false},{atype=standard independent=true modes=[CLOSE,TO_BACK] flags=NONE mustBeTask=false order=ANY topActivity=null launchCookie=null windowingMode=undefined isCrossDisplayMove=false},{NOT atype=undefined independent=true modes=[] flags=NONE mustBeTask=true order=ANY topActivity=null launchCookie=null customAnim=true windowingMode=undefined isCrossDisplayMove=false}]} }}
04-21 10:18:25.425  1112  1157 V WindowManagerShell:  Checking filter Pair{{types=[OPEN,TO_FRONT] flags=0x0 notFlags=0x0 checks=[{atype=standard independent=true modes=[OPEN,TO_FRONT] flags=NONE mustBeTask=true order=ANY topActivity=null launchCookie=null windowingMode=freeform isCrossDisplayMove=false}]} RemoteTransition { remoteTransition = android.window.IRemoteTransition$Stub$Proxy@7c73612, appThread = null, debugName = DesktopWindowLimitUnminimize, filter = {types=[OPEN,TO_FRONT] flags=0x0 notFlags=0x0 checks=[{atype=standard independent=true modes=[OPEN,TO_FRONT] flags=NONE mustBeTask=true order=ANY topActivity=null launchCookie=null windowingMode=freeform isCrossDisplayMove=false}]} }}
04-21 10:18:25.425  1112  1157 V WindowManagerShell:  Delegate animation for (#187) to null
04-21 10:18:25.425  1112  1157 V WindowManagerShell: start default transition animation, info = {id=187 t=OPEN f=0x0 trk=0 r=[0@Point(0, 0)] c=[{m=OPEN f=MOVE_TO_TOP leash=Surface(name=Task=24#1691)/@0xb50ba85 sb=Rect(0, 0 - 1344, 2992) eb=Rect(0, 0 - 1344, 2992) epz=Point(1344, 2992) d=0 taskParent=-1 winMode=1 userId=0},{m=TO_BACK f=SHOW_WALLPAPER leash=Surface(name=Task=1#34)/@0x21220da sb=Rect(0, 0 - 1344, 2992) eb=Rect(0, 0 - 1344, 2992) epz=Point(1344, 2992) d=0 taskParent=-1 winMode=1 userId=0},{m=TO_BACK f=IS_WALLPAPER leash=Surface(name=WallpaperWindowToken{a6b8ff4}#46)/@0xa56990b sb=Rect(0, 0 - 1344, 2992) eb=Rect(0, 0 - 1344, 2992) epz=Point(1344, 2992) d=0}]}
04-21 10:18:25.425  1112  1157 V WindowManagerShell: loadAnimation: anim=android.view.animation.AnimationSet@c53bae7 animAttr=0x13 type=OPEN isEntrance=false
04-21 10:18:25.425  1112  1157 V WindowManagerShell: loadAnimation: anim=android.view.animation.AnimationSet@8432694 animAttr=0x12 type=OPEN isEntrance=true
04-21 10:18:25.426 22380 22423 I Finsky  : [73] Current account updated in PVS
04-21 10:18:25.427  1112  1157 V WindowManagerShell:  animated by com.android.wm.shell.transition.DefaultTransitionHandler@1ee5af6
04-21 10:18:25.427 22380 22423 I Finsky  : [73] Current account updated in PVS
04-21 10:18:25.427 22380 22423 I Finsky  : [73] Current account updated in PVS
04-21 10:18:25.427 22380 22423 I Finsky  : [73] Current account updated in PVS
04-21 10:18:25.428 22380 22423 I Finsky  : [73] Current account updated in PVS
04-21 10:18:25.428 22380 22423 I Finsky  : [73] Current account updated in PVS
04-21 10:18:25.429 22380 22424 I Finsky  : [74] Current account updated in PVS
04-21 10:18:25.429 22380 22423 I Finsky  : [73] Current account updated in PVS
04-21 10:18:25.429 22380 22423 I Finsky  : [73] Current account updated in PVS
04-21 10:18:25.429 22380 22423 I Finsky  : [73] Current account updated in PVS
04-21 10:18:25.430 22380 22423 I Finsky  : [73] Current account updated in PVS
04-21 10:18:25.430 22380 22423 I Finsky  : [73] Current account updated in PVS
04-21 10:18:25.430 22380 22423 I Finsky  : [73] Current account updated in PVS
04-21 10:18:25.430 22380 22423 I Finsky  : [73] Current account updated in PVS
04-21 10:18:25.431 22380 22424 I Finsky  : [74] Current account updated in PVS
04-21 10:18:25.431 22380 22424 I Finsky  : [74] Current account updated in PVS
04-21 10:18:25.432 22380 22424 I Finsky  : [74] Current account updated in PVS
04-21 10:18:25.432 22380 22424 I Finsky  : [74] Current account updated in PVS
04-21 10:18:25.433 22380 22424 I Finsky  : [74] Current account updated in PVS
04-21 10:18:25.434 22380 22421 I Finsky  : [71] Current account updated in PVS
04-21 10:18:25.433  1418  1418 D RecentTasksList: invalidateLoadedTasks - previous requestLoadId: -1
04-21 10:18:25.434  1418  1418 D RecentsView: onTaskRemoved: 23, not handling task stack changes
04-21 10:18:25.434  1418  1418 D RecentsView: onTaskRemoved: 23, not handling task stack changes
04-21 10:18:25.436  1418  1418 V BaseDepthController: Applying blur: 0 to Surface(name=VRI-com.google.android.apps.nexuslauncher/com.google.android.apps.nexuslauncher.NexusLauncherActivity#1684)/@0x98b7433 applyImmediately: false
04-21 10:18:25.436  1418  1418 D BaseDepthController: setEarlyWakeup: true
04-21 10:18:25.436  1418  1418 D BaseDepthController: shouldBlurWorkspace: false targetState: Normal currentStableState: Normal mCurrentBlur: 0 mLauncher.getDepthBlurTargets(): [com.android.launcher3.Workspace{3a33f0 V.ED..... ........ 0,0-1344,2992 #7f0a047d app:id/workspace}, com.android.launcher3.Hotseat{3b6d69 V.ED..... ........ 0,2425-1344,2992 #7f0a01f1 app:id/hotseat}]
04-21 10:18:25.438  1112  1157 V RecentTasksController: generateList(getRecentTasks)
04-21 10:18:25.438  1112  1157 V RecentTasksController: initializeDesksMap - allDeskIds: []
04-21 10:18:25.439  1112  1157 V RecentTasksController: Task 24 is not an active desktop task
04-21 10:18:25.439  1112  1157 V RecentTasksController: Added fullscreen task: 24
04-21 10:18:25.439  1112  1157 V RecentTasksController: Task 19 is not an active desktop task
04-21 10:18:25.439  1112  1157 V RecentTasksController: Added fullscreen task: 19
04-21 10:18:25.439  1112  1157 V RecentTasksController: generateList - complete
04-21 10:18:25.452  1418  1418 V BaseDepthController: Applying blur: 0 to Surface(name=VRI-com.google.android.apps.nexuslauncher/com.google.android.apps.nexuslauncher.NexusLauncherActivity#1684)/@0x98b7433 applyImmediately: false
04-21 10:18:25.456  1418  1418 D BaseDepthController: shouldBlurWorkspace: false targetState: Normal currentStableState: Normal mCurrentBlur: 0 mLauncher.getDepthBlurTargets(): [com.android.launcher3.Workspace{3a33f0 V.ED..... ........ 0,0-1344,2992 #7f0a047d app:id/workspace}, com.android.launcher3.Hotseat{3b6d69 V.ED..... ........ 0,2425-1344,2992 #7f0a01f1 app:id/hotseat}]
04-21 10:18:25.473   526   577 W skia    : AGTM parsing failed flags.readFromStream(s) at 159
04-21 10:18:25.473   526   577 W skia    : AGTM parsing failed flags.readFromStream(s) at 159
04-21 10:18:25.475  1418  1418 V BaseDepthController: Applying blur: 0 to Surface(name=VRI-com.google.android.apps.nexuslauncher/com.google.android.apps.nexuslauncher.NexusLauncherActivity#1684)/@0x98b7433 applyImmediately: false
04-21 10:18:25.475  1418  1418 D BaseDepthController: shouldBlurWorkspace: false targetState: Normal currentStableState: Normal mCurrentBlur: 0 mLauncher.getDepthBlurTargets(): [com.android.launcher3.Workspace{3a33f0 V.ED..... ........ 0,0-1344,2992 #7f0a047d app:id/workspace}, com.android.launcher3.Hotseat{3b6d69 V.ED..... ........ 0,2425-1344,2992 #7f0a01f1 app:id/hotseat}]
04-21 10:18:25.486  1418  1418 V BaseDepthController: Applying blur: 0 to Surface(name=VRI-com.google.android.apps.nexuslauncher/com.google.android.apps.nexuslauncher.NexusLauncherActivity#1684)/@0x98b7433 applyImmediately: false
04-21 10:18:25.486  1418  1418 D BaseDepthController: shouldBlurWorkspace: false targetState: Normal currentStableState: Normal mCurrentBlur: 0 mLauncher.getDepthBlurTargets(): [com.android.launcher3.Workspace{3a33f0 V.ED..... ........ 0,0-1344,2992 #7f0a047d app:id/workspace}, com.android.launcher3.Hotseat{3b6d69 V.ED..... ........ 0,2425-1344,2992 #7f0a01f1 app:id/hotseat}]
04-21 10:18:25.489 24966 24966 D nativeloader: Configuring clns-9 for other apk /data/app/~~SYpdbUsgAQoEjdnwJ82u3w==/com.aidemoi.app-e5G-m4U7J6KhfJOYJGRsnA==/base.apk. target_sdk_version=34, uses_libraries=, library_path=/data/app/~~SYpdbUsgAQoEjdnwJ82u3w==/com.aidemoi.app-e5G-m4U7J6KhfJOYJGRsnA==/lib/x86_64, permitted_path=/data:/mnt/expand:/data/user/0/com.aidemoi.app
04-21 10:18:25.501  1418  1418 V BaseDepthController: Applying blur: 0 to Surface(name=VRI-com.google.android.apps.nexuslauncher/com.google.android.apps.nexuslauncher.NexusLauncherActivity#1684)/@0x98b7433 applyImmediately: false
04-21 10:18:25.501  1418  1418 D BaseDepthController: shouldBlurWorkspace: false targetState: Normal currentStableState: Normal mCurrentBlur: 0 mLauncher.getDepthBlurTargets(): [com.android.launcher3.Workspace{3a33f0 V.ED..... ........ 0,0-1344,2992 #7f0a047d app:id/workspace}, com.android.launcher3.Hotseat{3b6d69 V.ED..... ........ 0,2425-1344,2992 #7f0a01f1 app:id/hotseat}]
04-21 10:18:25.511 24966 24966 V GraphicsEnvironment: Currently set values for:
04-21 10:18:25.511 24966 24966 V GraphicsEnvironment:   angle_gl_driver_selection_pkgs=[]
04-21 10:18:25.511 24966 24966 V GraphicsEnvironment:   angle_gl_driver_selection_values=[]
04-21 10:18:25.511 24966 24966 V GraphicsEnvironment: com.aidemoi.app is not listed in per-application setting
04-21 10:18:25.511 24966 24966 V GraphicsEnvironment: No special selections for ANGLE, returning default driver choice
04-21 10:18:25.512 24966 24966 V GraphicsEnvironment: Neither updatable production driver nor prerelease driver is supported.
04-21 10:18:25.520  1418  1418 V BaseDepthController: Applying blur: 0 to Surface(name=VRI-com.google.android.apps.nexuslauncher/com.google.android.apps.nexuslauncher.NexusLauncherActivity#1684)/@0x98b7433 applyImmediately: false
04-21 10:18:25.520  1418  1418 D BaseDepthController: shouldBlurWorkspace: false targetState: Normal currentStableState: Normal mCurrentBlur: 0 mLauncher.getDepthBlurTargets(): [com.android.launcher3.Workspace{3a33f0 V.ED..... ........ 0,0-1344,2992 #7f0a047d app:id/workspace}, com.android.launcher3.Hotseat{3b6d69 V.ED..... ........ 0,2425-1344,2992 #7f0a01f1 app:id/hotseat}]
04-21 10:18:25.527  1418  1425 I s.nexuslauncher: NativeAlloc concurrent mark compact GC freed 1362KB AllocSpace bytes, 6(384KB) LOS objects, 49% free, 10MB/21MB, paused 488us,14.457ms total 49.772ms
04-21 10:18:25.530  1418  1429 W System  : A resource failed to call release. 
04-21 10:18:25.530  1418  1429 W System  : A resource failed to call release. 
04-21 10:18:25.530  1418  1429 W System  : A resource failed to call release. 
04-21 10:18:25.531  1418  1429 W System  : A resource failed to call HardwareBuffer.close. 
04-21 10:18:25.539  1418  1418 V BaseDepthController: Applying blur: 0 to Surface(name=VRI-com.google.android.apps.nexuslauncher/com.google.android.apps.nexuslauncher.NexusLauncherActivity#1684)/@0x98b7433 applyImmediately: false
04-21 10:18:25.539  1418  1418 D BaseDepthController: shouldBlurWorkspace: false targetState: Normal currentStableState: Normal mCurrentBlur: 0 mLauncher.getDepthBlurTargets(): [com.android.launcher3.Workspace{3a33f0 V.ED..... ........ 0,0-1344,2992 #7f0a047d app:id/workspace}, com.android.launcher3.Hotseat{3b6d69 V.ED..... ........ 0,2425-1344,2992 #7f0a01f1 app:id/hotseat}]
04-21 10:18:25.550 24966 24983 I DisplayManager: Choreographer implicitly registered for the refresh rate.
04-21 10:18:25.553  1418  1418 V BaseDepthController: Applying blur: 0 to Surface(name=VRI-com.google.android.apps.nexuslauncher/com.google.android.apps.nexuslauncher.NexusLauncherActivity#1684)/@0x98b7433 applyImmediately: false
04-21 10:18:25.554  1418  1418 D BaseDepthController: shouldBlurWorkspace: false targetState: Normal currentStableState: Normal mCurrentBlur: 0 mLauncher.getDepthBlurTargets(): [com.android.launcher3.Workspace{3a33f0 V.ED..... ........ 0,0-1344,2992 #7f0a047d app:id/workspace}, com.android.launcher3.Hotseat{3b6d69 V.ED..... ........ 0,2425-1344,2992 #7f0a01f1 app:id/hotseat}]
04-21 10:18:25.570  1418  1418 V BaseDepthController: Applying blur: 0 to Surface(name=VRI-com.google.android.apps.nexuslauncher/com.google.android.apps.nexuslauncher.NexusLauncherActivity#1684)/@0x98b7433 applyImmediately: false
04-21 10:18:25.570  1418  1418 D BaseDepthController: shouldBlurWorkspace: false targetState: Normal currentStableState: Normal mCurrentBlur: 0 mLauncher.getDepthBlurTargets(): [com.android.launcher3.Workspace{3a33f0 V.ED..... ........ 0,0-1344,2992 #7f0a047d app:id/workspace}, com.android.launcher3.Hotseat{3b6d69 V.ED..... ........ 0,2425-1344,2992 #7f0a01f1 app:id/hotseat}]
04-21 10:18:25.573   526   577 W skia    : AGTM parsing failed flags.readFromStream(s) at 159
04-21 10:18:25.573   526   577 W skia    : AGTM parsing failed flags.readFromStream(s) at 159
04-21 10:18:25.577 24966 24966 D DesktopExperienceFlags: Toggle override initialized to: false
04-21 10:18:25.585 24966 24966 D AppCompatDelegate: Checking for metadata for AppLocalesMetadataHolderService : Service not found
04-21 10:18:25.587  1418  1418 V BaseDepthController: Applying blur: 0 to Surface(name=VRI-com.google.android.apps.nexuslauncher/com.google.android.apps.nexuslauncher.NexusLauncherActivity#1684)/@0x98b7433 applyImmediately: false
04-21 10:18:25.587  1418  1418 D BaseDepthController: shouldBlurWorkspace: false targetState: Normal currentStableState: Normal mCurrentBlur: 0 mLauncher.getDepthBlurTargets(): [com.android.launcher3.Workspace{3a33f0 V.ED..... ........ 0,0-1344,2992 #7f0a047d app:id/workspace}, com.android.launcher3.Hotseat{3b6d69 V.ED..... ........ 0,2425-1344,2992 #7f0a01f1 app:id/hotseat}]
04-21 10:18:25.604  1418  1418 V BaseDepthController: Applying blur: 0 to Surface(name=VRI-com.google.android.apps.nexuslauncher/com.google.android.apps.nexuslauncher.NexusLauncherActivity#1684)/@0x98b7433 applyImmediately: false
04-21 10:18:25.604  1418  1418 D BaseDepthController: shouldBlurWorkspace: false targetState: Normal currentStableState: Normal mCurrentBlur: 0 mLauncher.getDepthBlurTargets(): [com.android.launcher3.Workspace{3a33f0 V.ED..... ........ 0,0-1344,2992 #7f0a047d app:id/workspace}, com.android.launcher3.Hotseat{3b6d69 V.ED..... ........ 0,2425-1344,2992 #7f0a01f1 app:id/hotseat}]
04-21 10:18:25.608 24966 24983 I GFXSTREAM: [eglDisplay.cpp(297)] Opening libGLESv1_CM_emulation.so
04-21 10:18:25.608 24966 24983 I GFXSTREAM: [eglDisplay.cpp(297)] Opening libGLESv2_emulation.so
04-21 10:18:25.636  1418  1418 V BaseDepthController: Applying blur: 0 to Surface(name=VRI-com.google.android.apps.nexuslauncher/com.google.android.apps.nexuslauncher.NexusLauncherActivity#1684)/@0x98b7433 applyImmediately: false
04-21 10:18:25.636  1418  1418 D BaseDepthController: shouldBlurWorkspace: false targetState: Normal currentStableState: Normal mCurrentBlur: 0 mLauncher.getDepthBlurTargets(): [com.android.launcher3.Workspace{3a33f0 V.ED..... ........ 0,0-1344,2992 #7f0a047d app:id/workspace}, com.android.launcher3.Hotseat{3b6d69 V.ED..... ........ 0,2425-1344,2992 #7f0a01f1 app:id/hotseat}]
04-21 10:18:25.636 24966 24983 W HWUI    : Failed to choose config with EGL_SWAP_BEHAVIOR_PRESERVED, retrying without...
04-21 10:18:25.637 24966 24983 W HWUI    : Failed to initialize 101010-2 format, error = EGL_SUCCESS
04-21 10:18:25.651  1418  1418 V BaseDepthController: Applying blur: 0 to Surface(name=VRI-com.google.android.apps.nexuslauncher/com.google.android.apps.nexuslauncher.NexusLauncherActivity#1684)/@0x98b7433 applyImmediately: false
04-21 10:18:25.651  1418  1418 D BaseDepthController: shouldBlurWorkspace: false targetState: Normal currentStableState: Normal mCurrentBlur: 0 mLauncher.getDepthBlurTargets(): [com.android.launcher3.Workspace{3a33f0 V.ED..... ........ 0,0-1344,2992 #7f0a047d app:id/workspace}, com.android.launcher3.Hotseat{3b6d69 V.ED..... ........ 0,2425-1344,2992 #7f0a01f1 app:id/hotseat}]
04-21 10:18:25.663 24966 24966 D DesktopModeFlags: Toggle override initialized to: OVERRIDE_UNSET
04-21 10:18:25.678 24966 24966 I com.aidemoi.app: hiddenapi: Accessing hidden method Landroid/view/View;->computeFitSystemWindows(Landroid/graphics/Rect;Landroid/graphics/Rect;)Z (runtime_flags=0, domain=platform, api=unsupported) from Landroidx/appcompat/widget/ViewUtils; (domain=app, TargetSdkVersion=34) using reflection: allowed
04-21 10:18:25.678 24966 24966 I com.aidemoi.app: hiddenapi: Accessing hidden method Landroid/view/ViewGroup;->makeOptionalFitsSystemWindows()V (runtime_flags=0, domain=platform, api=unsupported) from Landroidx/appcompat/widget/ViewUtils; (domain=app, TargetSdkVersion=34) using reflection: allowed
04-21 10:18:25.683  1418  1418 V BaseDepthController: Applying blur: 0 to Surface(name=VRI-com.google.android.apps.nexuslauncher/com.google.android.apps.nexuslauncher.NexusLauncherActivity#1684)/@0x98b7433 applyImmediately: false
04-21 10:18:25.683  1418  1418 D BaseDepthController: shouldBlurWorkspace: false targetState: Normal currentStableState: Normal mCurrentBlur: 0 mLauncher.getDepthBlurTargets(): [com.android.launcher3.Workspace{3a33f0 V.ED..... ........ 0,0-1344,2992 #7f0a047d app:id/workspace}, com.android.launcher3.Hotseat{3b6d69 V.ED..... ........ 0,2425-1344,2992 #7f0a01f1 app:id/hotseat}]
04-21 10:18:25.693  1418  1418 V BaseDepthController: Applying blur: 0 to Surface(name=VRI-com.google.android.apps.nexuslauncher/com.google.android.apps.nexuslauncher.NexusLauncherActivity#1684)/@0x98b7433 applyImmediately: false
04-21 10:18:25.693  1418  1418 D BaseDepthController: shouldBlurWorkspace: false targetState: Normal currentStableState: Normal mCurrentBlur: 0 mLauncher.getDepthBlurTargets(): [com.android.launcher3.Workspace{3a33f0 V.ED..... ........ 0,0-1344,2992 #7f0a047d app:id/workspace}, com.android.launcher3.Hotseat{3b6d69 V.ED..... ........ 0,2425-1344,2992 #7f0a01f1 app:id/hotseat}]
04-21 10:18:25.694   526   577 W skia    : AGTM parsing failed flags.readFromStream(s) at 159
04-21 10:18:25.694   526   577 W skia    : AGTM parsing failed flags.readFromStream(s) at 159
04-21 10:18:25.696 24966 24966 I WebViewFactory: Loading com.google.android.webview version 145.0.7632.45 (code 763204538)
04-21 10:18:25.705 24966 24966 V ResourcesManager: The following library key has been added: ResourcesKey{ mHash=12fff803 mResDir=null mSplitDirs=[] mOverlayDirs=[] mLibDirs=[/data/app/~~s8_6djlFPd6YGZmcMYHsdA==/com.google.android.webview-8EBVrYHTkbE7rgbSO-0FNQ==/WebViewGoogle.apk,/data/app/~~xzWWf-3rswW9GqRDF_BZrQ==/com.google.android.trichromelibrary_763204538-PxiBa_cSSyupmdbuad07xA==/TrichromeLibrary.apk,/system_ext/framework/androidx.window.extensions.jar] mDisplayId=0 mOverrideConfig=v37 mCompatInfo={480dpi always-compat} mLoaders=[]}
04-21 10:18:25.707  1418  1418 V BaseDepthController: Applying blur: 0 to Surface(name=VRI-com.google.android.apps.nexuslauncher/com.google.android.apps.nexuslauncher.NexusLauncherActivity#1684)/@0x98b7433 applyImmediately: false
04-21 10:18:25.707  1418  1418 D BaseDepthController: shouldBlurWorkspace: false targetState: Normal currentStableState: Normal mCurrentBlur: 0 mLauncher.getDepthBlurTargets(): [com.android.launcher3.Workspace{3a33f0 V.ED..... ........ 0,0-1344,2992 #7f0a047d app:id/workspace}, com.android.launcher3.Hotseat{3b6d69 V.ED..... ........ 0,2425-1344,2992 #7f0a01f1 app:id/hotseat}]
04-21 10:18:25.708 24966 24966 W com.aidemoi.app: Failed to find entry 'classes.dex': Entry not found
04-21 10:18:25.710 24966 24966 D nativeloader: Configuring clns-10 for other apk /data/app/~~xzWWf-3rswW9GqRDF_BZrQ==/com.google.android.trichromelibrary_763204538-PxiBa_cSSyupmdbuad07xA==/TrichromeLibrary.apk. target_sdk_version=36, uses_libraries=ALL, library_path=/data/app/~~s8_6djlFPd6YGZmcMYHsdA==/com.google.android.webview-8EBVrYHTkbE7rgbSO-0FNQ==/lib/x86_64:/data/app/~~s8_6djlFPd6YGZmcMYHsdA==/com.google.android.webview-8EBVrYHTkbE7rgbSO-0FNQ==/WebViewGoogle.apk!/lib/x86_64:/data/app/~~xzWWf-3rswW9GqRDF_BZrQ==/com.google.android.trichromelibrary_763204538-PxiBa_cSSyupmdbuad07xA==/TrichromeLibrary.apk!/lib/x86_64, permitted_path=/data:/mnt/expand
04-21 10:18:25.714 24966 24966 D ApplicationLoaders: Returning zygote-cached class loader: /system_ext/framework/androidx.window.extensions.jar
04-21 10:18:25.719 24966 24966 D nativeloader: Configuring clns-11 for other apk /data/app/~~s8_6djlFPd6YGZmcMYHsdA==/com.google.android.webview-8EBVrYHTkbE7rgbSO-0FNQ==/WebViewGoogle.apk. target_sdk_version=36, uses_libraries=, library_path=/data/app/~~s8_6djlFPd6YGZmcMYHsdA==/com.google.android.webview-8EBVrYHTkbE7rgbSO-0FNQ==/lib/x86_64:/data/app/~~s8_6djlFPd6YGZmcMYHsdA==/com.google.android.webview-8EBVrYHTkbE7rgbSO-0FNQ==/WebViewGoogle.apk!/lib/x86_64:/data/app/~~xzWWf-3rswW9GqRDF_BZrQ==/com.google.android.trichromelibrary_763204538-PxiBa_cSSyupmdbuad07xA==/TrichromeLibrary.apk!/lib/x86_64, permitted_path=/data:/mnt/expand
04-21 10:18:25.725  1418  1418 V BaseDepthController: Applying blur: 0 to Surface(name=VRI-com.google.android.apps.nexuslauncher/com.google.android.apps.nexuslauncher.NexusLauncherActivity#1684)/@0x98b7433 applyImmediately: false
04-21 10:18:25.725  1418  1418 D BaseDepthController: shouldBlurWorkspace: false targetState: Normal currentStableState: Normal mCurrentBlur: 0 mLauncher.getDepthBlurTargets(): [com.android.launcher3.Workspace{3a33f0 V.ED..... ........ 0,0-1344,2992 #7f0a047d app:id/workspace}, com.android.launcher3.Hotseat{3b6d69 V.ED..... ........ 0,2425-1344,2992 #7f0a01f1 app:id/hotseat}]
04-21 10:18:25.736  1112  1157 V WindowManagerShell: Transition animation finished (aborted=false), notifying core (#187) android.os.BinderProxy@ab5c45d@0
04-21 10:18:25.742   663   688 V WindowManager: Finish Transition (#187): created at 04-21 10:18:25.240 collect-started=0.038ms request-sent=12.19ms started=13.961ms ready=161.33ms sent=164.391ms commit=34.097ms finished=498.317ms
04-21 10:18:25.742  1112  1449 D WallpaperService: onVisibilityChanged(false): com.android.systemui.wallpapers.ImageWallpaper$CanvasEngine@6b1e8f3
04-21 10:18:25.745  1418  1418 V BaseDepthController: Applying blur: 0 to Surface(name=VRI-com.google.android.apps.nexuslauncher/com.google.android.apps.nexuslauncher.NexusLauncherActivity#1684)/@0x98b7433 applyImmediately: false
04-21 10:18:25.745  1418  1418 D BaseDepthController: shouldBlurWorkspace: false targetState: Normal currentStableState: Normal mCurrentBlur: 0 mLauncher.getDepthBlurTargets(): [com.android.launcher3.Workspace{3a33f0 V.ED..... ........ 0,0-1344,2992 #7f0a047d app:id/workspace}, com.android.launcher3.Hotseat{3b6d69 V.ED..... ........ 0,2425-1344,2992 #7f0a01f1 app:id/hotseat}]
04-21 10:18:25.745  1112  1157 V WindowManagerShell: Track 0 became idle
04-21 10:18:25.745  1112  1157 V WindowManagerShell: All active transition animations finished
04-21 10:18:25.756  1418  1418 D VRI[NexusLauncherActivity]: visibilityChanged oldVisibility=true newVisibility=false
04-21 10:18:25.756  1418  1418 D BaseActivity: Launcher flags updated: [state_started] -[state_window_focused]
04-21 10:18:25.757  1418  1418 V BaseDepthController: Applying blur: 0 to Surface(name=VRI-com.google.android.apps.nexuslauncher/com.google.android.apps.nexuslauncher.NexusLauncherActivity#1684)/@0x98b7433 applyImmediately: false
04-21 10:18:25.757  1418  1418 D BaseDepthController: shouldBlurWorkspace: false targetState: Normal currentStableState: Normal mCurrentBlur: 0 mLauncher.getDepthBlurTargets(): [com.android.launcher3.Workspace{3a33f0 V.ED..... ........ 0,0-1344,2992 #7f0a047d app:id/workspace}, com.android.launcher3.Hotseat{3b6d69 V.ED..... .......D 0,2425-1344,2992 #7f0a01f1 app:id/hotseat}]
04-21 10:18:25.757  1418  1418 D SmartspaceInteractor: notifySmartspaceEvent: SmartspaceTargetEvent{mSmartspaceTarget=null, mSmartspaceActionId='null', mEventType=7}
04-21 10:18:25.763 24966 24966 I cr_WVCFactoryProvider: version=145.0.7632.45 (763204538) minSdkVersion=29 multiprocess=true packageId=2 splits=<none>
04-21 10:18:25.779  1418  1418 D BaseDepthController: mSurface is not valid
04-21 10:18:25.781  1112  1157 V ShellTaskOrganizer: Task vanished taskId=23
04-21 10:18:25.781  1112  1157 V ShellTaskOrganizer: Fullscreen Task Vanished: #23
04-21 10:18:25.781  1112  1157 V ShellDesktopMode: Task Vanished: #23 closed=true
04-21 10:18:25.782  1112  1157 V RecentTasksController: Notify recent tasks changed
04-21 10:18:25.782  1112  1157 D ShellDesktopMode: AppToWebRepository: Task 23 is vanishing. Removing task data from repository
04-21 10:18:25.782  1418  1418 D RecentTasksList: invalidateLoadedTasks - previous requestLoadId: -1
04-21 10:18:25.782  1112  1157 V AppCompat: SingleSurfaceLetterboxController: []
04-21 10:18:25.783  1112  1157 V AppCompat: MultiSurfaceLetterboxController: []
04-21 10:18:25.783  1112  1157 V AppCompat: LetterboxInputController: []
04-21 10:18:25.783  1112  1157 V AppCompat: RoundedCornersLetterboxController: {}
