04-21 10:18:25.783  1112  1157 D Bubbles : BubbleData.onLocusVisibilityChanged() locusId=Overview|DISABLED visible=false taskId=1
04-21 10:18:25.785  1418  1418 D BaseDepthController: mSurface is not valid
04-21 10:18:25.789 24966 24966 D nativeloader: Load /data/app/~~xzWWf-3rswW9GqRDF_BZrQ==/com.google.android.trichromelibrary_763204538-PxiBa_cSSyupmdbuad07xA==/TrichromeLibrary.apk!/lib/x86_64/libmonochrome_64.so using class loader ns clns-11 (caller=/data/app/~~s8_6djlFPd6YGZmcMYHsdA==/com.google.android.webview-8EBVrYHTkbE7rgbSO-0FNQ==/WebViewGoogle.apk): ok
04-21 10:18:25.792 24966 24966 D nativeloader: Load /system/lib64/libwebviewchromium_plat_support.so using class loader ns clns-11 (caller=/data/app/~~s8_6djlFPd6YGZmcMYHsdA==/com.google.android.webview-8EBVrYHTkbE7rgbSO-0FNQ==/WebViewGoogle.apk): ok
04-21 10:18:25.796 24966 24990 E chromium: [0421/101825.796469:ERROR:android_webview/browser/variations/variations_seed_loader.cc:39] Seed missing signature.
04-21 10:18:25.797 24966 24990 I chromium: [0421/101825.796930:INFO:android_webview/browser/variations/variations_seed_loader.cc:67] Failed to open file for reading.: No such file or directory (2)
04-21 10:18:25.802  1418  1418 D BaseDepthController: mSurface is not valid
04-21 10:18:25.810 24966 24966 I cr_LibraryLoader: Successfully loaded native library
04-21 10:18:25.811 24966 24966 I cr_CachingUmaRecorder: Flushed 18 samples from 18 histograms, 0 samples were dropped.
04-21 10:18:25.814 24966 24966 I cr_ChildProcLH: ScopedServiceBindingBatch.tryActivate: false
04-21 10:18:25.816 24966 24966 I cr_CombinedPProvider: #registerProvider() provider:WV.qk@ae0b410 isPolicyCacheEnabled:false policyProvidersSize:0
04-21 10:18:25.817   663  1915 D CompatChangeReporter: Compat change id reported: 161145287; UID 10230; state: ENABLED
04-21 10:18:25.818  1418  1418 D BaseDepthController: mSurface is not valid
04-21 10:18:25.818 24966 24966 I cr_PolicyProvider: #setManagerAndSource() 0
04-21 10:18:25.821 24966 24966 I cr_DisplayManager: Is Display Topology available: false
04-21 10:18:25.828   663  1407 V GrammaticalInflectionUtils: AttributionSource: android.content.AttributionSource@c4f5b844 does not have READ_SYSTEM_GRAMMATICAL_GENDER permission.
04-21 10:18:25.840  1168  1168 D Zygote  : Forked child process 24994
04-21 10:18:25.844  1418  1418 D BaseDepthController: mSurface is not valid
04-21 10:18:25.845 24994 24994 I Zygote  : Process 24994 created for com.google.android.webview:sandboxed_process0:org.chromium.content.app.SandboxedProcessService0:0
04-21 10:18:25.846 24994 24994 I ocessService0:0: Using generational CollectorTypeCMC GC.
04-21 10:18:25.846 24966 24966 I cr_CombinedPProvider: #linkNativeInternal() 1
04-21 10:18:25.846 24994 24994 W ocessService0:0: Unexpected CPU variant for x86: x86_64.
04-21 10:18:25.846 24994 24994 W ocessService0:0: Known variants: atom, sandybridge, silvermont, goldmont, goldmont-plus, goldmont-without-sha-xsaves, tremont, kabylake, alderlake, lunarlake, default
04-21 10:18:25.847 24966 24966 I cr_AppResProvider: #getApplicationRestrictionsFromUserManager() Bundle[EMPTY_PARCEL]
04-21 10:18:25.847 24966 24966 I cr_PolicyProvider: #notifySettingsAvailable() 0
04-21 10:18:25.847 24966 24966 I cr_CombinedPProvider: #onSettingsAvailable() 0
04-21 10:18:25.848 24966 24966 I cr_CombinedPProvider: #flushPolicies()
04-21 10:18:25.851 24994 24994 D nativeloader: Load libframework-connectivity-tiramisu-jni.so using APEX ns com_android_tethering for caller /apex/com.android.tethering/javalib/framework-connectivity-t.jar: ok
04-21 10:18:25.860   663  1782 D ActivityManager: sync unfroze 16664 com.google.android.gms for 6
04-21 10:18:25.863   663   698 I ActivityManager: Start proc 24994:com.google.android.webview:sandboxed_process0:org.chromium.content.app.SandboxedProcessService0:0/u0i5 for bound-service {com.aidemoi.app/org.chromium.content.app.SandboxedProcessService0:0}
04-21 10:18:25.864 16664 16664 D BoundBrokerSvc: onBind: Intent { act=com.google.android.gms.safetynet.service.START xflg=0x4 pkg=com.google.android.gms }
04-21 10:18:25.864 16664 16664 D BoundBrokerSvc: Loading bound service for intent: Intent { act=com.google.android.gms.safetynet.service.START xflg=0x4 pkg=com.google.android.gms }
04-21 10:18:25.869  1418  1418 D BaseDepthController: mSurface is not valid
04-21 10:18:25.879 24994 24994 D ApplicationLoaders: Returning zygote-cached class loader: /system_ext/framework/androidx.window.extensions.jar
04-21 10:18:25.884  1418  1418 D BaseDepthController: mSurface is not valid
04-21 10:18:25.888 24966 25006 W chromium: [WARNING:net/dns/dns_config_service_android.cc:69] Failed to read DnsConfig.
04-21 10:18:25.892 24994 24994 I LoadedApk: No resource references to update in package com.google.android.trichromelibrary
04-21 10:18:25.897 24994 24994 I cr_WebViewApkApp: version=145.0.7632.45 (763204538) minSdkVersion=29 processName=com.google.android.webview:sandboxed_process0:org.chromium.content.app.SandboxedProcessService0:0 splits=<none>
04-21 10:18:25.898 24966 24966 W chromium: [WARNING:android_webview/browser/network_service/net_helpers.cc:137] HTTP Cache size is: 20971520
04-21 10:18:25.909 24994 24994 I cr_ChildProcessService: Creating new ChildProcessService pid=24994
04-21 10:18:25.911 16664 16664 D BoundBrokerSvc: onBind: Intent { act=com.google.android.gms.safebrowsing.SafeBrowsingService.START dat=chimera-action:/... xflg=0x4 cmp=com.google.android.gms/.chimera.GmsBoundBrokerService }
04-21 10:18:25.912 16664 16664 D BoundBrokerSvc: Loading bound service for intent: Intent { act=com.google.android.gms.safebrowsing.SafeBrowsingService.START dat=chimera-action:/... xflg=0x4 cmp=com.google.android.gms/.chimera.GmsBoundBrokerService }
04-21 10:18:25.918  1418  1418 D BaseDepthController: mSurface is not valid
04-21 10:18:25.950  1418  1418 D BaseDepthController: mSurface is not valid
04-21 10:18:25.991 24966 24966 D Capacitor: Starting BridgeActivity
04-21 10:18:26.001  1418  1418 D BaseDepthController: mSurface is not valid
04-21 10:18:26.011 24966 24966 D Capacitor: Registering plugin instance: CapacitorCookies
04-21 10:18:26.016 24966 24966 D Capacitor: Registering plugin instance: WebView
04-21 10:18:26.020 24966 24966 D Capacitor: Registering plugin instance: CapacitorHttp
04-21 10:18:26.023 24966 24966 D Capacitor: Registering plugin instance: SplashScreen
04-21 10:18:26.030 24966 24966 D Capacitor: Registering plugin instance: StatusBar
04-21 10:18:26.055 24966 24966 W Capacitor: Unable to read file at path public/plugins
04-21 10:18:26.059 24966 24966 D Capacitor: Loading app at https://localhost
04-21 10:18:26.069  1418  1418 D BaseDepthController: mSurface is not valid
04-21 10:18:26.082 24966 25011 W cr_media: BLUETOOTH_CONNECT permission is missing.
04-21 10:18:26.083 24966 25011 W cr_media: getBluetoothAdapter() requires BLUETOOTH permission
04-21 10:18:26.083 24966 25011 W cr_media: registerBluetoothIntentsIfNeeded: Requires BLUETOOTH permission
04-21 10:18:26.087 24994 25020 I cr_LibraryLoader: Successfully loaded native library
04-21 10:18:26.087 24994 25020 I cr_CachingUmaRecorder: Flushed 2 samples from 2 histograms, 0 samples were dropped.
04-21 10:18:26.090 24966 25025 W libc    : Access denied finding property "vendor.mesa.log"
04-21 10:18:26.090 24966 25025 W libc    : Access denied finding property "vendor.mesa.log.file"
04-21 10:18:26.090 24966 25025 E MESA    : Failed to open rendernode: No such file or directory
04-21 10:18:26.090 24966 25025 E MESA    : Failed to open rendernode: No such file or directory
04-21 10:18:26.092 24966 25011 D AudioSystem: onNewService: media.audio_policy service obtained 0x73f42b43e000
04-21 10:18:26.093 24966 25011 D AudioSystem: getService: IAudioPolicyService retrieved: 0x73f42b43e000  cached: 0x73f42b43e000
04-21 10:18:26.093   514  4940 D NativePermissionController: checkPermission: missing 13 for 10230
04-21 10:18:26.094   514  4940 D NativePermissionController: checkPermission: missing 13 for 10230
04-21 10:18:26.094 24966 25025 E MESA    : Failed to open rendernode: No such file or directory
04-21 10:18:26.100   514  4940 D NativePermissionController: checkPermission: missing 13 for 10230
04-21 10:18:26.100   514  4940 D NativePermissionController: checkPermission: missing 13 for 10230
04-21 10:18:26.105 24966 25005 D Capacitor: Handling local request: https://localhost/
04-21 10:18:26.111 24966 25025 E MESA    : Failed to open rendernode: No such file or directory
04-21 10:18:26.111 24966 25025 E MESA    : Failed to open rendernode: No such file or directory
04-21 10:18:26.114 24994 25020 W chromium: [WARNING:content/child/runtime_features.cc:564] Fenced frames cannot be enabled in this configuration. Use --enable-features=FencedFrames instead.
04-21 10:18:26.114 24994 25020 W chromium: [WARNING:content/child/runtime_features.cc:589] Topics cannot be enabled in this configuration. Use --enable-features=BrowsingTopics in addition.
04-21 10:18:26.114 24994 25020 W chromium: [WARNING:content/child/runtime_features.cc:610] SharedStorage cannot be enabled in this configuration. Use --enable-features=SharedStorageAPI in addition.
04-21 10:18:26.113 24966 25025 E MESA    : Failed to open rendernode: No such file or directory
04-21 10:18:26.113 24966 25025 E MESA    : Failed to open rendernode: No such file or directory
04-21 10:18:26.116 24966 25025 E MESA    : Failed to open rendernode: No such file or directory
04-21 10:18:26.116 24966 25025 E MESA    : Failed to open rendernode: No such file or directory
04-21 10:18:26.118 24966 25025 W libc    : Access denied finding property "vendor.mesa.vk.trace.per.submit"
04-21 10:18:26.118 24966 25025 W libc    : Access denied finding property "vendor.mesa.gallium.print.optio"
04-21 10:18:26.118 24966 25025 W libc    : Access denied finding property "vendor.mesa.vk.trace.frame"
04-21 10:18:26.121 24966 24966 D Capacitor: App started
04-21 10:18:26.125 24966 24966 D Capacitor: App resumed
04-21 10:18:26.139 24966 24966 W HWUI    : Unknown dataspace 0
04-21 10:18:26.140 10460 10671 I FontLog : (REDACTED) Received query %s, URI %s
04-21 10:18:26.140 10460 10671 I FontLog : (REDACTED) Query [%s] resolved to %s
04-21 10:18:26.141 10460 10671 I FontLog : (REDACTED) Font PFD returned from cache for %s
04-21 10:18:26.141 10460 10671 I FontLog : (REDACTED) Fetch %s end status %s
04-21 10:18:26.147   663  1907 W InputChannel-JNI: Channel already disposed.
04-21 10:18:26.157 10460 10671 I FontLog : (REDACTED) Pulling font file for id = %d, cache size = %d
04-21 10:18:26.184 24966 25042 I CameraManagerGlobal: Connecting to camera service
04-21 10:18:26.190 10460 10671 I FontLog : (REDACTED) Received query %s, URI %s
04-21 10:18:26.191 10460 10671 I FontLog : (REDACTED) Query [%s] resolved to %s
04-21 10:18:26.191 10460 10671 I FontLog : (REDACTED) Fetch %s end status %s
04-21 10:18:26.194 24966 24966 D VRI[MainActivity]: WindowInsets changed: 1344x2992 statusBars:[0,159,0,0] navigationBars:[0,0,0,72] mandatorySystemGestures:[0,195,0,96] 
04-21 10:18:26.196 24966 24966 D WindowOnBackDispatcher: setTopOnBackInvokedCallback (unwrapped): android.view.ViewRootImpl$$ExternalSyntheticLambda13@9dbc828
04-21 10:18:26.199   663  1907 D WindowManager: setClientSurface Surface(name=VRI-com.aidemoi.app/com.aidemoi.app.MainActivity#1701)/@0x63e9746 for 70d2c22 com.aidemoi.app/com.aidemoi.app.MainActivity
04-21 10:18:26.200 24994 25020 E ashmem  : readlink(/proc/self/fd/104) failed: Operation not permitted
04-21 10:18:26.200 24994 25020 E ashmem  : readlink(/proc/self/fd/104) failed: Operation not permitted
04-21 10:18:26.202 10460 10671 I FontLog : (REDACTED) Pulling font file for id = %d, cache size = %d
04-21 10:18:26.205 24966 24966 I Surface : Creating surface for consumer unnamed-24966-0 with slotExpansion=1 for 64 slots
04-21 10:18:26.206 24966 24966 I Surface : Creating surface for consumer VRI[MainActivity]#0(BLAST Consumer)0 with slotExpansion=1 for 64 slots
04-21 10:18:26.209 24966 25025 E MESA    : Failed to open rendernode: No such file or directory
04-21 10:18:26.212 24966 25025 W libc    : Access denied finding property "vendor.mesa.vk.wsi.headless.swa"
04-21 10:18:26.212 24966 25025 E MESA    : Failed to open rendernode: No such file or directory
04-21 10:18:26.213 24966 25025 E MESA    : Failed to open rendernode: No such file or directory
04-21 10:18:26.217 10460 10671 I FontLog : (REDACTED) Received query %s, URI %s
04-21 10:18:26.217 10460 10671 I FontLog : (REDACTED) Query [%s] resolved to %s
04-21 10:18:26.218 10460 10671 I FontLog : (REDACTED) Font PFD returned from cache for %s
04-21 10:18:26.218 10460 10671 I FontLog : (REDACTED) Fetch %s end status %s
04-21 10:18:26.221 10460 10671 I FontLog : (REDACTED) Pulling font file for id = %d, cache size = %d
04-21 10:18:26.226   663  1915 D CoreBackPreview: Window{70d2c22 u0 com.aidemoi.app/com.aidemoi.app.MainActivity}: Setting back callback OnBackInvokedCallbackInfo{mCallback=android.window.IOnBackInvokedCallback$Stub$Proxy@c9109a0, mPriority=0, mIsAnimationCallback=false, mOverrideBehavior=0}
04-21 10:18:26.253 10460 10469 I FontLog : (REDACTED) Received query %s, URI %s
04-21 10:18:26.254  1418  1418 D ScalingWorkspaceRevealAnim: onAnimationEnd, workspace and hotseat are visible
04-21 10:18:26.255  1418  1418 D BaseDepthController: mSurface is not valid
04-21 10:18:26.261 10460 10469 I FontLog : (REDACTED) Query [%s] resolved to %s
04-21 10:18:26.267 10460 10469 I FontLog : (REDACTED) Font PFD returned from cache for %s
04-21 10:18:26.268 10460 10469 I FontLog : (REDACTED) Fetch %s end status %s
04-21 10:18:26.281 10460 10671 I FontLog : (REDACTED) Pulling font file for id = %d, cache size = %d
04-21 10:18:26.299 10460 10474 I FontLog : (REDACTED) Received query %s, URI %s
04-21 10:18:26.301 10460 10474 I FontLog : (REDACTED) Query [%s] resolved to %s
04-21 10:18:26.304 10460 10474 I FontLog : (REDACTED) Font PFD returned from cache for %s
04-21 10:18:26.304 10460 10474 I FontLog : (REDACTED) Fetch %s end status %s
04-21 10:18:26.306 24966 25007 D Capacitor: Handling local request: https://localhost/AideMoi_11.html
04-21 10:18:26.323 10460 10469 I FontLog : (REDACTED) Pulling font file for id = %d, cache size = %d
04-21 10:18:26.393 24994 25020 E ashmem  : readlink(/proc/self/fd/116) failed: Operation not permitted
04-21 10:18:26.394 24994 25020 E ashmem  : readlink(/proc/self/fd/117) failed: Operation not permitted
04-21 10:18:26.394 24994 25020 E ashmem  : readlink(/proc/self/fd/119) failed: Operation not permitted
04-21 10:18:26.394 24994 25035 E ashmem  : readlink(/proc/self/fd/121) failed: Operation not permitted
04-21 10:18:26.397 24994 25035 E ashmem  : readlink(/proc/self/fd/118) failed: Operation not permitted
04-21 10:18:26.398 24994 25035 E ashmem  : readlink(/proc/self/fd/122) failed: Operation not permitted
04-21 10:18:26.420 24994 25020 E ashmem  : readlink(/proc/self/fd/123) failed: Operation not permitted
04-21 10:18:26.420 24994 25020 E ashmem  : readlink(/proc/self/fd/123) failed: Operation not permitted
04-21 10:18:26.429 24966 25005 D Capacitor: Handling local request: https://localhost/vendor/jspdf.umd.min.js
04-21 10:18:26.451 24994 25035 E chromium: [ERROR:cc/tiles/tile_manager.cc:998] WARNING: tile memory limits exceeded, some content may not draw
04-21 10:18:26.452 24994 25035 E chromium: [ERROR:cc/tiles/tile_manager.cc:998] WARNING: tile memory limits exceeded, some content may not draw
04-21 10:18:26.510 22380 22474 I PlayCommon: [108] Successfully uploaded logs.
04-21 10:18:26.515 24994 25035 E chromium: [ERROR:cc/tiles/tile_manager.cc:998] WARNING: tile memory limits exceeded, some content may not draw
04-21 10:18:26.515 24994 25035 E chromium: [ERROR:cc/tiles/tile_manager.cc:998] WARNING: tile memory limits exceeded, some content may not draw
04-21 10:18:26.523 24966 25006 D Capacitor: Handling local request: https://localhost/favicon.ico
04-21 10:18:26.526 24994 25031 E ashmem  : readlink(/proc/self/fd/123) failed: Operation not permitted
04-21 10:18:26.637 10460 10469 I FontLog : (REDACTED) Received query %s, URI %s
04-21 10:18:26.637 10460 10469 I FontLog : (REDACTED) Query [%s] resolved to %s
04-21 10:18:26.638 10460 10469 I FontLog : (REDACTED) Fetch %s end status %s
04-21 10:18:26.644 10460 10469 I FontLog : (REDACTED) Pulling font file for id = %d, cache size = %d
04-21 10:18:26.646 24966 25051 I HWUI    : Using FreeType backend (prop=Auto)
04-21 10:18:26.649 10460 10469 I FontLog : (REDACTED) Pulling font file for id = %d, cache size = %d
04-21 10:18:26.929   663  1013 I HalDevMgr: bestIfaceCreationProposal is null, requestIface=STA, existingIface=[name=wlan0 type=STA]
04-21 10:18:26.931   663  1044 I AdbWifiNetworkMonitor: Wi-Fi network available
04-21 10:18:26.931   663  1044 I AdbWifiNetworkMonitor: Received the same Wi-Fi SSID. Ignoring.
04-21 10:18:26.935 10460 10469 I NullBinder: NullBinder for android.net.action.RECOMMEND_NETWORKS triggering remote TransactionTooLargeException due to Service without Chimera impl, calling uid: 1000, calling pid: 0
04-21 10:18:26.936 10460 10469 W libbinder.Binder: Large reply transaction of 1056768 bytes, interface descriptor , function: UNKNOWN_FUNCTION_NAME, code: 1, flags: 17
04-21 10:18:26.945   663  1021 W libbinder.IPCThreadState: Sending oneway calls to frozen process.
04-21 10:18:26.945   663  1021 W libbinder.IPCThreadState: Sending oneway calls to frozen process.
04-21 10:18:26.945   663  1021 W libbinder.IPCThreadState: Sending oneway calls to frozen process.
04-21 10:18:26.945   663  1021 W libbinder.IPCThreadState: Sending oneway calls to frozen process.
04-21 10:18:26.945   663  1021 W libbinder.IPCThreadState: Sending oneway calls to frozen process.
04-21 10:18:26.946  1207  1383 D IpClient/wlan0: interfaceLinkStateChanged: ifindex 16 up
04-21 10:18:26.947  1207  1383 D IpClient/wlan0: interfaceLinkStateChanged: ifindex 16 up
04-21 10:18:26.980 24966 24972 I com.aidemoi.app: Compiler allocated 5228KB to compile void android.view.ViewRootImpl.performTraversals(long)
04-21 10:18:27.274 24994 25031 E ashmem  : readlink(/proc/self/fd/120) failed: Operation not permitted
04-21 10:18:27.277 24994 25031 E ashmem  : readlink(/proc/self/fd/124) failed: Operation not permitted
04-21 10:18:27.286 24994 25031 E ashmem  : readlink(/proc/self/fd/125) failed: Operation not permitted
04-21 10:18:27.306   663   688 I ActivityTaskManager: Displayed com.aidemoi.app/.MainActivity for user 0: +2s67ms
04-21 10:18:27.306  1418  1418 D BaseActivity: Launcher flags updated: [] -[state_started]
04-21 10:18:27.306  1418  1418 D BaseDepthController: setSurface:
04-21 10:18:27.306  1418  1418 D BaseDepthController: 	mWaitingOnSurfaceValidity: true
04-21 10:18:27.306  1418  1418 D BaseDepthController: 	mBaseSurface: null
04-21 10:18:27.306  1418  1418 D BaseDepthController: mSurface is null and mCurrentBlur is: 0
04-21 10:18:27.306  1418  1418 D BaseDepthController: setEarlyWakeup: false
04-21 10:18:27.309  1418  1418 D LauncherStateManager: StateManager.goToState: fromState: Normal, toState: Normal, partial trace:
04-21 10:18:27.309  1418  1418 D LauncherStateManager: 	at com.android.launcher3.statemanager.StateManager.moveToRestState(go/retraceme 7226a759aa2bb3787a79806f85d80eaad84f1f1e15acd6db988f2df789d1680d:26)
04-21 10:18:27.309  1418  1418 D LauncherStateManager: 	at com.android.launcher3.statemanager.StateManager.moveToRestState(go/retraceme 7226a759aa2bb3787a79806f85d80eaad84f1f1e15acd6db988f2df789d1680d:35)
04-21 10:18:27.309  1418  1418 D LauncherStateManager: 	at com.android.launcher3.statemanager.StatefulActivity.onStop(go/retraceme 7226a759aa2bb3787a79806f85d80eaad84f1f1e15acd6db988f2df789d1680d:31)
04-21 10:18:27.309  1418  1418 D LauncherStateManager: StateManager.onRepeatStateSetAborted: state: Normal
04-21 10:18:27.309  1418  1418 D KeyboardStateManager: hideKeyboard
04-21 10:18:27.309  1418  1418 D KeyboardStateManager: isImeShown: false
04-21 10:18:27.309  1418  1418 D StatsLog: LAUNCHER_ONSTOP
04-21 10:18:27.310  1418  1418 D StatsLog: LAUNCHER_GOOGLE_SEARCH_RESTORE_LIST_SIZE_AFTER_ACTIVITY_RESTART
04-21 10:18:27.325   526   577 W skia    : AGTM parsing failed flags.readFromStream(s) at 159
04-21 10:18:27.427   526   577 W skia    : AGTM parsing failed flags.readFromStream(s) at 159
04-21 10:18:27.491  1112  1244 D WindowOnBackDispatcher: setTopOnBackInvokedCallback (unwrapped): null
04-21 10:18:27.491   663  1914 D CoreBackPreview: Window{1fc1587 u0 Splash Screen com.aidemoi.app}: Setting back callback null
04-21 10:18:28.845  1351  1351 I wpa_supplicant: wlan0: CTRL-EVENT-BEACON-LOSS 
04-21 10:18:29.261   663  3668 E TaskPersister: File error accessing recents directory (directory doesn't exist?).
04-21 10:18:29.933   663  1044 I AdbWifiNetworkMonitor: Wi-Fi network available
04-21 10:18:29.935   663  1013 I HalDevMgr: bestIfaceCreationProposal is null, requestIface=STA, existingIface=[name=wlan0 type=STA]
04-21 10:18:29.934   663  1044 I AdbWifiNetworkMonitor: Received the same Wi-Fi SSID. Ignoring.
04-21 10:18:29.938   663  1021 W libbinder.IPCThreadState: Sending oneway calls to frozen process.
04-21 10:18:29.938   663  1021 W libbinder.IPCThreadState: Sending oneway calls to frozen process.
04-21 10:18:29.938 10460 10474 I NullBinder: NullBinder for android.net.action.RECOMMEND_NETWORKS triggering remote TransactionTooLargeException due to Service without Chimera impl, calling uid: 1000, calling pid: 0
04-21 10:18:29.938 10460 10474 W libbinder.Binder: Large reply transaction of 1056768 bytes, interface descriptor , function: UNKNOWN_FUNCTION_NAME, code: 1, flags: 17
04-21 10:18:29.938   663  1021 W libbinder.IPCThreadState: Sending oneway calls to frozen process.
04-21 10:18:29.938   663  1021 W libbinder.IPCThreadState: Sending oneway calls to frozen process.
04-21 10:18:29.938   663  1021 W libbinder.IPCThreadState: Sending oneway calls to frozen process.
04-21 10:18:31.294 24966 25057 D ProfileInstaller: Installing profile for com.aidemoi.app
04-21 10:18:32.942   663  1013 I HalDevMgr: bestIfaceCreationProposal is null, requestIface=STA, existingIface=[name=wlan0 type=STA]
04-21 10:18:32.945  1207  1383 D IpClient/wlan0: interfaceLinkStateChanged: ifindex 16 up
04-21 10:18:32.950  1207  1383 D IpClient/wlan0: interfaceLinkStateChanged: ifindex 16 up
04-21 10:18:33.856  1267  1391 D SatelliteController: isInCarrierRoamingNbIotNtn: satellite is disabled
04-21 10:18:33.856  1267  1391 D SatelliteController: getCarrierRoamingNtnConnectType: Checking connect type from PLMN config for subId: 1
04-21 10:18:33.857  1267  1391 D SatelliteController: getSatellitePerPlmnConfiguration: invalid subId or not supported via carrier.
04-21 10:18:33.857  1267  1391 D SatelliteController: getCarrierRoamingNtnConnectType: config: null
04-21 10:18:33.857  1267  1391 D SatelliteController: getCarrierRoamingNtnConnectType: Falling back to global carrier config connect type: 0
04-21 10:18:33.857  1267  1391 D SatelliteController: updateLastNotifiedCarrierRoamingNtnSignalStrengthAndNotify(1)
04-21 10:18:33.857  1267  1391 D SatelliteController: updateLastNotifiedCarrierRoamingNtnSignalStrengthAndNotify(1) lastNotifiedSignalStrength level: 0
04-21 10:18:33.857  1267  1391 D SatelliteController: updateLastNotifiedCarrierRoamingNtnSignalStrengthAndNotify(1) currSignalStrength level: 0
04-21 10:18:34.472   663   679 I system_server: Background young concurrent mark compact GC freed 19MB AllocSpace bytes, 14(496KB) LOS objects, 33% free, 38MB/58MB, paused 1.673ms,28.477ms total 58.095ms
04-21 10:18:34.488   809   825 I artd    : GetBestInfo: odex next to the dex file (/data/app/~~MCflSeRUP4JJ58H5jbE3FQ==/com.google.android.gms-mwfTdE9JFJYczWvAS_zFKg==/oat/x86_64/base.odex) is kOatUpToDate with filter 'speed-profile' executable 'false'
04-21 10:18:34.489   809   825 I artd    : GetBestInfo: dm (/data/app/~~MCflSeRUP4JJ58H5jbE3FQ==/com.google.android.gms-mwfTdE9JFJYczWvAS_zFKg==/split_AdsDynamite_installtime.dm) is kOatUpToDate with filter 'verify' executable 'false'
04-21 10:18:34.490   809   825 I artd    : GetBestInfo: dm (/data/app/~~MCflSeRUP4JJ58H5jbE3FQ==/com.google.android.gms-mwfTdE9JFJYczWvAS_zFKg==/split_CronetDynamite_installtime.dm) is kOatUpToDate with filter 'verify' executable 'false'
04-21 10:18:34.492   809   825 I artd    : GetBestInfo: dm (/data/app/~~MCflSeRUP4JJ58H5jbE3FQ==/com.google.android.gms-mwfTdE9JFJYczWvAS_zFKg==/split_DynamiteLoader_installtime.dm) is kOatUpToDate with filter 'verify' executable 'false'
04-21 10:18:34.492   809   825 I artd    : GetBestInfo: dm (/data/app/~~MCflSeRUP4JJ58H5jbE3FQ==/com.google.android.gms-mwfTdE9JFJYczWvAS_zFKg==/split_DynamiteModulesA_installtime.dm) is kOatUpToDate with filter 'verify' executable 'false'
04-21 10:18:34.493   809   825 I artd    : GetBestInfo: dm (/data/app/~~MCflSeRUP4JJ58H5jbE3FQ==/com.google.android.gms-mwfTdE9JFJYczWvAS_zFKg==/split_DynamiteModulesC_installtime.dm) is kOatUpToDate with filter 'verify' executable 'false'
04-21 10:18:34.495   809   825 I artd    : GetBestInfo: dm (/data/app/~~MCflSeRUP4JJ58H5jbE3FQ==/com.google.android.gms-mwfTdE9JFJYczWvAS_zFKg==/split_GoogleCertificates_installtime.dm) is kOatUpToDate with filter 'verify' executable 'false'
04-21 10:18:34.496   809   825 I artd    : GetBestInfo: dm (/data/app/~~MCflSeRUP4JJ58H5jbE3FQ==/com.google.android.gms-mwfTdE9JFJYczWvAS_zFKg==/split_MapsDynamite_installtime.dm) is kOatUpToDate with filter 'verify' executable 'false'
04-21 10:18:34.497   809   825 I artd    : GetBestInfo: dm (/data/app/~~MCflSeRUP4JJ58H5jbE3FQ==/com.google.android.gms-mwfTdE9JFJYczWvAS_zFKg==/split_MeasurementDynamite_installtime.dm) is kOatUpToDate with filter 'verify' executable 'false'
04-21 10:18:34.499   809   825 I artd    : GetBestInfo: /data/user_de/0/com.google.android.gms/app_chimera/m/00000008/dl-Appsearch.optional_260235100800.apk has no usable artifacts
04-21 10:18:34.499   809   825 I artd    : GetBestInfo: /data/user_de/0/com.google.android.gms/app_chimera/m/00000001/CronetDynamite.apk has no usable artifacts
04-21 10:18:34.500   809   825 I artd    : GetBestInfo: /data/user_de/0/com.google.android.gms/app_chimera/m/00000013/dl-MlkitOcrCommon.optional_261332100800.apk has no usable artifacts
04-21 10:18:34.501   809   825 I artd    : GetBestInfo: /data/user_de/0/com.google.android.gms/app_chimera/m/0000000d/dl-VisionOcr.optional_260235100000.apk has no usable artifacts
04-21 10:18:34.502   809   825 I artd    : GetBestInfo: /data/user_de/0/com.google.android.gms/app_chimera/m/00000002/DynamiteLoader.apk has no usable artifacts
04-21 10:18:34.502   809   825 I artd    : GetBestInfo: /data/user_de/0/com.google.android.gms/app_chimera/m/0000000f/dl-TfliteDynamiteDynamite.integ_252130102100800.apk has no usable artifacts
04-21 10:18:34.504   809   825 I artd    : GetBestInfo: /data/user_de/0/com.google.android.gms/app_chimera/m/0000000e/dl-MlkitOcrCommon.optional_260235100800.apk has no usable artifacts
04-21 10:18:34.504   809   825 I artd    : GetBestInfo: /data/user_de/0/com.google.android.gms/app_chimera/m/00000005/GoogleCertificates.apk has no usable artifacts
04-21 10:18:34.505   809   825 I artd    : GetBestInfo: /data/user_de/0/com.google.android.gms/app_chimera/m/00000012/dl-MlkitBarcodeUi.optional_261332100800.apk has no usable artifacts
04-21 10:18:34.506   809   825 I artd    : GetBestInfo: /data/user_de/0/com.google.android.gms/app_chimera/m/00000010/dl-VisionOcr.optional_261332100000.apk has no usable artifacts
04-21 10:18:34.507   809   825 I artd    : GetBestInfo: /data/user_de/0/com.google.android.gms/app_chimera/m/00000009/dl-TfliteDynamiteDynamite.integ_243930802100800.apk has no usable artifacts
04-21 10:18:34.509   809   825 I artd    : GetBestInfo: /data/user_de/0/com.google.android.gms/app_chimera/m/00000011/dl-Appsearch.optional_261332100800.apk has no usable artifacts
04-21 10:18:34.510   809   825 I artd    : GetBestInfo: vdex next to the dex file (/data/user/0/com.google.android.gms/app_dg_cache/CE973E4DE823F0AA69070767A9FABB590DDD455C/oat/x86_64/the.vdex) is kOatUpToDate with filter 'verify' executable 'false'
04-21 10:18:34.511   809   825 I artd    : GetBestInfo: /data/user_de/0/com.google.android.gms/app_chimera/m/00000007/MeasurementDynamite.apk has no usable artifacts
04-21 10:18:34.513   809   825 I artd    : GetBestInfo: /data/user_de/0/com.google.android.gms/app_chimera/m/0000000a/dl-MlkitBarcodeUi.optional_260235100800.apk has no usable artifacts
04-21 10:18:35.401   663   771 D ActivityManager: freezing 22380 com.android.vending
04-21 10:18:35.403   663  1021 D InetDiagMessage: Destroyed 0 sockets, proto=IPPROTO_TCP, family=AF_INET, states=14
04-21 10:18:35.404   663  1021 D InetDiagMessage: Destroyed 0 sockets, proto=IPPROTO_TCP, family=AF_INET6, states=14
04-21 10:18:35.404   663  1021 D InetDiagMessage: Destroyed live tcp sockets for uids={10154} in 1ms
04-21 10:18:35.945   663  1013 I HalDevMgr: bestIfaceCreationProposal is null, requestIface=STA, existingIface=[name=wlan0 type=STA]
04-21 10:18:36.781  1351  1351 I wpa_supplicant: wlan0: CTRL-EVENT-BEACON-LOSS 
04-21 10:18:38.950   663  1013 I HalDevMgr: bestIfaceCreationProposal is null, requestIface=STA, existingIface=[name=wlan0 type=STA]
04-21 10:18:38.953  1207  1383 D IpClient/wlan0: interfaceLinkStateChanged: ifindex 16 up
04-21 10:18:38.959  1207  1383 D IpClient/wlan0: interfaceLinkStateChanged: ifindex 16 up
04-21 10:18:41.278   663  1915 D CompatChangeReporter: Compat change id reported: 261072174; UID 10230; state: ENABLED
04-21 10:18:41.278   663  1915 W ProcessStats: Tracking association SourceState{2e311ac com.aidemoi.app/10230 BTop #12953} whose proc state 2 is better than process ProcessState{a07c8fb com.google.android.gms/10220 pkg=com.google.android.gms} proc state 14 (8 skipped)
04-21 10:18:41.279 16664 16664 D BoundBrokerSvc: onUnbind: Intent { act=com.google.android.gms.safetynet.service.START xflg=0x4 pkg=com.google.android.gms }
04-21 10:18:41.318 16664 16664 D BoundBrokerSvc: onUnbind: Intent { act=com.google.android.gms.safebrowsing.SafeBrowsingService.START dat=chimera-action:/... xflg=0x4 cmp=com.google.android.gms/.chimera.GmsBoundBrokerService }
04-21 10:18:41.956   663  1013 I HalDevMgr: bestIfaceCreationProposal is null, requestIface=STA, existingIface=[name=wlan0 type=STA]
04-21 10:18:41.957   663  1044 I AdbWifiNetworkMonitor: Wi-Fi network available
04-21 10:18:41.957   663  1044 I AdbWifiNetworkMonitor: Received the same Wi-Fi SSID. Ignoring.
04-21 10:18:41.958   663  1021 W libbinder.IPCThreadState: Sending oneway calls to frozen process.
04-21 10:18:41.958   663  1021 W libbinder.IPCThreadState: Sending oneway calls to frozen process.
04-21 10:18:41.958   663  1021 W libbinder.IPCThreadState: Sending oneway calls to frozen process.
04-21 10:18:41.960 10460 10469 I NullBinder: NullBinder for android.net.action.RECOMMEND_NETWORKS triggering remote TransactionTooLargeException due to Service without Chimera impl, calling uid: 1000, calling pid: 0
04-21 10:18:41.960 10460 10469 W libbinder.Binder: Large reply transaction of 1056768 bytes, interface descriptor , function: UNKNOWN_FUNCTION_NAME, code: 1, flags: 17
04-21 10:18:43.854  1267  1391 D SatelliteController: isInCarrierRoamingNbIotNtn: satellite is disabled
04-21 10:18:43.855  1267  1391 D SatelliteController: getCarrierRoamingNtnConnectType: Checking connect type from PLMN config for subId: 1
04-21 10:18:43.858  1267  1391 D SatelliteController: getSatellitePerPlmnConfiguration: invalid subId or not supported via carrier.
04-21 10:18:43.858  1267  1391 D SatelliteController: getCarrierRoamingNtnConnectType: config: null
04-21 10:18:43.858  1267  1391 D SatelliteController: getCarrierRoamingNtnConnectType: Falling back to global carrier config connect type: 0
04-21 10:18:43.859  1267  1391 D SatelliteController: updateLastNotifiedCarrierRoamingNtnSignalStrengthAndNotify(1)
04-21 10:18:43.859  1267  1391 D SatelliteController: updateLastNotifiedCarrierRoamingNtnSignalStrengthAndNotify(1) lastNotifiedSignalStrength level: 0
04-21 10:18:43.859  1267  1391 D SatelliteController: updateLastNotifiedCarrierRoamingNtnSignalStrengthAndNotify(1) currSignalStrength level: 0
04-21 10:18:44.491   809   823 I artd    : GetBestInfo: odex next to the dex file (/data/app/~~MCflSeRUP4JJ58H5jbE3FQ==/com.google.android.gms-mwfTdE9JFJYczWvAS_zFKg==/oat/x86_64/base.odex) is kOatUpToDate with filter 'speed-profile' executable 'false'
04-21 10:18:44.492   809   823 I artd    : GetBestInfo: dm (/data/app/~~MCflSeRUP4JJ58H5jbE3FQ==/com.google.android.gms-mwfTdE9JFJYczWvAS_zFKg==/split_AdsDynamite_installtime.dm) is kOatUpToDate with filter 'verify' executable 'false'
04-21 10:18:44.494   809   823 I artd    : GetBestInfo: dm (/data/app/~~MCflSeRUP4JJ58H5jbE3FQ==/com.google.android.gms-mwfTdE9JFJYczWvAS_zFKg==/split_CronetDynamite_installtime.dm) is kOatUpToDate with filter 'verify' executable 'false'
04-21 10:18:44.495   809   823 I artd    : GetBestInfo: dm (/data/app/~~MCflSeRUP4JJ58H5jbE3FQ==/com.google.android.gms-mwfTdE9JFJYczWvAS_zFKg==/split_DynamiteLoader_installtime.dm) is kOatUpToDate with filter 'verify' executable 'false'
04-21 10:18:44.497   809   823 I artd    : GetBestInfo: dm (/data/app/~~MCflSeRUP4JJ58H5jbE3FQ==/com.google.android.gms-mwfTdE9JFJYczWvAS_zFKg==/split_DynamiteModulesA_installtime.dm) is kOatUpToDate with filter 'verify' executable 'false'
04-21 10:18:44.498   809   823 I artd    : GetBestInfo: dm (/data/app/~~MCflSeRUP4JJ58H5jbE3FQ==/com.google.android.gms-mwfTdE9JFJYczWvAS_zFKg==/split_DynamiteModulesC_installtime.dm) is kOatUpToDate with filter 'verify' executable 'false'
04-21 10:18:44.499   809   823 I artd    : GetBestInfo: dm (/data/app/~~MCflSeRUP4JJ58H5jbE3FQ==/com.google.android.gms-mwfTdE9JFJYczWvAS_zFKg==/split_GoogleCertificates_installtime.dm) is kOatUpToDate with filter 'verify' executable 'false'
04-21 10:18:44.500   809   823 I artd    : GetBestInfo: dm (/data/app/~~MCflSeRUP4JJ58H5jbE3FQ==/com.google.android.gms-mwfTdE9JFJYczWvAS_zFKg==/split_MapsDynamite_installtime.dm) is kOatUpToDate with filter 'verify' executable 'false'
04-21 10:18:44.503   809   823 I artd    : GetBestInfo: dm (/data/app/~~MCflSeRUP4JJ58H5jbE3FQ==/com.google.android.gms-mwfTdE9JFJYczWvAS_zFKg==/split_MeasurementDynamite_installtime.dm) is kOatUpToDate with filter 'verify' executable 'false'
04-21 10:18:44.505   809   823 I artd    : GetBestInfo: /data/user_de/0/com.google.android.gms/app_chimera/m/00000008/dl-Appsearch.optional_260235100800.apk has no usable artifacts
04-21 10:18:44.506   809   823 I artd    : GetBestInfo: /data/user_de/0/com.google.android.gms/app_chimera/m/00000001/CronetDynamite.apk has no usable artifacts
04-21 10:18:44.507   809   823 I artd    : GetBestInfo: /data/user_de/0/com.google.android.gms/app_chimera/m/00000013/dl-MlkitOcrCommon.optional_261332100800.apk has no usable artifacts
04-21 10:18:44.509   809   823 I artd    : GetBestInfo: /data/user_de/0/com.google.android.gms/app_chimera/m/0000000d/dl-VisionOcr.optional_260235100000.apk has no usable artifacts
04-21 10:18:44.509   809   823 I artd    : GetBestInfo: /data/user_de/0/com.google.android.gms/app_chimera/m/00000002/DynamiteLoader.apk has no usable artifacts
04-21 10:18:44.511   809   823 I artd    : GetBestInfo: /data/user_de/0/com.google.android.gms/app_chimera/m/0000000f/dl-TfliteDynamiteDynamite.integ_252130102100800.apk has no usable artifacts
04-21 10:18:44.514   809   825 I artd    : GetBestInfo: /data/user_de/0/com.google.android.gms/app_chimera/m/0000000e/dl-MlkitOcrCommon.optional_260235100800.apk has no usable artifacts
04-21 10:18:44.515   809   825 I artd    : GetBestInfo: /data/user_de/0/com.google.android.gms/app_chimera/m/00000005/GoogleCertificates.apk has no usable artifacts
04-21 10:18:44.516   809   825 I artd    : GetBestInfo: /data/user_de/0/com.google.android.gms/app_chimera/m/00000012/dl-MlkitBarcodeUi.optional_261332100800.apk has no usable artifacts
04-21 10:18:44.518   809   825 I artd    : GetBestInfo: /data/user_de/0/com.google.android.gms/app_chimera/m/00000010/dl-VisionOcr.optional_261332100000.apk has no usable artifacts
04-21 10:18:44.520   809   825 I artd    : GetBestInfo: /data/user_de/0/com.google.android.gms/app_chimera/m/00000009/dl-TfliteDynamiteDynamite.integ_243930802100800.apk has no usable artifacts
04-21 10:18:44.522   809   825 I artd    : GetBestInfo: /data/user_de/0/com.google.android.gms/app_chimera/m/00000011/dl-Appsearch.optional_261332100800.apk has no usable artifacts
04-21 10:18:44.524   809   825 I artd    : GetBestInfo: vdex next to the dex file (/data/user/0/com.google.android.gms/app_dg_cache/CE973E4DE823F0AA69070767A9FABB590DDD455C/oat/x86_64/the.vdex) is kOatUpToDate with filter 'verify' executable 'false'
04-21 10:18:44.524   809   825 I artd    : GetBestInfo: /data/user_de/0/com.google.android.gms/app_chimera/m/00000007/MeasurementDynamite.apk has no usable artifacts
04-21 10:18:44.526   809   825 I artd    : GetBestInfo: /data/user_de/0/com.google.android.gms/app_chimera/m/0000000a/dl-MlkitBarcodeUi.optional_260235100800.apk has no usable artifacts
04-21 10:18:44.960   663  1013 I HalDevMgr: bestIfaceCreationProposal is null, requestIface=STA, existingIface=[name=wlan0 type=STA]
04-21 10:18:44.973  1351  1351 I wpa_supplicant: wlan0: CTRL-EVENT-BEACON-LOSS 
04-21 10:18:47.965   663  1013 I HalDevMgr: bestIfaceCreationProposal is null, requestIface=STA, existingIface=[name=wlan0 type=STA]
04-21 10:18:48.842 24966 24973 I com.aidemoi.app: Background concurrent mark compact GC freed 4900KB AllocSpace bytes, 29(1344KB) LOS objects, 49% free, 4128KB/8256KB, paused 81us,9.968ms total 71.604ms
04-21 10:18:50.974   663  1013 I HalDevMgr: bestIfaceCreationProposal is null, requestIface=STA, existingIface=[name=wlan0 type=STA]
04-21 10:18:51.372   663   771 D ActivityManager: freezing 16664 com.google.android.gms
04-21 10:18:52.908  1351  1351 I wpa_supplicant: wlan0: CTRL-EVENT-BEACON-LOSS 
04-21 10:18:53.855  1267  1391 D SatelliteController: isInCarrierRoamingNbIotNtn: satellite is disabled
04-21 10:18:53.855  1267  1391 D SatelliteController: getCarrierRoamingNtnConnectType: Checking connect type from PLMN config for subId: 1
04-21 10:18:53.856  1267  1391 D SatelliteController: getSatellitePerPlmnConfiguration: invalid subId or not supported via carrier.
04-21 10:18:53.856  1267  1391 D SatelliteController: getCarrierRoamingNtnConnectType: config: null
04-21 10:18:53.856  1267  1391 D SatelliteController: getCarrierRoamingNtnConnectType: Falling back to global carrier config connect type: 0
04-21 10:18:53.856  1267  1391 D SatelliteController: updateLastNotifiedCarrierRoamingNtnSignalStrengthAndNotify(1)
04-21 10:18:53.856  1267  1391 D SatelliteController: updateLastNotifiedCarrierRoamingNtnSignalStrengthAndNotify(1) lastNotifiedSignalStrength level: 0
04-21 10:18:53.856  1267  1391 D SatelliteController: updateLastNotifiedCarrierRoamingNtnSignalStrengthAndNotify(1) currSignalStrength level: 0
04-21 10:18:53.896   663  1081 D androidtc: Initializing SystemTextClassifier, type = System
04-21 10:18:53.898  4141  4141 I AiAiTextClassifier: onCreateTextClassificationSession = TextClassificationSessionId {4e60919d-0cd7-47c7-b390-bdab7acb86ad}
04-21 10:18:53.904  1112  1112 I ClipboardListener: Clipboard overlay suppressed.
04-21 10:18:53.905  4141  4276 I AiAiTranslate: C2T - not in a conversation
04-21 10:18:53.921  1112  1112 I ClipboardListener: Clipboard overlay suppressed.
04-21 10:18:53.982   663  1013 I HalDevMgr: bestIfaceCreationProposal is null, requestIface=STA, existingIface=[name=wlan0 type=STA]
04-21 10:18:53.982   663  1044 I AdbWifiNetworkMonitor: Wi-Fi network available
04-21 10:18:53.982   663  1044 I AdbWifiNetworkMonitor: Received the same Wi-Fi SSID. Ignoring.
04-21 10:18:53.986   663  1021 W libbinder.IPCThreadState: Sending oneway calls to frozen process.
04-21 10:18:53.986   663  1021 W libbinder.IPCThreadState: Sending oneway calls to frozen process.
04-21 10:18:53.986   663  1021 W libbinder.IPCThreadState: Sending oneway calls to frozen process.
04-21 10:18:53.986   663  1021 W libbinder.IPCThreadState: Sending oneway calls to frozen process.
04-21 10:18:53.987   663  1021 W libbinder.IPCThreadState: Sending oneway calls to frozen process.
04-21 10:18:53.987   663  1021 W libbinder.IPCThreadState: Sending oneway calls to frozen process.
04-21 10:18:53.987 10460 11050 I NullBinder: NullBinder for android.net.action.RECOMMEND_NETWORKS triggering remote TransactionTooLargeException due to Service without Chimera impl, calling uid: 1000, calling pid: 0
04-21 10:18:53.987 10460 11050 W libbinder.Binder: Large reply transaction of 1056768 bytes, interface descriptor , function: UNKNOWN_FUNCTION_NAME, code: 1, flags: 17
04-21 10:18:54.480   809   825 I artd    : GetBestInfo: odex next to the dex file (/data/app/~~MCflSeRUP4JJ58H5jbE3FQ==/com.google.android.gms-mwfTdE9JFJYczWvAS_zFKg==/oat/x86_64/base.odex) is kOatUpToDate with filter 'speed-profile' executable 'false'
04-21 10:18:54.481   809   825 I artd    : GetBestInfo: dm (/data/app/~~MCflSeRUP4JJ58H5jbE3FQ==/com.google.android.gms-mwfTdE9JFJYczWvAS_zFKg==/split_AdsDynamite_installtime.dm) is kOatUpToDate with filter 'verify' executable 'false'
04-21 10:18:54.482   809   825 I artd    : GetBestInfo: dm (/data/app/~~MCflSeRUP4JJ58H5jbE3FQ==/com.google.android.gms-mwfTdE9JFJYczWvAS_zFKg==/split_CronetDynamite_installtime.dm) is kOatUpToDate with filter 'verify' executable 'false'
04-21 10:18:54.483   809   825 I artd    : GetBestInfo: dm (/data/app/~~MCflSeRUP4JJ58H5jbE3FQ==/com.google.android.gms-mwfTdE9JFJYczWvAS_zFKg==/split_DynamiteLoader_installtime.dm) is kOatUpToDate with filter 'verify' executable 'false'
04-21 10:18:54.484   809   825 I artd    : GetBestInfo: dm (/data/app/~~MCflSeRUP4JJ58H5jbE3FQ==/com.google.android.gms-mwfTdE9JFJYczWvAS_zFKg==/split_DynamiteModulesA_installtime.dm) is kOatUpToDate with filter 'verify' executable 'false'
04-21 10:18:54.487   809   825 I artd    : GetBestInfo: dm (/data/app/~~MCflSeRUP4JJ58H5jbE3FQ==/com.google.android.gms-mwfTdE9JFJYczWvAS_zFKg==/split_DynamiteModulesC_installtime.dm) is kOatUpToDate with filter 'verify' executable 'false'
04-21 10:18:54.488   809   825 I artd    : GetBestInfo: dm (/data/app/~~MCflSeRUP4JJ58H5jbE3FQ==/com.google.android.gms-mwfTdE9JFJYczWvAS_zFKg==/split_GoogleCertificates_installtime.dm) is kOatUpToDate with filter 'verify' executable 'false'
04-21 10:18:54.490   809   825 I artd    : GetBestInfo: dm (/data/app/~~MCflSeRUP4JJ58H5jbE3FQ==/com.google.android.gms-mwfTdE9JFJYczWvAS_zFKg==/split_MapsDynamite_installtime.dm) is kOatUpToDate with filter 'verify' executable 'false'
04-21 10:18:54.491   809   825 I artd    : GetBestInfo: dm (/data/app/~~MCflSeRUP4JJ58H5jbE3FQ==/com.google.android.gms-mwfTdE9JFJYczWvAS_zFKg==/split_MeasurementDynamite_installtime.dm) is kOatUpToDate with filter 'verify' executable 'false'
04-21 10:18:54.493   809   825 I artd    : GetBestInfo: /data/user_de/0/com.google.android.gms/app_chimera/m/00000008/dl-Appsearch.optional_260235100800.apk has no usable artifacts
04-21 10:18:54.493   809   825 I artd    : GetBestInfo: /data/user_de/0/com.google.android.gms/app_chimera/m/00000001/CronetDynamite.apk has no usable artifacts
04-21 10:18:54.494   809   825 I artd    : GetBestInfo: /data/user_de/0/com.google.android.gms/app_chimera/m/00000013/dl-MlkitOcrCommon.optional_261332100800.apk has no usable artifacts
04-21 10:18:54.496   809   825 I artd    : GetBestInfo: /data/user_de/0/com.google.android.gms/app_chimera/m/0000000d/dl-VisionOcr.optional_260235100000.apk has no usable artifacts
04-21 10:18:54.496   809   825 I artd    : GetBestInfo: /data/user_de/0/com.google.android.gms/app_chimera/m/00000002/DynamiteLoader.apk has no usable artifacts
04-21 10:18:54.497   809   825 I artd    : GetBestInfo: /data/user_de/0/com.google.android.gms/app_chimera/m/0000000f/dl-TfliteDynamiteDynamite.integ_252130102100800.apk has no usable artifacts
04-21 10:18:54.500   809   825 I artd    : GetBestInfo: /data/user_de/0/com.google.android.gms/app_chimera/m/0000000e/dl-MlkitOcrCommon.optional_260235100800.apk has no usable artifacts
04-21 10:18:54.500   809   825 I artd    : GetBestInfo: /data/user_de/0/com.google.android.gms/app_chimera/m/00000005/GoogleCertificates.apk has no usable artifacts
04-21 10:18:54.501   809   825 I artd    : GetBestInfo: /data/user_de/0/com.google.android.gms/app_chimera/m/00000012/dl-MlkitBarcodeUi.optional_261332100800.apk has no usable artifacts
04-21 10:18:54.503   809   825 I artd    : GetBestInfo: /data/user_de/0/com.google.android.gms/app_chimera/m/00000010/dl-VisionOcr.optional_261332100000.apk has no usable artifacts
04-21 10:18:54.505   809   825 I artd    : GetBestInfo: /data/user_de/0/com.google.android.gms/app_chimera/m/00000009/dl-TfliteDynamiteDynamite.integ_243930802100800.apk has no usable artifacts
04-21 10:18:54.506   809   825 I artd    : GetBestInfo: /data/user_de/0/com.google.android.gms/app_chimera/m/00000011/dl-Appsearch.optional_261332100800.apk has no usable artifacts
04-21 10:18:54.507   809   825 I artd    : GetBestInfo: vdex next to the dex file (/data/user/0/com.google.android.gms/app_dg_cache/CE973E4DE823F0AA69070767A9FABB590DDD455C/oat/x86_64/the.vdex) is kOatUpToDate with filter 'verify' executable 'false'
04-21 10:18:54.508   809   825 I artd    : GetBestInfo: /data/user_de/0/com.google.android.gms/app_chimera/m/00000007/MeasurementDynamite.apk has no usable artifacts
04-21 10:18:54.509   809   825 I artd    : GetBestInfo: /data/user_de/0/com.google.android.gms/app_chimera/m/0000000a/dl-MlkitBarcodeUi.optional_260235100800.apk has no usable artifacts
04-21 10:18:56.985   663  1013 I HalDevMgr: bestIfaceCreationProposal is null, requestIface=STA, existingIface=[name=wlan0 type=STA]
04-21 10:18:57.305 24994 25035 E ashmem  : readlink(/proc/self/fd/117) failed: Operation not permitted
04-21 10:18:59.992   663  1013 I HalDevMgr: bestIfaceCreationProposal is null, requestIface=STA, existingIface=[name=wlan0 type=STA]
04-21 10:19:00.845  1351  1351 I wpa_supplicant: wlan0: CTRL-EVENT-BEACON-LOSS 
04-21 10:19:02.999   663  1013 I HalDevMgr: bestIfaceCreationProposal is null, requestIface=STA, existingIface=[name=wlan0 type=STA]
04-21 10:19:03.856  1267  1391 D SatelliteController: isInCarrierRoamingNbIotNtn: satellite is disabled
04-21 10:19:03.856  1267  1391 D SatelliteController: getCarrierRoamingNtnConnectType: Checking connect type from PLMN config for subId: 1
04-21 10:19:03.857  1267  1391 D SatelliteController: getSatellitePerPlmnConfiguration: invalid subId or not supported via carrier.
04-21 10:19:03.857  1267  1391 D SatelliteController: getCarrierRoamingNtnConnectType: config: null
04-21 10:19:03.857  1267  1391 D SatelliteController: getCarrierRoamingNtnConnectType: Falling back to global carrier config connect type: 0
04-21 10:19:03.857  1267  1391 D SatelliteController: updateLastNotifiedCarrierRoamingNtnSignalStrengthAndNotify(1)
04-21 10:19:03.857  1267  1391 D SatelliteController: updateLastNotifiedCarrierRoamingNtnSignalStrengthAndNotify(1) lastNotifiedSignalStrength level: 0
04-21 10:19:03.857  1267  1391 D SatelliteController: updateLastNotifiedCarrierRoamingNtnSignalStrengthAndNotify(1) currSignalStrength level: 0
04-21 10:19:04.483   809   825 I artd    : GetBestInfo: odex next to the dex file (/data/app/~~MCflSeRUP4JJ58H5jbE3FQ==/com.google.android.gms-mwfTdE9JFJYczWvAS_zFKg==/oat/x86_64/base.odex) is kOatUpToDate with filter 'speed-profile' executable 'false'
04-21 10:19:04.485   809   825 I artd    : GetBestInfo: dm (/data/app/~~MCflSeRUP4JJ58H5jbE3FQ==/com.google.android.gms-mwfTdE9JFJYczWvAS_zFKg==/split_AdsDynamite_installtime.dm) is kOatUpToDate with filter 'verify' executable 'false'
04-21 10:19:04.487   809   825 I artd    : GetBestInfo: dm (/data/app/~~MCflSeRUP4JJ58H5jbE3FQ==/com.google.android.gms-mwfTdE9JFJYczWvAS_zFKg==/split_CronetDynamite_installtime.dm) is kOatUpToDate with filter 'verify' executable 'false'
04-21 10:19:04.488   809   825 I artd    : GetBestInfo: dm (/data/app/~~MCflSeRUP4JJ58H5jbE3FQ==/com.google.android.gms-mwfTdE9JFJYczWvAS_zFKg==/split_DynamiteLoader_installtime.dm) is kOatUpToDate with filter 'verify' executable 'false'
04-21 10:19:04.490   809   825 I artd    : GetBestInfo: dm (/data/app/~~MCflSeRUP4JJ58H5jbE3FQ==/com.google.android.gms-mwfTdE9JFJYczWvAS_zFKg==/split_DynamiteModulesA_installtime.dm) is kOatUpToDate with filter 'verify' executable 'false'
04-21 10:19:04.491   809   823 I artd    : GetBestInfo: dm (/data/app/~~MCflSeRUP4JJ58H5jbE3FQ==/com.google.android.gms-mwfTdE9JFJYczWvAS_zFKg==/split_DynamiteModulesC_installtime.dm) is kOatUpToDate with filter 'verify' executable 'false'
04-21 10:19:04.492   809   823 I artd    : GetBestInfo: dm (/data/app/~~MCflSeRUP4JJ58H5jbE3FQ==/com.google.android.gms-mwfTdE9JFJYczWvAS_zFKg==/split_GoogleCertificates_installtime.dm) is kOatUpToDate with filter 'verify' executable 'false'
04-21 10:19:04.493   809   823 I artd    : GetBestInfo: dm (/data/app/~~MCflSeRUP4JJ58H5jbE3FQ==/com.google.android.gms-mwfTdE9JFJYczWvAS_zFKg==/split_MapsDynamite_installtime.dm) is kOatUpToDate with filter 'verify' executable 'false'
04-21 10:19:04.494   809   823 I artd    : GetBestInfo: dm (/data/app/~~MCflSeRUP4JJ58H5jbE3FQ==/com.google.android.gms-mwfTdE9JFJYczWvAS_zFKg==/split_MeasurementDynamite_installtime.dm) is kOatUpToDate with filter 'verify' executable 'false'
04-21 10:19:04.495   809   823 I artd    : GetBestInfo: /data/user_de/0/com.google.android.gms/app_chimera/m/00000008/dl-Appsearch.optional_260235100800.apk has no usable artifacts
04-21 10:19:04.496   809   823 I artd    : GetBestInfo: /data/user_de/0/com.google.android.gms/app_chimera/m/00000001/CronetDynamite.apk has no usable artifacts
